C:\Users\G SHIVA\Documents\MCUXpressoIDE_25.6.136\workspace\traffic_light_cmsis_button_toggle_led\CMSIS/core_cm33.h:2555:22:__NVIC_SetPriority	16	static
C:\Users\G SHIVA\Documents\MCUXpressoIDE_25.6.136\workspace\traffic_light_cmsis_button_toggle_led\CMSIS/core_cm33.h:3108:26:SysTick_Config	16	static
C:\Users\G SHIVA\Documents\MCUXpressoIDE_25.6.136\workspace\traffic_light_cmsis_button_toggle_led\drivers/fsl_gpio.h:345:20:GPIO_PinWrite	24	static
../source/cmsis_button_toggle_led.c:41:6:SysTick_Handler	4	static
../source/cmsis_button_toggle_led.c:46:13:BUTTON_EventCallback	24	static
../source/cmsis_button_toggle_led.c:74:6:SetTrafficLight	16	static
../source/cmsis_button_toggle_led.c:101:5:main	8	static
