C:\Users\G SHIVA\Documents\MCUXpressoIDE_25.6.136\workspace\baremetal_scheduler\drivers/fsl_clock.h:1234:20:CLOCK_EnableClock	24	static
C:\Users\G SHIVA\Documents\MCUXpressoIDE_25.6.136\workspace\baremetal_scheduler\drivers/fsl_port.h:360:20:PORT_SetPinConfig	32	static
../board/pin_mux.c:30:6:BOARD_InitBootPins	8	static
../board/pin_mux.c:57:6:BOARD_InitDEBUG_UARTPins	16	static
../board/pin_mux.c:134:6:BOARD_InitSWD_DEBUGPins	24	static
../board/pin_mux.c:231:6:BOARD_InitLEDsPins	24	static
../board/pin_mux.c:326:6:BOARD_InitBUTTONsPins	16	static
