C:\Users\G SHIVA\Documents\MCUXpressoIDE_25.6.136\workspace\Smart_Embedded_Dashboard\CMSIS/core_cm33.h:2358:22:__NVIC_EnableIRQ	16	static
C:\Users\G SHIVA\Documents\MCUXpressoIDE_25.6.136\workspace\Smart_Embedded_Dashboard\CMSIS/core_cm33.h:2396:22:__NVIC_DisableIRQ	16	static
../drivers/fsl_clock.h:1234:20:CLOCK_EnableClock	24	static
../drivers/fsl_clock.h:1266:20:CLOCK_DisableClock	24	static
../drivers/fsl_common_arm.h:714:24:EnableIRQ	24	static
../drivers/fsl_common_arm.h:764:24:DisableIRQ	24	static
../drivers/fsl_ctimer.h:488:24:CTIMER_GetStatusFlags	16	static
../drivers/fsl_ctimer.h:500:20:CTIMER_ClearStatusFlags	16	static
../drivers/fsl_ctimer.c:70:17:CTIMER_GetInstance	24	static
../drivers/fsl_ctimer.c:97:6:CTIMER_Init	16	static
../drivers/fsl_ctimer.c:133:6:CTIMER_Deinit	24	static
../drivers/fsl_ctimer.c:159:6:CTIMER_GetDefaultConfig	16	static
../drivers/fsl_ctimer.c:197:10:CTIMER_SetupPwm	136	static
../drivers/fsl_ctimer.c:306:10:CTIMER_SetupPwmPeriod	32	static
../drivers/fsl_ctimer.c:375:10:CTIMER_UpdatePwmDutycycle	72	static
../drivers/fsl_ctimer.c:421:6:CTIMER_SetupMatch	32	static
../drivers/fsl_ctimer.c:492:10:CTIMER_GetOutputMatchStatus	16	static
../drivers/fsl_ctimer.c:507:6:CTIMER_SetupCapture	24	static
../drivers/fsl_ctimer.c:554:6:CTIMER_RegisterCallBack	32	static
../drivers/fsl_ctimer.c:566:13:CTIMER_GenericIRQHandler	32	static
../drivers/fsl_ctimer.c:621:6:CTIMER0_DriverIRQHandler	8	static
../drivers/fsl_ctimer.c:630:6:CTIMER1_DriverIRQHandler	8	static
../drivers/fsl_ctimer.c:639:6:CTIMER2_DriverIRQHandler	8	static
../drivers/fsl_ctimer.c:648:6:CTIMER3_DriverIRQHandler	8	static
../drivers/fsl_ctimer.c:657:6:CTIMER4_DriverIRQHandler	8	static
