../drivers/fsl_clock.h:1234:20:CLOCK_EnableClock	24	static
../drivers/fsl_clock.h:1266:20:CLOCK_DisableClock	24	static
../drivers/fsl_common_arm.h:944:24:DisableGlobalIRQ	16	static
../drivers/fsl_common_arm.h:970:20:EnableGlobalIRQ	24	static
../drivers/fsl_irtc.h:514:20:IRTC_Reset	16	static
../drivers/fsl_irtc.c:66:13:IRTC_CheckDatetimeFormat	40	static
../drivers/fsl_irtc.c:102:16:IRTC_GetInstance	24	static
../drivers/fsl_irtc.c:136:10:IRTC_Init	32	static
../drivers/fsl_irtc.c:217:10:IRTC_Deinit	24	static
../drivers/fsl_irtc.c:243:6:IRTC_GetDefaultConfig	16	static
../drivers/fsl_irtc.c:286:10:IRTC_SetDatetime	24	static
../drivers/fsl_irtc.c:331:6:IRTC_GetDatetime	32	static
../drivers/fsl_irtc.c:375:10:IRTC_SetAlarm	24	static
../drivers/fsl_irtc.c:419:6:IRTC_GetAlarm	24	static
../drivers/fsl_irtc.c:452:10:IRTC_SetWriteProtection	24	static
../drivers/fsl_irtc.c:500:6:IRTC_SetDaylightTime	16	static
../drivers/fsl_irtc.c:528:6:IRTC_GetDaylightTime	24	static
../drivers/fsl_irtc.c:558:6:IRTC_SetCoarseCompensation	24	static
../drivers/fsl_irtc.c:583:6:IRTC_SetFineCompensation	16	static
../drivers/fsl_irtc.c:769:6:IRTC_ConfigClockOut	24	static
../drivers/fsl_irtc.c:806:6:IRTC_ConfigClockSelect	24	static
