C:\Users\G SHIVA\Documents\MCUXpressoIDE_25.6.136\workspace\baremetal_scheduler\drivers/fsl_common_arm.h:944:24:DisableGlobalIRQ	16	static
C:\Users\G SHIVA\Documents\MCUXpressoIDE_25.6.136\workspace\baremetal_scheduler\drivers/fsl_common_arm.h:970:20:EnableGlobalIRQ	24	static
../component/serial_manager/fsl_component_serial_manager.c:441:32:SerialManager_StartWriting	32	static
../component/serial_manager/fsl_component_serial_manager.c:503:32:SerialManager_StartReading	32	static
../component/serial_manager/fsl_component_serial_manager.c:1278:32:SerialManager_Write	32	static
../component/serial_manager/fsl_component_serial_manager.c:1295:32:SerialManager_Read	32	static
../component/serial_manager/fsl_component_serial_manager.c:1313:25:SerialManager_Init	24	static
../component/serial_manager/fsl_component_serial_manager.c:1530:25:SerialManager_Deinit	24	static
../component/serial_manager/fsl_component_serial_manager.c:1609:25:SerialManager_OpenWriteHandle	32	static
../component/serial_manager/fsl_component_serial_manager.c:1646:25:SerialManager_CloseWriteHandle	32	static
../component/serial_manager/fsl_component_serial_manager.c:1680:25:SerialManager_OpenReadHandle	32	static
../component/serial_manager/fsl_component_serial_manager.c:1720:25:SerialManager_CloseReadHandle	32	static
../component/serial_manager/fsl_component_serial_manager.c:1752:25:SerialManager_WriteBlocking	24	static
../component/serial_manager/fsl_component_serial_manager.c:1761:25:SerialManager_ReadBlocking	24	static
../component/serial_manager/fsl_component_serial_manager.c:2008:25:SerialManager_EnterLowpower	24	static
../component/serial_manager/fsl_component_serial_manager.c:2064:25:SerialManager_ExitLowpower	24	static
../component/serial_manager/fsl_component_serial_manager.c:2128:6:SerialManager_SetLowpowerCriticalCb	16	static
