C:\Users\G SHIVA\Documents\MCUXpressoIDE_25.6.136\workspace\frdmmcxn236_cmsis_button_toggle_led\CMSIS/core_cm33.h:2358:22:__NVIC_EnableIRQ	16	static
../drivers/fsl_common_arm.h:714:24:EnableIRQ	24	static
../drivers/fsl_gpio.h:345:20:GPIO_PinWrite	24	static
../drivers/fsl_gpio.h:427:24:GPIO_PinRead	16	static
../drivers/fsl_gpio.h:486:20:GPIO_SetPinInterruptConfig	24	static
../drivers/fsl_port.h:463:20:PORT_SetPinMux	24	static
../drivers/fsl_gpio_cmsis.c:71:16:CMSIS_GPIO_Setup	32	static
../drivers/fsl_gpio_cmsis.c:95:16:CMSIS_GPIO_SetDirection	24	static
../drivers/fsl_gpio_cmsis.c:109:16:CMSIS_GPIO_SetOutputMode	24	static
../drivers/fsl_gpio_cmsis.c:118:16:CMSIS_GPIO_SetPullResistor	24	static
../drivers/fsl_gpio_cmsis.c:140:16:CMSIS_GPIO_SetEventTrigger	24	static
../drivers/fsl_gpio_cmsis.c:187:13:CMSIS_GPIO_SetOutput	24	static
../drivers/fsl_gpio_cmsis.c:192:17:CMSIS_GPIO_GetInput	16	static
../drivers/fsl_gpio_cmsis.c:197:6:CMSIS_GPIO_EventIRQ	32	static
../drivers/fsl_gpio_cmsis.c:285:16:GPIO_PORT0_Setup	16	static
../drivers/fsl_gpio_cmsis.c:290:16:GPIO_PORT0_SetDirection	16	static
../drivers/fsl_gpio_cmsis.c:295:16:GPIO_PORT0_SetOutputMode	16	static
../drivers/fsl_gpio_cmsis.c:300:16:GPIO_PORT0_SetPullResistor	16	static
../drivers/fsl_gpio_cmsis.c:305:16:GPIO_PORT0_SetEventTrigger	16	static
../drivers/fsl_gpio_cmsis.c:313:17:GPIO_PORT0_GetInput	16	static
../drivers/fsl_gpio_cmsis.c:318:13:GPIO_PORT0_SetOutput	16	static
../drivers/fsl_gpio_cmsis.c:325:6:GPIO00_IRQHandler	8	static
../drivers/fsl_gpio_cmsis.c:563:16:GPIO_PORT4_Setup	16	static
../drivers/fsl_gpio_cmsis.c:568:16:GPIO_PORT4_SetDirection	16	static
../drivers/fsl_gpio_cmsis.c:573:16:GPIO_PORT4_SetOutputMode	16	static
../drivers/fsl_gpio_cmsis.c:578:16:GPIO_PORT4_SetPullResistor	16	static
../drivers/fsl_gpio_cmsis.c:583:16:GPIO_PORT4_SetEventTrigger	16	static
../drivers/fsl_gpio_cmsis.c:591:17:GPIO_PORT4_GetInput	16	static
../drivers/fsl_gpio_cmsis.c:596:13:GPIO_PORT4_SetOutput	16	static
