Archive member included to satisfy reference by file (symbol)

C:/nxp/MCUXpressoIDE_25.6.136/ide/plugins/com.nxp.mcuxpresso.tools.win32_25.6.0.202501151204/tools/bin/../lib/gcc/arm-none-eabi/14.2.1/../../../../arm-none-eabi/lib/thumb/v8-m.main+fp/hard\libcr_nohost_nf.a(_cr__main.o)
                              ./startup/startup_mcxn236.o (__main)
C:/nxp/MCUXpressoIDE_25.6.136/ide/plugins/com.nxp.mcuxpresso.tools.win32_25.6.0.202501151204/tools/bin/../lib/gcc/arm-none-eabi/14.2.1/../../../../arm-none-eabi/lib/thumb/v8-m.main+fp/hard\libcr_c.a(memset.o)
                              ./drivers/fsl_lpuart.o (memset)
C:/nxp/MCUXpressoIDE_25.6.136/ide/plugins/com.nxp.mcuxpresso.tools.win32_25.6.0.202501151204/tools/bin/../lib/gcc/arm-none-eabi/14.2.1/../../../../arm-none-eabi/lib/thumb/v8-m.main+fp/hard\libcr_c.a(alloc.o)
                              ./drivers/fsl_common.o (malloc)
C:/nxp/MCUXpressoIDE_25.6.136/ide/plugins/com.nxp.mcuxpresso.tools.win32_25.6.0.202501151204/tools/bin/../lib/gcc/arm-none-eabi/14.2.1/../../../../arm-none-eabi/lib/thumb/v8-m.main+fp/hard\libcr_c.a(errno.o)
                              ./utilities/str/fsl_str.o (errno)
C:/nxp/MCUXpressoIDE_25.6.136/ide/plugins/com.nxp.mcuxpresso.tools.win32_25.6.0.202501151204/tools/bin/../lib/gcc/arm-none-eabi/14.2.1/../../../../arm-none-eabi/lib/thumb/v8-m.main+fp/hard\libcr_c.a(initio.o)
                              C:/nxp/MCUXpressoIDE_25.6.136/ide/plugins/com.nxp.mcuxpresso.tools.win32_25.6.0.202501151204/tools/bin/../lib/gcc/arm-none-eabi/14.2.1/../../../../arm-none-eabi/lib/thumb/v8-m.main+fp/hard\libcr_nohost_nf.a(_cr__main.o) (_initio)
C:/nxp/MCUXpressoIDE_25.6.136/ide/plugins/com.nxp.mcuxpresso.tools.win32_25.6.0.202501151204/tools/bin/../lib/gcc/arm-none-eabi/14.2.1/../../../../arm-none-eabi/lib/thumb/v8-m.main+fp/hard\libcr_c.a(scanf.o)
                              ./utilities/str/fsl_str.o (strtoul)
C:/nxp/MCUXpressoIDE_25.6.136/ide/plugins/com.nxp.mcuxpresso.tools.win32_25.6.0.202501151204/tools/bin/../lib/gcc/arm-none-eabi/14.2.1/../../../../arm-none-eabi/lib/thumb/v8-m.main+fp/hard\libcr_c.a(setvbuf.o)
                              C:/nxp/MCUXpressoIDE_25.6.136/ide/plugins/com.nxp.mcuxpresso.tools.win32_25.6.0.202501151204/tools/bin/../lib/gcc/arm-none-eabi/14.2.1/../../../../arm-none-eabi/lib/thumb/v8-m.main+fp/hard\libcr_c.a(initio.o) (setvbuf)
C:/nxp/MCUXpressoIDE_25.6.136/ide/plugins/com.nxp.mcuxpresso.tools.win32_25.6.0.202501151204/tools/bin/../lib/gcc/arm-none-eabi/14.2.1/../../../../arm-none-eabi/lib/thumb/v8-m.main+fp/hard\libcr_c.a(strlen.o)
                              ./utilities/str/fsl_str.o (strlen)
C:/nxp/MCUXpressoIDE_25.6.136/ide/plugins/com.nxp.mcuxpresso.tools.win32_25.6.0.202501151204/tools/bin/../lib/gcc/arm-none-eabi/14.2.1/../../../../arm-none-eabi/lib/thumb/v8-m.main+fp/hard\libcr_c.a(ungetc.o)
                              C:/nxp/MCUXpressoIDE_25.6.136/ide/plugins/com.nxp.mcuxpresso.tools.win32_25.6.0.202501151204/tools/bin/../lib/gcc/arm-none-eabi/14.2.1/../../../../arm-none-eabi/lib/thumb/v8-m.main+fp/hard\libcr_c.a(scanf.o) (ungetc)
C:/nxp/MCUXpressoIDE_25.6.136/ide/plugins/com.nxp.mcuxpresso.tools.win32_25.6.0.202501151204/tools/bin/../lib/gcc/arm-none-eabi/14.2.1/../../../../arm-none-eabi/lib/thumb/v8-m.main+fp/hard\libcr_c.a(__fillbuf.o)
                              C:/nxp/MCUXpressoIDE_25.6.136/ide/plugins/com.nxp.mcuxpresso.tools.win32_25.6.0.202501151204/tools/bin/../lib/gcc/arm-none-eabi/14.2.1/../../../../arm-none-eabi/lib/thumb/v8-m.main+fp/hard\libcr_c.a(scanf.o) (__filbuf)
C:/nxp/MCUXpressoIDE_25.6.136/ide/plugins/com.nxp.mcuxpresso.tools.win32_25.6.0.202501151204/tools/bin/../lib/gcc/arm-none-eabi/14.2.1/../../../../arm-none-eabi/lib/thumb/v8-m.main+fp/hard\libcr_c.a(__init_alloc.o)
                              C:/nxp/MCUXpressoIDE_25.6.136/ide/plugins/com.nxp.mcuxpresso.tools.win32_25.6.0.202501151204/tools/bin/../lib/gcc/arm-none-eabi/14.2.1/../../../../arm-none-eabi/lib/thumb/v8-m.main+fp/hard\libcr_c.a(alloc.o) (__heaps)
C:/nxp/MCUXpressoIDE_25.6.136/ide/plugins/com.nxp.mcuxpresso.tools.win32_25.6.0.202501151204/tools/bin/../lib/gcc/arm-none-eabi/14.2.1/../../../../arm-none-eabi/lib/thumb/v8-m.main+fp/hard\libcr_c.a(_cr_sbrk.o)
                              C:/nxp/MCUXpressoIDE_25.6.136/ide/plugins/com.nxp.mcuxpresso.tools.win32_25.6.0.202501151204/tools/bin/../lib/gcc/arm-none-eabi/14.2.1/../../../../arm-none-eabi/lib/thumb/v8-m.main+fp/hard\libcr_c.a(alloc.o) (_sbrk)
C:/nxp/MCUXpressoIDE_25.6.136/ide/plugins/com.nxp.mcuxpresso.tools.win32_25.6.0.202501151204/tools/bin/../lib/gcc/arm-none-eabi/14.2.1/../../../../arm-none-eabi/lib/thumb/v8-m.main+fp/hard\libcr_c.a(_deferredlazyseek.o)
                              C:/nxp/MCUXpressoIDE_25.6.136/ide/plugins/com.nxp.mcuxpresso.tools.win32_25.6.0.202501151204/tools/bin/../lib/gcc/arm-none-eabi/14.2.1/../../../../arm-none-eabi/lib/thumb/v8-m.main+fp/hard\libcr_c.a(__fillbuf.o) (_deferredlazyseek)
[...]
Memory Configuration

Name             Origin             Length             Attributes
PROGRAM_FLASH0   0x00000000         0x00080000         xr
PROGRAM_FLASH1   0x00080000         0x00080000         xr
SRAM             0x20000000         0x00038000         xrw
SRAMX            0x04000000         0x00018000         xrw
*default*        0x00000000         0xffffffff

Linker script and memory map

LOAD ./utilities/str/fsl_str.o
LOAD ./utilities/debug_console_lite/fsl_debug_console.o
LOAD ./utilities/fsl_assert.o
LOAD ./utilities/fsl_memcpy.o
LOAD ./startup/startup_mcxn236.o
LOAD ./source/cmsis_button_toggle_led.o
LOAD ./source/semihost_hardfault.o
LOAD ./drivers/fsl_clock.o
LOAD ./drivers/fsl_common.o
LOAD ./drivers/fsl_common_arm.o
LOAD ./drivers/fsl_gpio.o
LOAD ./drivers/fsl_gpio_cmsis.o
LOAD ./drivers/fsl_inputmux.o
LOAD ./drivers/fsl_lpflexcomm.o
LOAD ./drivers/fsl_lpuart.o
LOAD ./drivers/fsl_reset.o
LOAD ./drivers/fsl_spc.o
LOAD ./device/system_MCXN236.o
LOAD ./component/uart/fsl_adapter_lpuart.o
LOAD ./board/board.o
LOAD ./board/clock_config.o
LOAD ./board/hardware_init.o
LOAD ./board/pin_mux.o
START GROUP
LOAD C:/nxp/MCUXpressoIDE_25.6.136/ide/plugins/com.nxp.mcuxpresso.tools.win32_25.6.0.202501151204/tools/bin/../lib/gcc/arm-none-eabi/14.2.1/../../../../arm-none-eabi/lib/thumb/v8-m.main+fp/hard\libcr_nohost_nf.a
LOAD C:/nxp/MCUXpressoIDE_25.6.136/ide/plugins/com.nxp.mcuxpresso.tools.win32_25.6.0.202501151204/tools/bin/../lib/gcc/arm-none-eabi/14.2.1/../../../../arm-none-eabi/lib/thumb/v8-m.main+fp/hard\libcr_c.a
LOAD C:/nxp/MCUXpressoIDE_25.6.136/ide/plugins/com.nxp.mcuxpresso.tools.win32_25.6.0.202501151204/tools/bin/../lib/gcc/arm-none-eabi/14.2.1/thumb/v8-m.main+fp/hard\libcr_eabihelpers.a
LOAD C:/nxp/MCUXpressoIDE_25.6.136/ide/plugins/com.nxp.mcuxpresso.tools.win32_25.6.0.202501151204/tools/bin/../lib/gcc/arm-none-eabi/14.2.1/thumb/v8-m.main+fp/hard\libgcc.a
END GROUP
                0x00000000                        __base_PROGRAM_FLASH0 = 0x0
                0x00000000                        __base_Flash = 0x0
                0x00080000                        __top_PROGRAM_FLASH0 = 0x80000
                0x00080000                        __top_Flash = 0x80000
                0x00080000                        __base_PROGRAM_FLASH1 = 0x80000
                0x00080000                        __base_Flash2 = 0x80000
                0x00100000                        __top_PROGRAM_FLASH1 = 0x100000
                0x00100000                        __top_Flash2 = 0x100000
                0x20000000                        __base_SRAM = 0x20000000
                0x20000000                        __base_RAM = 0x20000000
                0x20038000                        __top_SRAM = 0x20038000
                0x20038000                        __top_RAM = 0x20038000
                0x04000000                        __base_SRAMX = 0x4000000
                0x04000000                        __base_RAM2 = 0x4000000
                0x04018000                        __top_SRAMX = 0x4018000
                0x04018000                        __top_RAM2 = 0x4018000

.text_Flash2    0x00080000        0x0
 FILL mask 0xff
 *(SORT_BY_ALIGNMENT(.text_Flash2))
 *(SORT_BY_ALIGNMENT(.text_PROGRAM_FLASH1))
 *(SORT_BY_ALIGNMENT(.text.$Flash2))
 *(SORT_BY_ALIGNMENT(.text.$PROGRAM_FLASH1))
 *(SORT_BY_ALIGNMENT(.text_Flash2.*))
 *(SORT_BY_ALIGNMENT(.text_PROGRAM_FLASH1.*))
 *(SORT_BY_ALIGNMENT(.text.$Flash2.*))
 *(SORT_BY_ALIGNMENT(.text.$PROGRAM_FLASH1.*))
 *(SORT_BY_ALIGNMENT(.rodata.$Flash2))
 *(SORT_BY_ALIGNMENT(.rodata.$PROGRAM_FLASH1))
 *(SORT_BY_ALIGNMENT(.rodata.$Flash2.*))
 *(SORT_BY_ALIGNMENT(.rodata.$PROGRAM_FLASH1.*))

.text           0x00000000     0x4924
 FILL mask 0xff
                0x00000000                        __vectors_start__ = ABSOLUTE (.)
 *(SORT_BY_ALIGNMENT(.isr_vector))
 .isr_vector    0x00000000      0x2ac ./startup/startup_mcxn236.o
                0x00000000                g_pfnVectors
                0x00000000                __Vectors
                0x000002ac                        . = ALIGN (0x4)
                0x000002ac                        __section_table_start = .
                0x000002ac                        __data_section_table = .
                0x000002ac        0x4 LONG 0x4924 LOADADDR (.data)
                0x000002b0        0x4 LONG 0x20000000 ADDR (.data)
                0x000002b4        0x4 LONG 0x20 SIZEOF (.data)
                0x000002b8        0x4 LONG 0x4924 LOADADDR (.data_RAM2)
                0x000002bc        0x4 LONG 0x4000000 ADDR (.data_RAM2)
                0x000002c0        0x4 LONG 0x0 SIZEOF (.data_RAM2)
                0x000002c4                        __data_section_table_end = .
                0x000002c4                        __bss_section_table = .
                0x000002c4        0x4 LONG 0x20000020 ADDR (.bss)
                0x000002c8        0x4 LONG 0x1e0 SIZEOF (.bss)
                0x000002cc        0x4 LONG 0x4000000 ADDR (.bss_RAM2)
                0x000002d0        0x4 LONG 0x0 SIZEOF (.bss_RAM2)
                0x000002d4                        __bss_section_table_end = .
                0x000002d4                        __section_table_end = .
 *(SORT_BY_ALIGNMENT(.after_vectors*))
 .after_vectors.reset
                0x000002d4       0x68 ./startup/startup_mcxn236.o
                0x000002d4                ResetISR
 .after_vectors.init_data
                0x0000033c       0x1e ./startup/startup_mcxn236.o
                0x0000033c                data_init
 .after_vectors.init_bss
                0x0000035a       0x12 ./startup/startup_mcxn236.o
                0x0000035a                bss_init
 .after_vectors
                0x0000036c       0x16 ./startup/startup_mcxn236.o
                0x0000036c                NMI_Handler
                0x00000370                MemManage_Handler
                0x00000372                BusFault_Handler
                0x00000374                UsageFault_Handler
                0x00000376                SecureFault_Handler
                0x00000378                SVC_Handler
                0x0000037a                DebugMon_Handler
                0x0000037c                PendSV_Handler
                0x00000380                PKC_ERR_DriverIRQHandler
                0x00000380                QDC1_HOME_DriverIRQHandler
                0x00000380                EDMA_0_CH5_DriverIRQHandler
                0x00000380                EDMA_0_CH14_DriverIRQHandler
                0x00000380                EDMA_1_CH0_DriverIRQHandler
                0x00000380                SCG_DriverIRQHandler
                0x00000380                Reserved117_DriverIRQHandler
                0x00000380                EDMA_0_CH15_DriverIRQHandler
                0x00000380                LPTMR0_DriverIRQHandler
                0x00000380                Reserved119_DriverIRQHandler
                0x00000380                EDMA_0_CH2_DriverIRQHandler
                0x00000380                FLEXPWM1_SUBMODULE1_DriverIRQHandler
                0x00000380                FLEXPWM0_SUBMODULE1_DriverIRQHandler
                0x00000380                Reserved101_DriverIRQHandler
                0x00000380                CMC0_DriverIRQHandler
                0x00000380                Reserved102_DriverIRQHandler
                0x00000380                FLEXPWM0_RELOAD_ERROR_DriverIRQHandler
                0x00000380                QDC0_HOME_DriverIRQHandler
                0x00000380                Reserved167_DriverIRQHandler
                0x00000380                Reserved122_DriverIRQHandler
                0x00000380                SEC_VIO_DriverIRQHandler
                0x00000380                ERM_MULTI_BIT_ERROR_DriverIRQHandler
                0x00000380                GPIO31_DriverIRQHandler
                0x00000380                EWM0_DriverIRQHandler
                0x00000380                PKC_DriverIRQHandler
                0x00000380                Reserved155_DriverIRQHandler
                0x00000380                EDMA_0_CH10_DriverIRQHandler
                0x00000380                USB1_HS_PHY_DriverIRQHandler
                0x00000380                Reserved103_DriverIRQHandler
                0x00000380                Reserved149_DriverIRQHandler
                0x00000380                QDC0_IDX_DriverIRQHandler
                0x00000380                ELS_DriverIRQHandler
                0x00000380                Reserved166_DriverIRQHandler
                0x00000380                EDMA_1_CH2_DriverIRQHandler
                0x00000380                QDC1_IDX_DriverIRQHandler
                0x00000380                FLEXPWM1_SUBMODULE3_DriverIRQHandler
                0x00000380                EDMA_1_CH7_DriverIRQHandler
                0x00000380                EDMA_1_CH6_DriverIRQHandler
                0x00000380                CTIMER2_DriverIRQHandler
                0x00000380                Reserved105_DriverIRQHandler
                0x00000380                I3C0_DriverIRQHandler
                0x00000380                Reserved157_DriverIRQHandler
                0x00000380                ITRC0_DriverIRQHandler
                0x00000380                WWDT1_DriverIRQHandler
                0x00000380                Freqme_DriverIRQHandler
                0x00000380                Reserved80_DriverIRQHandler
                0x00000380                IntDefaultHandler
                0x00000380                ELS_ERR_DriverIRQHandler
                0x00000380                FLEXIO_DriverIRQHandler
                0x00000380                MRT0_DriverIRQHandler
                0x00000380                UTICK0_DriverIRQHandler
                0x00000380                FLEXPWM0_SUBMODULE2_DriverIRQHandler
                0x00000380                GPIO01_DriverIRQHandler
                0x00000380                EDMA_0_CH3_DriverIRQHandler
                0x00000380                WWDT0_DriverIRQHandler
                0x00000380                GPIO00_DriverIRQHandler
                0x00000380                EDMA_0_CH4_DriverIRQHandler
                0x00000380                GPIO11_DriverIRQHandler
                0x00000380                CTIMER4_DriverIRQHandler
                0x00000380                FLEXPWM0_FAULT_DriverIRQHandler
                0x00000380                Reserved158_DriverIRQHandler
                0x00000380                EDMA_1_CH1_DriverIRQHandler
                0x00000380                SAI1_DriverIRQHandler
                0x00000380                Reserved66_DriverIRQHandler
                0x00000380                Reserved165_DriverIRQHandler
                0x00000380                ERM_SINGLE_BIT_ERROR_DriverIRQHandler
                0x00000380                GPIO21_DriverIRQHandler
                0x00000380                FLEXPWM1_FAULT_DriverIRQHandler
                0x00000380                GPIO30_DriverIRQHandler
                0x00000380                CTIMER0_DriverIRQHandler
                0x00000380                CTIMER1_DriverIRQHandler
                0x00000380                QDC0_COMPARE_DriverIRQHandler
                0x00000380                PINT0_DriverIRQHandler
                0x00000380                ADC1_DriverIRQHandler
                0x00000380                Reserved156_DriverIRQHandler
                0x00000380                USB0_DCD_DriverIRQHandler
                0x00000380                EDMA_0_CH11_DriverIRQHandler
                0x00000380                Reserved92_DriverIRQHandler
                0x00000380                WUU_DriverIRQHandler
                0x00000380                EDMA_0_CH6_DriverIRQHandler
                0x00000380                CTIMER3_DriverIRQHandler
                0x00000380                FLEXPWM1_SUBMODULE0_DriverIRQHandler
                0x00000380                CDOG1_DriverIRQHandler
                0x00000380                Reserved74_DriverIRQHandler
                0x00000380                EDMA_1_CH4_DriverIRQHandler
                0x00000380                PUF_DriverIRQHandler
                0x00000380                SPC_DriverIRQHandler
                0x00000380                RTC_DriverIRQHandler
                0x00000380                VBAT0_DriverIRQHandler
                0x00000380                Reserved65_DriverIRQHandler
                0x00000380                EDMA_0_CH0_DriverIRQHandler
                0x00000380                EDMA_1_CH5_DriverIRQHandler
                0x00000380                PDM_EVENT_DriverIRQHandler
                0x00000380                EDMA_0_CH9_DriverIRQHandler
                0x00000380                Reserved60_DriverIRQHandler
                0x00000380                FLEXPWM1_RELOAD_ERROR_DriverIRQHandler
                0x00000380                Reserved49_DriverIRQHandler
                0x00000380                FMU0_DriverIRQHandler
                0x00000380                QDC1_COMPARE_DriverIRQHandler
                0x00000380                EDMA_0_CH8_DriverIRQHandler
                0x00000380                Reserved118_DriverIRQHandler
                0x00000380                LPTMR1_DriverIRQHandler
                0x00000380                GPIO40_DriverIRQHandler
                0x00000380                EDMA_1_CH3_DriverIRQHandler
                0x00000380                Reserved77_DriverIRQHandler
                0x00000380                FLEXPWM1_SUBMODULE2_DriverIRQHandler
                0x00000380                GPIO20_DriverIRQHandler
                0x00000380                QDC1_WDG_SAB_DriverIRQHandler
                0x00000380                GDET_DriverIRQHandler
                0x00000380                PORT_EFT_DriverIRQHandler
                0x00000380                Reserved127_DriverIRQHandler
                0x00000380                Reserved85_DriverIRQHandler
                0x00000380                Reserved81_DriverIRQHandler
                0x00000380                Reserved123_DriverIRQHandler
                0x00000380                FLEXPWM0_SUBMODULE3_DriverIRQHandler
                0x00000380                ADC0_DriverIRQHandler
                0x00000380                OR_DriverIRQHandler
                0x00000380                EDMA_0_CH13_DriverIRQHandler
                0x00000380                Reserved124_DriverIRQHandler
                0x00000380                USB1_HS_DriverIRQHandler
                0x00000380                Reserved113_DriverIRQHandler
                0x00000380                EDMA_0_CH1_DriverIRQHandler
                0x00000380                GPIO51_DriverIRQHandler
                0x00000380                HSCMP0_DriverIRQHandler
                0x00000380                EDMA_0_CH12_DriverIRQHandler
                0x00000380                QDC0_WDG_SAB_DriverIRQHandler
                0x00000380                Reserved104_DriverIRQHandler
                0x00000380                CDOG0_DriverIRQHandler
                0x00000380                CAN0_DriverIRQHandler
                0x00000380                Reserved59_DriverIRQHandler
                0x00000380                SMARTDMA_DriverIRQHandler
                0x00000380                SAI0_DriverIRQHandler
                0x00000380                I3C1_DriverIRQHandler
                0x00000380                Reserved106_DriverIRQHandler
                0x00000380                Reserved120_DriverIRQHandler
                0x00000380                EDMA_0_CH7_DriverIRQHandler
                0x00000380                HSCMP1_DriverIRQHandler
                0x00000380                Reserved107_DriverIRQHandler
                0x00000380                Reserved70_DriverIRQHandler
                0x00000380                GPIO50_DriverIRQHandler
                0x00000380                Reserved86_DriverIRQHandler
                0x00000380                GPIO10_DriverIRQHandler
                0x00000380                CAN1_DriverIRQHandler
                0x00000380                FLEXPWM0_SUBMODULE0_DriverIRQHandler
                0x00000380                OS_EVENT_DriverIRQHandler
                0x00000380                Reserved108_DriverIRQHandler
                0x00000380                GPIO41_DriverIRQHandler
                0x00000380                SEC_HYPERVISOR_CALL_DriverIRQHandler
 *(SORT_BY_ALIGNMENT(.text*))
 *fill*         0x00000382        0x2 ff
 .text.DbgConsole_Init
                0x00000384       0x88 ./utilities/debug_console_lite/fsl_debug_console.o
                0x00000384                DbgConsole_Init
 .text.DbgConsole_Vprintf
                0x0000040c       0x3c ./utilities/debug_console_lite/fsl_debug_console.o
                0x0000040c                DbgConsole_Vprintf
 .text.DbgConsole_Putchar
                0x00000448       0x30 ./utilities/debug_console_lite/fsl_debug_console.o
                0x00000448                DbgConsole_Putchar
 .text.DbgConsole_PrintfFormattedData
                0x00000478      0x3e0 ./utilities/debug_console_lite/fsl_debug_console.o
 .text.__assertion_failed
                0x00000858       0x3c ./utilities/fsl_assert.o
                0x00000858                __assertion_failed
 .text          0x00000894       0xa0 ./utilities/fsl_memcpy.o
                0x00000894                memcpy
 .text.__NVIC_SetPriority
                0x00000934       0x54 ./source/cmsis_button_toggle_led.o
 .text.SysTick_Config
                0x00000988       0x44 ./source/cmsis_button_toggle_led.o
 .text.BUTTON_EventCallback
                0x000009cc       0x34 ./source/cmsis_button_toggle_led.o
 .text.SysTick_Handler
                0x00000a00       0x74 ./source/cmsis_button_toggle_led.o
                0x00000a00                SysTick_Handler
 .text.main     0x00000a74      0x1a0 ./source/cmsis_button_toggle_led.o
                0x00000a74                main
 .text.CLOCK_IsPLL0Locked
                0x00000c14       0x28 ./drivers/fsl_clock.o
 .text.CLOCK_SetupFROHFClocking
                0x00000c3c       0x9c ./drivers/fsl_clock.o
                0x00000c3c                CLOCK_SetupFROHFClocking
 .text.CLOCK_SetPll0MonitorMode
                0x00000cd8       0x38 ./drivers/fsl_clock.o
                0x00000cd8                CLOCK_SetPll0MonitorMode
 .text.CLOCK_AttachClk
                0x00000d10       0xd0 ./drivers/fsl_clock.o
                0x00000d10                CLOCK_AttachClk
 .text.CLOCK_SetClkDiv
                0x00000de0       0x54 ./drivers/fsl_clock.o
                0x00000de0                CLOCK_SetClkDiv
 .text.CLOCK_GetPLL0InClockRate
                0x00000e34       0x5c ./drivers/fsl_clock.o
                0x00000e34                CLOCK_GetPLL0InClockRate
 .text.CLOCK_SetPLL0Freq
                0x00000e90      0x10c ./drivers/fsl_clock.o
                0x00000e90                CLOCK_SetPLL0Freq
 .text.CLOCK_GetClk48MFreq
                0x00000f9c       0x2c ./drivers/fsl_clock.o
 .text.CLOCK_GetExtClkFreq
                0x00000fc8       0x2c ./drivers/fsl_clock.o
 .text.CLOCK_GetOsc32KFreq
                0x00000ff4       0x4c ./drivers/fsl_clock.o
 .text.findPll0PreDiv
                0x00001040       0x40 ./drivers/fsl_clock.o
 .text.findPll0PostDiv
                0x00001080       0x60 ./drivers/fsl_clock.o
 .text.findPll0MMult
                0x000010e0       0xac ./drivers/fsl_clock.o
 .text.CLOCK_EnableClock
                0x0000118c       0xa0 ./drivers/fsl_gpio.o
 .text.CLOCK_DisableClock
                0x0000122c       0xc4 ./drivers/fsl_gpio.o
 .text.GPIO_GetInstance
                0x000012f0       0x4c ./drivers/fsl_gpio.o
 .text.GPIO_PortClockEnable
                0x0000133c       0x54 ./drivers/fsl_gpio.o
 .text.GPIO_PinInit
                0x00001390       0x6c ./drivers/fsl_gpio.o
                0x00001390                GPIO_PinInit
 .text.__NVIC_EnableIRQ
                0x000013fc       0x3c ./drivers/fsl_gpio_cmsis.o
 .text.GPIO_SetPinInterruptConfig
                0x00001438       0x4c ./drivers/fsl_gpio_cmsis.o
 .text.CMSIS_GPIO_SetPullResistor
                0x00001484       0xdc ./drivers/fsl_gpio_cmsis.o
 .text.CMSIS_GPIO_SetEventTrigger
                0x00001560       0x94 ./drivers/fsl_gpio_cmsis.o
 .text.CMSIS_GPIO_EventIRQ
                0x000015f4       0xc0 ./drivers/fsl_gpio_cmsis.o
                0x000015f4                CMSIS_GPIO_EventIRQ
 .text.GPIO_PORT0_Setup
                0x000016b4       0x24 ./drivers/fsl_gpio_cmsis.o
 .text.GPIO_PORT0_SetDirection
                0x000016d8       0x28 ./drivers/fsl_gpio_cmsis.o
 .text.GPIO_PORT0_SetOutputMode
                0x00001700       0x28 ./drivers/fsl_gpio_cmsis.o
 .text.GPIO_PORT0_SetPullResistor
                0x00001728       0x28 ./drivers/fsl_gpio_cmsis.o
 .text.GPIO_PORT0_SetEventTrigger
                0x00001750       0x2c ./drivers/fsl_gpio_cmsis.o
 .text.GPIO_PORT0_GetInput
                0x0000177c       0x20 ./drivers/fsl_gpio_cmsis.o
 .text.GPIO_PORT0_SetOutput
                0x0000179c       0x20 ./drivers/fsl_gpio_cmsis.o
 .text.GPIO00_IRQHandler
                0x000017bc       0x18 ./drivers/fsl_gpio_cmsis.o
                0x000017bc                GPIO00_IRQHandler
 .text.GPIO_PORT4_Setup
                0x000017d4       0x24 ./drivers/fsl_gpio_cmsis.o
 .text.GPIO_PORT4_SetDirection
                0x000017f8       0x28 ./drivers/fsl_gpio_cmsis.o
 .text.GPIO_PORT4_SetOutputMode
                0x00001820       0x28 ./drivers/fsl_gpio_cmsis.o
 .text.GPIO_PORT4_SetPullResistor
                0x00001848       0x28 ./drivers/fsl_gpio_cmsis.o
 .text.GPIO_PORT4_SetEventTrigger
                0x00001870       0x28 ./drivers/fsl_gpio_cmsis.o
 .text.GPIO_PORT4_GetInput
                0x00001898       0x20 ./drivers/fsl_gpio_cmsis.o
 .text.GPIO_PORT4_SetOutput
                0x000018b8       0x20 ./drivers/fsl_gpio_cmsis.o
 .text.CLOCK_EnableClock
                0x000018d8       0xa0 ./drivers/fsl_lpflexcomm.o
 .text.LP_FLEXCOMM_GetInterruptStatus
                0x00001978       0x28 ./drivers/fsl_lpflexcomm.o
                0x00001978                LP_FLEXCOMM_GetInterruptStatus
 .text.LP_FLEXCOMM_SetPeriph
                0x000019a0       0x94 ./drivers/fsl_lpflexcomm.o
 .text.LP_FLEXCOMM_Init
                0x00001a34       0x58 ./drivers/fsl_lpflexcomm.o
                0x00001a34                LP_FLEXCOMM_Init
 .text.LP_FLEXCOMM_CommonIRQHandler
                0x00001a8c       0xb8 ./drivers/fsl_lpflexcomm.o
 .text.LPUART_GetInstance
                0x00001b44       0x4c ./drivers/fsl_lpuart.o
                0x00001b44                LPUART_GetInstance
 .text.LPUART_Init
                0x00001b90      0x448 ./drivers/fsl_lpuart.o
                0x00001b90                LPUART_Init
 .text.LPUART_GetDefaultConfig
                0x00001fd8       0x8c ./drivers/fsl_lpuart.o
                0x00001fd8                LPUART_GetDefaultConfig
 .text.LPUART_GetStatusFlags
                0x00002064       0x60 ./drivers/fsl_lpuart.o
                0x00002064                LPUART_GetStatusFlags
 .text.LPUART_ClearStatusFlags
                0x000020c4       0x94 ./drivers/fsl_lpuart.o
                0x000020c4                LPUART_ClearStatusFlags
 .text.LPUART_WriteBlocking
                0x00002158       0x68 ./drivers/fsl_lpuart.o
                0x00002158                LPUART_WriteBlocking
 .text.LPUART_ReadBlocking
                0x000021c0      0x164 ./drivers/fsl_lpuart.o
                0x000021c0                LPUART_ReadBlocking
 .text.RESET_ClearPeripheralReset
                0x00002324       0x7c ./drivers/fsl_reset.o
                0x00002324                RESET_ClearPeripheralReset
 .text.SPC_SetSRAMOperateVoltage
                0x000023a0       0x58 ./drivers/fsl_spc.o
                0x000023a0                SPC_SetSRAMOperateVoltage
 .text.SPC_SetActiveModeCoreLDORegulatorConfig
                0x000023f8       0x84 ./drivers/fsl_spc.o
                0x000023f8                SPC_SetActiveModeCoreLDORegulatorConfig
 .text.SPC_SetActiveModeDCDCRegulatorConfig
                0x0000247c       0x68 ./drivers/fsl_spc.o
                0x0000247c                SPC_SetActiveModeDCDCRegulatorConfig
 .text.SystemInit
                0x000024e4      0x124 ./device/system_MCXN236.o
                0x000024e4                SystemInit
 .text.HAL_UartInitCommon
                0x00002608       0xe4 ./component/uart/fsl_adapter_lpuart.o
 .text.HAL_UartInit
                0x000026ec       0x84 ./component/uart/fsl_adapter_lpuart.o
                0x000026ec                HAL_UartInit
 .text.HAL_UartReceiveBlocking
                0x00002770       0x6c ./component/uart/fsl_adapter_lpuart.o
                0x00002770                HAL_UartReceiveBlocking
 .text.HAL_UartSendBlocking
                0x000027dc       0x64 ./component/uart/fsl_adapter_lpuart.o
                0x000027dc                HAL_UartSendBlocking
 .text.BOARD_InitDebugConsole
                0x00002840       0x40 ./board/board.o
                0x00002840                BOARD_InitDebugConsole
 .text.CLOCK_EnableClock
                0x00002880       0xa0 ./board/clock_config.o
 .text.BOARD_BootClockPLL150M
                0x00002920       0xd8 ./board/clock_config.o
                0x00002920                BOARD_BootClockPLL150M
 .text.CLOCK_EnableClock
                0x000029f8       0xa0 ./board/pin_mux.o
 .text.PORT_SetPinConfig
                0x00002a98       0x38 ./board/pin_mux.o
 .text.BOARD_InitPins
                0x00002ad0       0x68 ./board/pin_mux.o
                0x00002ad0                BOARD_InitPins
 .text._initio  0x00002b38       0x78 C:/nxp/MCUXpressoIDE_25.6.136/ide/plugins/com.nxp.mcuxpresso.tools.win32_25.6.0.202501151204/tools/bin/../lib/gcc/arm-none-eabi/14.2.1/../../../../arm-none-eabi/lib/thumb/v8-m.main+fp/hard\libcr_c.a(initio.o)
                0x00002b38                _initio
 .text._Cwritebuf
                0x00002bb0       0x70 C:/nxp/MCUXpressoIDE_25.6.136/ide/plugins/com.nxp.mcuxpresso.tools.win32_25.6.0.202501151204/tools/bin/../lib/gcc/arm-none-eabi/14.2.1/../../../../arm-none-eabi/lib/thumb/v8-m.main+fp/hard\libcr_c.a(_writebuf.o)
                0x00002bb0                _Cwritebuf
 .text.fflush   0x00002c20       0x3c C:/nxp/MCUXpressoIDE_25.6.136/ide/plugins/com.nxp.mcuxpresso.tools.win32_25.6.0.202501151204/tools/bin/../lib/gcc/arm-none-eabi/14.2.1/../../../../arm-none-eabi/lib/thumb/v8-m.main+fp/hard\libcr_c.a(fflush.o)
                0x00002c20                fflush
 .text.fseek    0x00002c5c       0xf8 C:/nxp/MCUXpressoIDE_25.6.136/ide/plugins/com.nxp.mcuxpresso.tools.win32_25.6.0.202501151204/tools/bin/../lib/gcc/arm-none-eabi/14.2.1/../../../../arm-none-eabi/lib/thumb/v8-m.main+fp/hard\libcr_c.a(fseek.o)
                0x00002c5c                fseek
 .text.ftell    0x00002d54       0x44 C:/nxp/MCUXpressoIDE_25.6.136/ide/plugins/com.nxp.mcuxpresso.tools.win32_25.6.0.202501151204/tools/bin/../lib/gcc/arm-none-eabi/14.2.1/../../../../arm-none-eabi/lib/thumb/v8-m.main+fp/hard\libcr_c.a(ftell.o)
                0x00002d54                ftell
 .text.DbgConsole_Printf
                0x00002d98       0x2c ./utilities/debug_console_lite/fsl_debug_console.o
                0x00002d98                DbgConsole_Printf
 .text.DbgConsole_PrintfPaddingCharacter
                0x00002dc4       0x40 ./utilities/debug_console_lite/fsl_debug_console.o
 .text.DbgConsole_ConvertRadixNumToString
                0x00002e04       0xc2 ./utilities/debug_console_lite/fsl_debug_console.o
 .text.fsl_assert_hook
                0x00002ec6       0x1a ./utilities/fsl_assert.o
                0x00002ec6                fsl_assert_hook
 .text.OR_IRQHandler
                0x00002ee0        0x8 ./startup/startup_mcxn236.o
                0x00002ee0                OR_IRQHandler
 .text.EDMA_0_CH0_IRQHandler
                0x00002ee8        0x8 ./startup/startup_mcxn236.o
                0x00002ee8                EDMA_0_CH0_IRQHandler
 .text.EDMA_0_CH1_IRQHandler
                0x00002ef0        0x8 ./startup/startup_mcxn236.o
                0x00002ef0                EDMA_0_CH1_IRQHandler
 .text.EDMA_0_CH2_IRQHandler
                0x00002ef8        0x8 ./startup/startup_mcxn236.o
                0x00002ef8                EDMA_0_CH2_IRQHandler
 .text.EDMA_0_CH3_IRQHandler
                0x00002f00        0x8 ./startup/startup_mcxn236.o
                0x00002f00                EDMA_0_CH3_IRQHandler
 .text.EDMA_0_CH4_IRQHandler
                0x00002f08        0x8 ./startup/startup_mcxn236.o
                0x00002f08                EDMA_0_CH4_IRQHandler
 .text.EDMA_0_CH5_IRQHandler
                0x00002f10        0x8 ./startup/startup_mcxn236.o
                0x00002f10                EDMA_0_CH5_IRQHandler
 .text.EDMA_0_CH6_IRQHandler
                0x00002f18        0x8 ./startup/startup_mcxn236.o
                0x00002f18                EDMA_0_CH6_IRQHandler
 .text.EDMA_0_CH7_IRQHandler
                0x00002f20        0x8 ./startup/startup_mcxn236.o
                0x00002f20                EDMA_0_CH7_IRQHandler
 .text.EDMA_0_CH8_IRQHandler
                0x00002f28        0x8 ./startup/startup_mcxn236.o
                0x00002f28                EDMA_0_CH8_IRQHandler
 .text.EDMA_0_CH9_IRQHandler
                0x00002f30        0x8 ./startup/startup_mcxn236.o
                0x00002f30                EDMA_0_CH9_IRQHandler
 .text.EDMA_0_CH10_IRQHandler
                0x00002f38        0x8 ./startup/startup_mcxn236.o
                0x00002f38                EDMA_0_CH10_IRQHandler
 .text.EDMA_0_CH11_IRQHandler
                0x00002f40        0x8 ./startup/startup_mcxn236.o
                0x00002f40                EDMA_0_CH11_IRQHandler
 .text.EDMA_0_CH12_IRQHandler
                0x00002f48        0x8 ./startup/startup_mcxn236.o
                0x00002f48                EDMA_0_CH12_IRQHandler
 .text.EDMA_0_CH13_IRQHandler
                0x00002f50        0x8 ./startup/startup_mcxn236.o
                0x00002f50                EDMA_0_CH13_IRQHandler
 .text.EDMA_0_CH14_IRQHandler
                0x00002f58        0x8 ./startup/startup_mcxn236.o
                0x00002f58                EDMA_0_CH14_IRQHandler
 .text.EDMA_0_CH15_IRQHandler
                0x00002f60        0x8 ./startup/startup_mcxn236.o
                0x00002f60                EDMA_0_CH15_IRQHandler
 .text.GPIO01_IRQHandler
                0x00002f68        0x8 ./startup/startup_mcxn236.o
                0x00002f68                GPIO01_IRQHandler
 .text.GPIO10_IRQHandler
                0x00002f70        0x8 ./startup/startup_mcxn236.o
                0x00002f70                GPIO10_IRQHandler
 .text.GPIO11_IRQHandler
                0x00002f78        0x8 ./startup/startup_mcxn236.o
                0x00002f78                GPIO11_IRQHandler
 .text.GPIO20_IRQHandler
                0x00002f80        0x8 ./startup/startup_mcxn236.o
                0x00002f80                GPIO20_IRQHandler
 .text.GPIO21_IRQHandler
                0x00002f88        0x8 ./startup/startup_mcxn236.o
                0x00002f88                GPIO21_IRQHandler
 .text.GPIO30_IRQHandler
                0x00002f90        0x8 ./startup/startup_mcxn236.o
                0x00002f90                GPIO30_IRQHandler
 .text.GPIO31_IRQHandler
                0x00002f98        0x8 ./startup/startup_mcxn236.o
                0x00002f98                GPIO31_IRQHandler
 .text.GPIO40_IRQHandler
                0x00002fa0        0x8 ./startup/startup_mcxn236.o
                0x00002fa0                GPIO40_IRQHandler
 .text.GPIO41_IRQHandler
                0x00002fa8        0x8 ./startup/startup_mcxn236.o
                0x00002fa8                GPIO41_IRQHandler
 .text.GPIO50_IRQHandler
                0x00002fb0        0x8 ./startup/startup_mcxn236.o
                0x00002fb0                GPIO50_IRQHandler
 .text.GPIO51_IRQHandler
                0x00002fb8        0x8 ./startup/startup_mcxn236.o
                0x00002fb8                GPIO51_IRQHandler
 .text.UTICK0_IRQHandler
                0x00002fc0        0x8 ./startup/startup_mcxn236.o
                0x00002fc0                UTICK0_IRQHandler
 .text.MRT0_IRQHandler
                0x00002fc8        0x8 ./startup/startup_mcxn236.o
                0x00002fc8                MRT0_IRQHandler
 .text.CTIMER0_IRQHandler
                0x00002fd0        0x8 ./startup/startup_mcxn236.o
                0x00002fd0                CTIMER0_IRQHandler
 .text.CTIMER1_IRQHandler
                0x00002fd8        0x8 ./startup/startup_mcxn236.o
                0x00002fd8                CTIMER1_IRQHandler
 .text.Reserved49_IRQHandler
                0x00002fe0        0x8 ./startup/startup_mcxn236.o
                0x00002fe0                Reserved49_IRQHandler
 .text.CTIMER2_IRQHandler
                0x00002fe8        0x8 ./startup/startup_mcxn236.o
                0x00002fe8                CTIMER2_IRQHandler
 .text.LP_FLEXCOMM0_IRQHandler
                0x00002ff0        0x8 ./startup/startup_mcxn236.o
                0x00002ff0                LP_FLEXCOMM0_IRQHandler
 .text.LP_FLEXCOMM1_IRQHandler
                0x00002ff8        0x8 ./startup/startup_mcxn236.o
                0x00002ff8                LP_FLEXCOMM1_IRQHandler
 .text.LP_FLEXCOMM2_IRQHandler
                0x00003000        0x8 ./startup/startup_mcxn236.o
                0x00003000                LP_FLEXCOMM2_IRQHandler
 .text.LP_FLEXCOMM3_IRQHandler
                0x00003008        0x8 ./startup/startup_mcxn236.o
                0x00003008                LP_FLEXCOMM3_IRQHandler
 .text.LP_FLEXCOMM4_IRQHandler
                0x00003010        0x8 ./startup/startup_mcxn236.o
                0x00003010                LP_FLEXCOMM4_IRQHandler
 .text.LP_FLEXCOMM5_IRQHandler
                0x00003018        0x8 ./startup/startup_mcxn236.o
                0x00003018                LP_FLEXCOMM5_IRQHandler
 .text.LP_FLEXCOMM6_IRQHandler
                0x00003020        0x8 ./startup/startup_mcxn236.o
                0x00003020                LP_FLEXCOMM6_IRQHandler
 .text.LP_FLEXCOMM7_IRQHandler
                0x00003028        0x8 ./startup/startup_mcxn236.o
                0x00003028                LP_FLEXCOMM7_IRQHandler
 .text.Reserved59_IRQHandler
                0x00003030        0x8 ./startup/startup_mcxn236.o
                0x00003030                Reserved59_IRQHandler
 .text.Reserved60_IRQHandler
                0x00003038        0x8 ./startup/startup_mcxn236.o
                0x00003038                Reserved60_IRQHandler
 .text.ADC0_IRQHandler
                0x00003040        0x8 ./startup/startup_mcxn236.o
                0x00003040                ADC0_IRQHandler
 .text.ADC1_IRQHandler
                0x00003048        0x8 ./startup/startup_mcxn236.o
                0x00003048                ADC1_IRQHandler
 .text.PINT0_IRQHandler
                0x00003050        0x8 ./startup/startup_mcxn236.o
                0x00003050                PINT0_IRQHandler
 .text.PDM_EVENT_IRQHandler
                0x00003058        0x8 ./startup/startup_mcxn236.o
                0x00003058                PDM_EVENT_IRQHandler
 .text.Reserved65_IRQHandler
                0x00003060        0x8 ./startup/startup_mcxn236.o
                0x00003060                Reserved65_IRQHandler
 .text.Reserved66_IRQHandler
                0x00003068        0x8 ./startup/startup_mcxn236.o
                0x00003068                Reserved66_IRQHandler
 .text.USB0_DCD_IRQHandler
                0x00003070        0x8 ./startup/startup_mcxn236.o
                0x00003070                USB0_DCD_IRQHandler
 .text.RTC_IRQHandler
                0x00003078        0x8 ./startup/startup_mcxn236.o
                0x00003078                RTC_IRQHandler
 .text.SMARTDMA_IRQHandler
                0x00003080        0x8 ./startup/startup_mcxn236.o
                0x00003080                SMARTDMA_IRQHandler
 .text.Reserved70_IRQHandler
                0x00003088        0x8 ./startup/startup_mcxn236.o
                0x00003088                Reserved70_IRQHandler
 .text.CTIMER3_IRQHandler
                0x00003090        0x8 ./startup/startup_mcxn236.o
                0x00003090                CTIMER3_IRQHandler
 .text.CTIMER4_IRQHandler
                0x00003098        0x8 ./startup/startup_mcxn236.o
                0x00003098                CTIMER4_IRQHandler
 .text.OS_EVENT_IRQHandler
                0x000030a0        0x8 ./startup/startup_mcxn236.o
                0x000030a0                OS_EVENT_IRQHandler
 .text.Reserved74_IRQHandler
                0x000030a8        0x8 ./startup/startup_mcxn236.o
                0x000030a8                Reserved74_IRQHandler
 .text.SAI0_IRQHandler
                0x000030b0        0x8 ./startup/startup_mcxn236.o
                0x000030b0                SAI0_IRQHandler
 .text.SAI1_IRQHandler
                0x000030b8        0x8 ./startup/startup_mcxn236.o
                0x000030b8                SAI1_IRQHandler
 .text.Reserved77_IRQHandler
                0x000030c0        0x8 ./startup/startup_mcxn236.o
                0x000030c0                Reserved77_IRQHandler
 .text.CAN0_IRQHandler
                0x000030c8        0x8 ./startup/startup_mcxn236.o
                0x000030c8                CAN0_IRQHandler
 .text.CAN1_IRQHandler
                0x000030d0        0x8 ./startup/startup_mcxn236.o
                0x000030d0                CAN1_IRQHandler
 .text.Reserved80_IRQHandler
                0x000030d8        0x8 ./startup/startup_mcxn236.o
                0x000030d8                Reserved80_IRQHandler
 .text.Reserved81_IRQHandler
                0x000030e0        0x8 ./startup/startup_mcxn236.o
                0x000030e0                Reserved81_IRQHandler
 .text.USB1_HS_PHY_IRQHandler
                0x000030e8        0x8 ./startup/startup_mcxn236.o
                0x000030e8                USB1_HS_PHY_IRQHandler
 .text.USB1_HS_IRQHandler
                0x000030f0        0x8 ./startup/startup_mcxn236.o
                0x000030f0                USB1_HS_IRQHandler
 .text.SEC_HYPERVISOR_CALL_IRQHandler
                0x000030f8        0x8 ./startup/startup_mcxn236.o
                0x000030f8                SEC_HYPERVISOR_CALL_IRQHandler
 .text.Reserved85_IRQHandler
                0x00003100        0x8 ./startup/startup_mcxn236.o
                0x00003100                Reserved85_IRQHandler
 .text.Reserved86_IRQHandler
                0x00003108        0x8 ./startup/startup_mcxn236.o
                0x00003108                Reserved86_IRQHandler
 .text.Freqme_IRQHandler
                0x00003110        0x8 ./startup/startup_mcxn236.o
                0x00003110                Freqme_IRQHandler
 .text.SEC_VIO_IRQHandler
                0x00003118        0x8 ./startup/startup_mcxn236.o
                0x00003118                SEC_VIO_IRQHandler
 .text.ELS_IRQHandler
                0x00003120        0x8 ./startup/startup_mcxn236.o
                0x00003120                ELS_IRQHandler
 .text.PKC_IRQHandler
                0x00003128        0x8 ./startup/startup_mcxn236.o
                0x00003128                PKC_IRQHandler
 .text.PUF_IRQHandler
                0x00003130        0x8 ./startup/startup_mcxn236.o
                0x00003130                PUF_IRQHandler
 .text.Reserved92_IRQHandler
                0x00003138        0x8 ./startup/startup_mcxn236.o
                0x00003138                Reserved92_IRQHandler
 .text.EDMA_1_CH0_IRQHandler
                0x00003140        0x8 ./startup/startup_mcxn236.o
                0x00003140                EDMA_1_CH0_IRQHandler
 .text.EDMA_1_CH1_IRQHandler
                0x00003148        0x8 ./startup/startup_mcxn236.o
                0x00003148                EDMA_1_CH1_IRQHandler
 .text.EDMA_1_CH2_IRQHandler
                0x00003150        0x8 ./startup/startup_mcxn236.o
                0x00003150                EDMA_1_CH2_IRQHandler
 .text.EDMA_1_CH3_IRQHandler
                0x00003158        0x8 ./startup/startup_mcxn236.o
                0x00003158                EDMA_1_CH3_IRQHandler
 .text.EDMA_1_CH4_IRQHandler
                0x00003160        0x8 ./startup/startup_mcxn236.o
                0x00003160                EDMA_1_CH4_IRQHandler
 .text.EDMA_1_CH5_IRQHandler
                0x00003168        0x8 ./startup/startup_mcxn236.o
                0x00003168                EDMA_1_CH5_IRQHandler
 .text.EDMA_1_CH6_IRQHandler
                0x00003170        0x8 ./startup/startup_mcxn236.o
                0x00003170                EDMA_1_CH6_IRQHandler
 .text.EDMA_1_CH7_IRQHandler
                0x00003178        0x8 ./startup/startup_mcxn236.o
                0x00003178                EDMA_1_CH7_IRQHandler
 .text.Reserved101_IRQHandler
                0x00003180        0x8 ./startup/startup_mcxn236.o
                0x00003180                Reserved101_IRQHandler
 .text.Reserved102_IRQHandler
                0x00003188        0x8 ./startup/startup_mcxn236.o
                0x00003188                Reserved102_IRQHandler
 .text.Reserved103_IRQHandler
                0x00003190        0x8 ./startup/startup_mcxn236.o
                0x00003190                Reserved103_IRQHandler
 .text.Reserved104_IRQHandler
                0x00003198        0x8 ./startup/startup_mcxn236.o
                0x00003198                Reserved104_IRQHandler
 .text.Reserved105_IRQHandler
                0x000031a0        0x8 ./startup/startup_mcxn236.o
                0x000031a0                Reserved105_IRQHandler
 .text.Reserved106_IRQHandler
                0x000031a8        0x8 ./startup/startup_mcxn236.o
                0x000031a8                Reserved106_IRQHandler
 .text.Reserved107_IRQHandler
                0x000031b0        0x8 ./startup/startup_mcxn236.o
                0x000031b0                Reserved107_IRQHandler
 .text.Reserved108_IRQHandler
                0x000031b8        0x8 ./startup/startup_mcxn236.o
                0x000031b8                Reserved108_IRQHandler
 .text.CDOG0_IRQHandler
                0x000031c0        0x8 ./startup/startup_mcxn236.o
                0x000031c0                CDOG0_IRQHandler
 .text.CDOG1_IRQHandler
                0x000031c8        0x8 ./startup/startup_mcxn236.o
                0x000031c8                CDOG1_IRQHandler
 .text.I3C0_IRQHandler
                0x000031d0        0x8 ./startup/startup_mcxn236.o
                0x000031d0                I3C0_IRQHandler
 .text.I3C1_IRQHandler
                0x000031d8        0x8 ./startup/startup_mcxn236.o
                0x000031d8                I3C1_IRQHandler
 .text.Reserved113_IRQHandler
                0x000031e0        0x8 ./startup/startup_mcxn236.o
                0x000031e0                Reserved113_IRQHandler
 .text.GDET_IRQHandler
                0x000031e8        0x8 ./startup/startup_mcxn236.o
                0x000031e8                GDET_IRQHandler
 .text.VBAT0_IRQHandler
                0x000031f0        0x8 ./startup/startup_mcxn236.o
                0x000031f0                VBAT0_IRQHandler
 .text.EWM0_IRQHandler
                0x000031f8        0x8 ./startup/startup_mcxn236.o
                0x000031f8                EWM0_IRQHandler
 .text.Reserved117_IRQHandler
                0x00003200        0x8 ./startup/startup_mcxn236.o
                0x00003200                Reserved117_IRQHandler
 .text.Reserved118_IRQHandler
                0x00003208        0x8 ./startup/startup_mcxn236.o
                0x00003208                Reserved118_IRQHandler
 .text.Reserved119_IRQHandler
                0x00003210        0x8 ./startup/startup_mcxn236.o
                0x00003210                Reserved119_IRQHandler
 .text.Reserved120_IRQHandler
                0x00003218        0x8 ./startup/startup_mcxn236.o
                0x00003218                Reserved120_IRQHandler
 .text.FLEXIO_IRQHandler
                0x00003220        0x8 ./startup/startup_mcxn236.o
                0x00003220                FLEXIO_IRQHandler
 .text.Reserved122_IRQHandler
                0x00003228        0x8 ./startup/startup_mcxn236.o
                0x00003228                Reserved122_IRQHandler
 .text.Reserved123_IRQHandler
                0x00003230        0x8 ./startup/startup_mcxn236.o
                0x00003230                Reserved123_IRQHandler
 .text.Reserved124_IRQHandler
                0x00003238        0x8 ./startup/startup_mcxn236.o
                0x00003238                Reserved124_IRQHandler
 .text.HSCMP0_IRQHandler
                0x00003240        0x8 ./startup/startup_mcxn236.o
                0x00003240                HSCMP0_IRQHandler
 .text.HSCMP1_IRQHandler
                0x00003248        0x8 ./startup/startup_mcxn236.o
                0x00003248                HSCMP1_IRQHandler
 .text.Reserved127_IRQHandler
                0x00003250        0x8 ./startup/startup_mcxn236.o
                0x00003250                Reserved127_IRQHandler
 .text.FLEXPWM0_RELOAD_ERROR_IRQHandler
                0x00003258        0x8 ./startup/startup_mcxn236.o
                0x00003258                FLEXPWM0_RELOAD_ERROR_IRQHandler
 .text.FLEXPWM0_FAULT_IRQHandler
                0x00003260        0x8 ./startup/startup_mcxn236.o
                0x00003260                FLEXPWM0_FAULT_IRQHandler
 .text.FLEXPWM0_SUBMODULE0_IRQHandler
                0x00003268        0x8 ./startup/startup_mcxn236.o
                0x00003268                FLEXPWM0_SUBMODULE0_IRQHandler
 .text.FLEXPWM0_SUBMODULE1_IRQHandler
                0x00003270        0x8 ./startup/startup_mcxn236.o
                0x00003270                FLEXPWM0_SUBMODULE1_IRQHandler
 .text.FLEXPWM0_SUBMODULE2_IRQHandler
                0x00003278        0x8 ./startup/startup_mcxn236.o
                0x00003278                FLEXPWM0_SUBMODULE2_IRQHandler
 .text.FLEXPWM0_SUBMODULE3_IRQHandler
                0x00003280        0x8 ./startup/startup_mcxn236.o
                0x00003280                FLEXPWM0_SUBMODULE3_IRQHandler
 .text.FLEXPWM1_RELOAD_ERROR_IRQHandler
                0x00003288        0x8 ./startup/startup_mcxn236.o
                0x00003288                FLEXPWM1_RELOAD_ERROR_IRQHandler
 .text.FLEXPWM1_FAULT_IRQHandler
                0x00003290        0x8 ./startup/startup_mcxn236.o
                0x00003290                FLEXPWM1_FAULT_IRQHandler
 .text.FLEXPWM1_SUBMODULE0_IRQHandler
                0x00003298        0x8 ./startup/startup_mcxn236.o
                0x00003298                FLEXPWM1_SUBMODULE0_IRQHandler
 .text.FLEXPWM1_SUBMODULE1_IRQHandler
                0x000032a0        0x8 ./startup/startup_mcxn236.o
                0x000032a0                FLEXPWM1_SUBMODULE1_IRQHandler
 .text.FLEXPWM1_SUBMODULE2_IRQHandler
                0x000032a8        0x8 ./startup/startup_mcxn236.o
                0x000032a8                FLEXPWM1_SUBMODULE2_IRQHandler
 .text.FLEXPWM1_SUBMODULE3_IRQHandler
                0x000032b0        0x8 ./startup/startup_mcxn236.o
                0x000032b0                FLEXPWM1_SUBMODULE3_IRQHandler
 .text.QDC0_COMPARE_IRQHandler
                0x000032b8        0x8 ./startup/startup_mcxn236.o
                0x000032b8                QDC0_COMPARE_IRQHandler
 .text.QDC0_HOME_IRQHandler
                0x000032c0        0x8 ./startup/startup_mcxn236.o
                0x000032c0                QDC0_HOME_IRQHandler
 .text.QDC0_WDG_SAB_IRQHandler
                0x000032c8        0x8 ./startup/startup_mcxn236.o
                0x000032c8                QDC0_WDG_SAB_IRQHandler
 .text.QDC0_IDX_IRQHandler
                0x000032d0        0x8 ./startup/startup_mcxn236.o
                0x000032d0                QDC0_IDX_IRQHandler
 .text.QDC1_COMPARE_IRQHandler
                0x000032d8        0x8 ./startup/startup_mcxn236.o
                0x000032d8                QDC1_COMPARE_IRQHandler
 .text.QDC1_HOME_IRQHandler
                0x000032e0        0x8 ./startup/startup_mcxn236.o
                0x000032e0                QDC1_HOME_IRQHandler
 .text.QDC1_WDG_SAB_IRQHandler
                0x000032e8        0x8 ./startup/startup_mcxn236.o
                0x000032e8                QDC1_WDG_SAB_IRQHandler
 .text.QDC1_IDX_IRQHandler
                0x000032f0        0x8 ./startup/startup_mcxn236.o
                0x000032f0                QDC1_IDX_IRQHandler
 .text.ITRC0_IRQHandler
                0x000032f8        0x8 ./startup/startup_mcxn236.o
                0x000032f8                ITRC0_IRQHandler
 .text.Reserved149_IRQHandler
                0x00003300        0x8 ./startup/startup_mcxn236.o
                0x00003300                Reserved149_IRQHandler
 .text.ELS_ERR_IRQHandler
                0x00003308        0x8 ./startup/startup_mcxn236.o
                0x00003308                ELS_ERR_IRQHandler
 .text.PKC_ERR_IRQHandler
                0x00003310        0x8 ./startup/startup_mcxn236.o
                0x00003310                PKC_ERR_IRQHandler
 .text.ERM_SINGLE_BIT_ERROR_IRQHandler
                0x00003318        0x8 ./startup/startup_mcxn236.o
                0x00003318                ERM_SINGLE_BIT_ERROR_IRQHandler
 .text.ERM_MULTI_BIT_ERROR_IRQHandler
                0x00003320        0x8 ./startup/startup_mcxn236.o
                0x00003320                ERM_MULTI_BIT_ERROR_IRQHandler
 .text.FMU0_IRQHandler
                0x00003328        0x8 ./startup/startup_mcxn236.o
                0x00003328                FMU0_IRQHandler
 .text.Reserved155_IRQHandler
                0x00003330        0x8 ./startup/startup_mcxn236.o
                0x00003330                Reserved155_IRQHandler
 .text.Reserved156_IRQHandler
                0x00003338        0x8 ./startup/startup_mcxn236.o
                0x00003338                Reserved156_IRQHandler
 .text.Reserved157_IRQHandler
                0x00003340        0x8 ./startup/startup_mcxn236.o
                0x00003340                Reserved157_IRQHandler
 .text.Reserved158_IRQHandler
                0x00003348        0x8 ./startup/startup_mcxn236.o
                0x00003348                Reserved158_IRQHandler
 .text.LPTMR0_IRQHandler
                0x00003350        0x8 ./startup/startup_mcxn236.o
                0x00003350                LPTMR0_IRQHandler
 .text.LPTMR1_IRQHandler
                0x00003358        0x8 ./startup/startup_mcxn236.o
                0x00003358                LPTMR1_IRQHandler
 .text.SCG_IRQHandler
                0x00003360        0x8 ./startup/startup_mcxn236.o
                0x00003360                SCG_IRQHandler
 .text.SPC_IRQHandler
                0x00003368        0x8 ./startup/startup_mcxn236.o
                0x00003368                SPC_IRQHandler
 .text.WUU_IRQHandler
                0x00003370        0x8 ./startup/startup_mcxn236.o
                0x00003370                WUU_IRQHandler
 .text.PORT_EFT_IRQHandler
                0x00003378        0x8 ./startup/startup_mcxn236.o
                0x00003378                PORT_EFT_IRQHandler
 .text.Reserved165_IRQHandler
                0x00003380        0x8 ./startup/startup_mcxn236.o
                0x00003380                Reserved165_IRQHandler
 .text.Reserved166_IRQHandler
                0x00003388        0x8 ./startup/startup_mcxn236.o
                0x00003388                Reserved166_IRQHandler
 .text.Reserved167_IRQHandler
                0x00003390        0x8 ./startup/startup_mcxn236.o
                0x00003390                Reserved167_IRQHandler
 .text.WWDT0_IRQHandler
                0x00003398        0x8 ./startup/startup_mcxn236.o
                0x00003398                WWDT0_IRQHandler
 .text.WWDT1_IRQHandler
                0x000033a0        0x8 ./startup/startup_mcxn236.o
                0x000033a0                WWDT1_IRQHandler
 .text.CMC0_IRQHandler
                0x000033a8        0x8 ./startup/startup_mcxn236.o
                0x000033a8                CMC0_IRQHandler
 .text.HardFault_Handler
                0x000033b0       0x36 ./source/semihost_hardfault.o
                0x000033b0                HardFault_Handler
 .text.CLOCK_GetPll0OutFreq
                0x000033e6       0x88 ./drivers/fsl_clock.o
                0x000033e6                CLOCK_GetPll0OutFreq
 .text.GPIO_PinWrite
                0x0000346e       0x36 ./drivers/fsl_gpio.o
 .text.GPIO_GpioGetInterruptFlags
                0x000034a4       0x1a ./drivers/fsl_gpio.o
                0x000034a4                GPIO_GpioGetInterruptFlags
 .text.GPIO_GpioClearInterruptFlags
                0x000034be       0x1e ./drivers/fsl_gpio.o
                0x000034be                GPIO_GpioClearInterruptFlags
 .text.EnableIRQ
                0x000034dc       0x32 ./drivers/fsl_gpio_cmsis.o
 .text.GPIO_PinWrite
                0x0000350e       0x36 ./drivers/fsl_gpio_cmsis.o
 .text.GPIO_PinRead
                0x00003544       0x24 ./drivers/fsl_gpio_cmsis.o
 .text.PORT_SetPinMux
                0x00003568       0x3e ./drivers/fsl_gpio_cmsis.o
 .text.CMSIS_GPIO_Setup
                0x000035a6       0x6e ./drivers/fsl_gpio_cmsis.o
 .text.CMSIS_GPIO_SetDirection
                0x00003614       0x58 ./drivers/fsl_gpio_cmsis.o
 .text.CMSIS_GPIO_SetOutputMode
                0x0000366c       0x1e ./drivers/fsl_gpio_cmsis.o
 .text.CMSIS_GPIO_SetOutput
                0x0000368a       0x26 ./drivers/fsl_gpio_cmsis.o
 .text.CMSIS_GPIO_GetInput
                0x000036b0       0x2c ./drivers/fsl_gpio_cmsis.o
 .text.LP_FLEXCOMM_PeripheralIsPresent
                0x000036dc       0x52 ./drivers/fsl_lpflexcomm.o
 .text.LP_FLEXCOMM0_DriverIRQHandler
                0x0000372e        0xe ./drivers/fsl_lpflexcomm.o
                0x0000372e                LP_FLEXCOMM0_DriverIRQHandler
 .text.LP_FLEXCOMM1_DriverIRQHandler
                0x0000373c        0xe ./drivers/fsl_lpflexcomm.o
                0x0000373c                LP_FLEXCOMM1_DriverIRQHandler
 .text.LP_FLEXCOMM2_DriverIRQHandler
                0x0000374a        0xe ./drivers/fsl_lpflexcomm.o
                0x0000374a                LP_FLEXCOMM2_DriverIRQHandler
 .text.LP_FLEXCOMM3_DriverIRQHandler
                0x00003758        0xe ./drivers/fsl_lpflexcomm.o
                0x00003758                LP_FLEXCOMM3_DriverIRQHandler
 .text.LP_FLEXCOMM4_DriverIRQHandler
                0x00003766        0xe ./drivers/fsl_lpflexcomm.o
                0x00003766                LP_FLEXCOMM4_DriverIRQHandler
 .text.LP_FLEXCOMM5_DriverIRQHandler
                0x00003774        0xe ./drivers/fsl_lpflexcomm.o
                0x00003774                LP_FLEXCOMM5_DriverIRQHandler
 .text.LP_FLEXCOMM6_DriverIRQHandler
                0x00003782        0xe ./drivers/fsl_lpflexcomm.o
                0x00003782                LP_FLEXCOMM6_DriverIRQHandler
 .text.LP_FLEXCOMM7_DriverIRQHandler
                0x00003790        0xe ./drivers/fsl_lpflexcomm.o
                0x00003790                LP_FLEXCOMM7_DriverIRQHandler
 .text.LPUART_SoftwareReset
                0x0000379e       0x2c ./drivers/fsl_lpuart.o
 .text.SPC_GetActiveModeBandgapMode
                0x000037ca       0x22 ./drivers/fsl_spc.o
 .text.SPC_GetActiveModeVoltageDetectStatus
                0x000037ec       0x22 ./drivers/fsl_spc.o
 .text.SPC_GetActiveModeCoreLDOVDDVoltageLevel
                0x0000380e       0x22 ./drivers/fsl_spc.o
 .text.SPC_GetActiveModeCoreLDODriveStrength
                0x00003830       0x22 ./drivers/fsl_spc.o
 .text.SPC_SetActiveModeDCDCRegulatorVoltageLevel
                0x00003852       0x32 ./drivers/fsl_spc.o
 .text.SPC_SetActiveModeCoreLDORegulatorVoltageLevel
                0x00003884       0x60 ./drivers/fsl_spc.o
                0x00003884                SPC_SetActiveModeCoreLDORegulatorVoltageLevel
 .text.SPC_SetActiveModeCoreLDORegulatorDriveStrength
                0x000038e4       0x5e ./drivers/fsl_spc.o
                0x000038e4                SPC_SetActiveModeCoreLDORegulatorDriveStrength
 .text.SPC_SetActiveModeDCDCRegulatorDriveStrength
                0x00003942       0x48 ./drivers/fsl_spc.o
                0x00003942                SPC_SetActiveModeDCDCRegulatorDriveStrength
 .text.SystemInitHook
                0x0000398a        0xe ./device/system_MCXN236.o
                0x0000398a                SystemInitHook
 .text.HAL_UartGetStatus
                0x00003998       0x28 ./component/uart/fsl_adapter_lpuart.o
 .text.BOARD_InitBootClocks
                0x000039c0        0xc ./board/clock_config.o
                0x000039c0                BOARD_InitBootClocks
 .text.BOARD_InitHardware
                0x000039cc       0x38 ./board/hardware_init.o
                0x000039cc                BOARD_InitHardware
 .text.BOARD_InitBootPins
                0x00003a04        0xc ./board/pin_mux.o
                0x00003a04                BOARD_InitBootPins
 .text.__main   0x00003a10        0xe C:/nxp/MCUXpressoIDE_25.6.136/ide/plugins/com.nxp.mcuxpresso.tools.win32_25.6.0.202501151204/tools/bin/../lib/gcc/arm-none-eabi/14.2.1/../../../../arm-none-eabi/lib/thumb/v8-m.main+fp/hard\libcr_nohost_nf.a(_cr__main.o)
                0x00003a10                __main
 .text.memset   0x00003a1e        0x4 C:/nxp/MCUXpressoIDE_25.6.136/ide/plugins/com.nxp.mcuxpresso.tools.win32_25.6.0.202501151204/tools/bin/../lib/gcc/arm-none-eabi/14.2.1/../../../../arm-none-eabi/lib/thumb/v8-m.main+fp/hard\libcr_c.a(memset.o)
                0x00003a1e                memset
 .text.free     0x00003a22       0x30 C:/nxp/MCUXpressoIDE_25.6.136/ide/plugins/com.nxp.mcuxpresso.tools.win32_25.6.0.202501151204/tools/bin/../lib/gcc/arm-none-eabi/14.2.1/../../../../arm-none-eabi/lib/thumb/v8-m.main+fp/hard\libcr_c.a(alloc.o)
                0x00003a22                free
 .text.setvbuf  0x00003a52       0x3e C:/nxp/MCUXpressoIDE_25.6.136/ide/plugins/com.nxp.mcuxpresso.tools.win32_25.6.0.202501151204/tools/bin/../lib/gcc/arm-none-eabi/14.2.1/../../../../arm-none-eabi/lib/thumb/v8-m.main+fp/hard\libcr_c.a(setvbuf.o)
                0x00003a52                setvbuf
 .text.strlen   0x00003a90       0x4e C:/nxp/MCUXpressoIDE_25.6.136/ide/plugins/com.nxp.mcuxpresso.tools.win32_25.6.0.202501151204/tools/bin/../lib/gcc/arm-none-eabi/14.2.1/../../../../arm-none-eabi/lib/thumb/v8-m.main+fp/hard\libcr_c.a(strlen.o)
                0x00003a90                strlen
 .text._deferredlazyseek
                0x00003ade       0x40 C:/nxp/MCUXpressoIDE_25.6.136/ide/plugins/com.nxp.mcuxpresso.tools.win32_25.6.0.202501151204/tools/bin/../lib/gcc/arm-none-eabi/14.2.1/../../../../arm-none-eabi/lib/thumb/v8-m.main+fp/hard\libcr_c.a(_deferredlazyseek.o)
                0x00003ade                _deferredlazyseek
 .text._fdopen  0x00003b1e       0x68 C:/nxp/MCUXpressoIDE_25.6.136/ide/plugins/com.nxp.mcuxpresso.tools.win32_25.6.0.202501151204/tools/bin/../lib/gcc/arm-none-eabi/14.2.1/../../../../arm-none-eabi/lib/thumb/v8-m.main+fp/hard\libcr_c.a(_fdopen.o)
                0x00003b1e                _fdopen
 .text._fflush  0x00003b86       0x52 C:/nxp/MCUXpressoIDE_25.6.136/ide/plugins/com.nxp.mcuxpresso.tools.win32_25.6.0.202501151204/tools/bin/../lib/gcc/arm-none-eabi/14.2.1/../../../../arm-none-eabi/lib/thumb/v8-m.main+fp/hard\libcr_c.a(_fflush.o)
                0x00003b86                _fflush
 .text.fclose   0x00003bd8       0x58 C:/nxp/MCUXpressoIDE_25.6.136/ide/plugins/com.nxp.mcuxpresso.tools.win32_25.6.0.202501151204/tools/bin/../lib/gcc/arm-none-eabi/14.2.1/../../../../arm-none-eabi/lib/thumb/v8-m.main+fp/hard\libcr_c.a(fclose.o)
                0x00003bd8                fclose
 .text.remove   0x00003c30       0x14 C:/nxp/MCUXpressoIDE_25.6.136/ide/plugins/com.nxp.mcuxpresso.tools.win32_25.6.0.202501151204/tools/bin/../lib/gcc/arm-none-eabi/14.2.1/../../../../arm-none-eabi/lib/thumb/v8-m.main+fp/hard\libcr_c.a(remove.o)
                0x00003c30                remove
 .text._do_fflush
                0x00003c44       0x40 C:/nxp/MCUXpressoIDE_25.6.136/ide/plugins/com.nxp.mcuxpresso.tools.win32_25.6.0.202501151204/tools/bin/../lib/gcc/arm-none-eabi/14.2.1/../../../../arm-none-eabi/lib/thumb/v8-m.main+fp/hard\libcr_c.a(_do_fflush.o)
                0x00003c44                _do_fflush
 .text.__aeabi_division_uldivmod
                0x00003c84      0x174 C:/nxp/MCUXpressoIDE_25.6.136/ide/plugins/com.nxp.mcuxpresso.tools.win32_25.6.0.202501151204/tools/bin/../lib/gcc/arm-none-eabi/14.2.1/thumb/v8-m.main+fp/hard\libcr_eabihelpers.a(division_64.o)
                0x00003c84                __aeabi_uldivmod
                0x00003c88                __bhs_ldivmod1
 .text.__aeabi_division_idiv0
                0x00003df8        0x2 C:/nxp/MCUXpressoIDE_25.6.136/ide/plugins/com.nxp.mcuxpresso.tools.win32_25.6.0.202501151204/tools/bin/../lib/gcc/arm-none-eabi/14.2.1/thumb/v8-m.main+fp/hard\libcr_eabihelpers.a(division_idiv0.o)
                0x00003df8                __aeabi_idiv0
 .text.__aeabi_f2ulz
                0x00003dfa       0x3e C:/nxp/MCUXpressoIDE_25.6.136/ide/plugins/com.nxp.mcuxpresso.tools.win32_25.6.0.202501151204/tools/bin/../lib/gcc/arm-none-eabi/14.2.1/thumb/v8-m.main+fp/hard\libcr_eabihelpers.a(float.o)
                0x00003dfa                __aeabi_f2ulz
 .text.__aeabi_memset_lowlevel
                0x00003e38       0x32 C:/nxp/MCUXpressoIDE_25.6.136/ide/plugins/com.nxp.mcuxpresso.tools.win32_25.6.0.202501151204/tools/bin/../lib/gcc/arm-none-eabi/14.2.1/thumb/v8-m.main+fp/hard\libcr_eabihelpers.a(memcpy.o)
                0x00003e38                __aeabi_lowlevel_memset
 .text.__sys_close
                0x00003e6a        0x6 C:/nxp/MCUXpressoIDE_25.6.136/ide/plugins/com.nxp.mcuxpresso.tools.win32_25.6.0.202501151204/tools/bin/../lib/gcc/arm-none-eabi/14.2.1/../../../../arm-none-eabi/lib/thumb/v8-m.main+fp/hard\libcr_nohost_nf.a(__sys_close.o)
                0x00003e6a                __sys_close
 .text.__sys_flen
                0x00003e70        0x6 C:/nxp/MCUXpressoIDE_25.6.136/ide/plugins/com.nxp.mcuxpresso.tools.win32_25.6.0.202501151204/tools/bin/../lib/gcc/arm-none-eabi/14.2.1/../../../../arm-none-eabi/lib/thumb/v8-m.main+fp/hard\libcr_nohost_nf.a(__sys_flen.o)
                0x00003e70                __sys_flen
 .text.__sys_istty
                0x00003e76        0x6 C:/nxp/MCUXpressoIDE_25.6.136/ide/plugins/com.nxp.mcuxpresso.tools.win32_25.6.0.202501151204/tools/bin/../lib/gcc/arm-none-eabi/14.2.1/../../../../arm-none-eabi/lib/thumb/v8-m.main+fp/hard\libcr_nohost_nf.a(__sys_istty.o)
                0x00003e76                __sys_istty
 .text.__sys_remove
                0x00003e7c        0x6 C:/nxp/MCUXpressoIDE_25.6.136/ide/plugins/com.nxp.mcuxpresso.tools.win32_25.6.0.202501151204/tools/bin/../lib/gcc/arm-none-eabi/14.2.1/../../../../arm-none-eabi/lib/thumb/v8-m.main+fp/hard\libcr_nohost_nf.a(__sys_remove.o)
                0x00003e7c                __sys_remove
 .text.__sys_seek
                0x00003e82        0x6 C:/nxp/MCUXpressoIDE_25.6.136/ide/plugins/com.nxp.mcuxpresso.tools.win32_25.6.0.202501151204/tools/bin/../lib/gcc/arm-none-eabi/14.2.1/../../../../arm-none-eabi/lib/thumb/v8-m.main+fp/hard\libcr_nohost_nf.a(__sys_seek.o)
                0x00003e82                __sys_seek
 .text.__sys_tmpnam
                0x00003e88        0x6 C:/nxp/MCUXpressoIDE_25.6.136/ide/plugins/com.nxp.mcuxpresso.tools.win32_25.6.0.202501151204/tools/bin/../lib/gcc/arm-none-eabi/14.2.1/../../../../arm-none-eabi/lib/thumb/v8-m.main+fp/hard\libcr_nohost_nf.a(__sys_tmpnam.o)
                0x00003e88                __sys_tmpnam
 .text.__sys_write
                0x00003e8e        0x4 C:/nxp/MCUXpressoIDE_25.6.136/ide/plugins/com.nxp.mcuxpresso.tools.win32_25.6.0.202501151204/tools/bin/../lib/gcc/arm-none-eabi/14.2.1/../../../../arm-none-eabi/lib/thumb/v8-m.main+fp/hard\libcr_nohost_nf.a(__sys_write.o)
                0x00003e8e                __sys_write
 *(SORT_BY_ALIGNMENT(.rodata) SORT_BY_ALIGNMENT(.rodata.*) SORT_BY_ALIGNMENT(.constdata) SORT_BY_ALIGNMENT(.constdata.*))
 *fill*         0x00003e92        0x2 ff
 .rodata.__assertion_failed.str1.4
                0x00003e94      0x94d ./utilities/fsl_assert.o
                                 0x14 (size before relaxing)
 .rodata.BUTTON_EventCallback.str1.4
                0x000047e1       0x15 ./source/cmsis_button_toggle_led.o
 .rodata.SysTick_Handler.str1.4
                0x000047e1       0x1e ./source/cmsis_button_toggle_led.o
 .rodata.main.str1.4
                0x000047e1       0xd3 ./source/cmsis_button_toggle_led.o
 .rodata.CLOCK_AttachClk.str1.4
                0x000047e1       0x58 ./drivers/fsl_clock.o
 .rodata.CLOCK_EnableClock.str1.4
                0x000047e1       0x36 ./drivers/fsl_gpio.o
 .rodata.CLOCK_DisableClock.str1.4
                0x000047e1       0x36 ./drivers/fsl_gpio.o
 *fill*         0x000047e1        0x3 ff
 .rodata.s_gpioBases
                0x000047e4       0x30 ./drivers/fsl_gpio.o
 .rodata.s_gpioClockName
                0x00004814        0xc ./drivers/fsl_gpio.o
 .rodata.GPIO_GetInstance.str1.4
                0x00004820       0x34 ./drivers/fsl_gpio.o
 .rodata.GPIO_PortClockEnable.str1.4
                0x00004820       0x38 ./drivers/fsl_gpio.o
 .rodata.GPIO_PinInit.str1.4
                0x00004820       0x20 ./drivers/fsl_gpio.o
 .rodata.GPIO_SetPinInterruptConfig.str1.4
                0x00004820       0x1e ./drivers/fsl_gpio_cmsis.o
 .rodata.CMSIS_GPIO_SetPullResistor.str1.4
                0x00004820       0x1d ./drivers/fsl_gpio_cmsis.o
 .rodata.CMSIS_GPIO_SetEventTrigger.str1.4
                0x00004820       0x1d ./drivers/fsl_gpio_cmsis.o
 .rodata.CMSIS_GPIO_EventIRQ.str1.4
                0x00004820       0x45 ./drivers/fsl_gpio_cmsis.o
 .rodata.s_gpio_port0_cmsis_config
                0x00004820        0x8 ./drivers/fsl_gpio_cmsis.o
 .rodata.Driver_GPIO_PORT0
                0x00004828       0x1c ./drivers/fsl_gpio_cmsis.o
                0x00004828                Driver_GPIO_PORT0
 .rodata.s_gpio_port4_cmsis_config
                0x00004844        0x8 ./drivers/fsl_gpio_cmsis.o
 .rodata.Driver_GPIO_PORT4
                0x0000484c       0x1c ./drivers/fsl_gpio_cmsis.o
                0x0000484c                Driver_GPIO_PORT4
 .rodata.CLOCK_EnableClock.str1.4
                0x00004868       0x36 ./drivers/fsl_lpflexcomm.o
 .rodata.s_lpflexcommBase
                0x00004868       0x20 ./drivers/fsl_lpflexcomm.o
 .rodata.s_lpflexcommClocks
                0x00004888       0x10 ./drivers/fsl_lpflexcomm.o
 .rodata.s_lpflexcommResets
                0x00004898       0x20 ./drivers/fsl_lpflexcomm.o
 .rodata.LP_FLEXCOMM_SetPeriph.str1.4
                0x000048b8       0x43 ./drivers/fsl_lpflexcomm.o
 .rodata.LP_FLEXCOMM_Init.str1.4
                0x000048b8       0x49 ./drivers/fsl_lpflexcomm.o
 .rodata.s_lpuartBases
                0x000048b8       0x20 ./drivers/fsl_lpuart.o
 .rodata.LPUART_GetInstance.str1.4
                0x000048d8       0x38 ./drivers/fsl_lpuart.o
 .rodata.LPUART_Init.str1.4
                0x000048d8      0x10a ./drivers/fsl_lpuart.o
 .rodata.LPUART_GetDefaultConfig.str1.4
                0x000048d8       0x22 ./drivers/fsl_lpuart.o
 .rodata.LPUART_WriteBlocking.str1.4
                0x000048d8       0x21 ./drivers/fsl_lpuart.o
 .rodata.LPUART_ReadBlocking.str1.4
                0x000048d8       0x21 ./drivers/fsl_lpuart.o
 .rodata.RESET_ClearPeripheralReset.str1.4
                0x000048d8       0x57 ./drivers/fsl_reset.o
 .rodata.SPC_SetSRAMOperateVoltage.str1.4
                0x000048d8       0x1f ./drivers/fsl_spc.o
 .rodata.SPC_SetActiveModeCoreLDORegulatorConfig.str1.4
                0x000048d8       0x1f ./drivers/fsl_spc.o
 .rodata.SPC_SetActiveModeDCDCRegulatorConfig.str1.4
                0x000048d8       0x20 ./drivers/fsl_spc.o
 .rodata.s_LpuartAdapterBase
                0x000048d8       0x20 ./component/uart/fsl_adapter_lpuart.o
 .rodata.HAL_UartInit.str1.4
                0x000048f8      0x116 ./component/uart/fsl_adapter_lpuart.o
 .rodata.HAL_UartReceiveBlocking.str1.4
                0x000048f8       0x7b ./component/uart/fsl_adapter_lpuart.o
 .rodata.HAL_UartSendBlocking.str1.4
                0x000048f8       0x7b ./component/uart/fsl_adapter_lpuart.o
 .rodata.CLOCK_EnableClock.str1.4
                0x000048f8       0x9f ./board/clock_config.o
 .rodata        0x000048f8       0x22 ./board/clock_config.o
 .rodata.CLOCK_EnableClock.str1.4
                0x0000491a       0x9f ./board/pin_mux.o
 .rodata.PORT_SetPinConfig.str1.4
                0x0000491a       0x89 ./board/pin_mux.o
 *fill*         0x0000491a        0x2 ff
 .rodata.__num_Ciob_streams
                0x0000491c        0x4 C:/nxp/MCUXpressoIDE_25.6.136/ide/plugins/com.nxp.mcuxpresso.tools.win32_25.6.0.202501151204/tools/bin/../lib/gcc/arm-none-eabi/14.2.1/../../../../arm-none-eabi/lib/thumb/v8-m.main+fp/hard\libcr_nohost_nf.a(__ciob.o)
                0x0000491c                __num_Ciob_streams
 .rodata._initio.str1.1
                0x00004920        0x4 C:/nxp/MCUXpressoIDE_25.6.136/ide/plugins/com.nxp.mcuxpresso.tools.win32_25.6.0.202501151204/tools/bin/../lib/gcc/arm-none-eabi/14.2.1/../../../../arm-none-eabi/lib/thumb/v8-m.main+fp/hard\libcr_c.a(initio.o)
                0x00004924                        . = ALIGN (0x4)

.glue_7         0x00004924        0x0
 .glue_7        0x00004924        0x0 linker stubs

.glue_7t        0x00004924        0x0
 .glue_7t       0x00004924        0x0 linker stubs

.vfp11_veneer   0x00004924        0x0
 .vfp11_veneer  0x00004924        0x0 linker stubs

.v4_bx          0x00004924        0x0
 .v4_bx         0x00004924        0x0 linker stubs

.iplt           0x00004924        0x0
 .iplt          0x00004924        0x0 ./utilities/debug_console_lite/fsl_debug_console.o

.rel.dyn        0x00004924        0x0
 .rel.iplt      0x00004924        0x0 ./utilities/debug_console_lite/fsl_debug_console.o

.ARM.extab
 *(SORT_BY_ALIGNMENT(.ARM.extab*) SORT_BY_ALIGNMENT(.gnu.linkonce.armextab.*))

.ARM.exidx      0x00004924        0x0
                0x00004924                        __exidx_start = .
 *(SORT_BY_ALIGNMENT(.ARM.exidx*) SORT_BY_ALIGNMENT(.gnu.linkonce.armexidx.*))
                0x00004924                        __exidx_end = .
                0x00004924                        _etext = .

.data_RAM2      0x04000000        0x0 load address 0x00004924
 FILL mask 0xff
                [!provide]                        PROVIDE (__start_data_RAM2 = .)
                [!provide]                        PROVIDE (__start_data_SRAMX = .)
 *(SORT_BY_ALIGNMENT(.ramfunc.$RAM2))
 *(SORT_BY_ALIGNMENT(.ramfunc.$SRAMX))
 *(SORT_BY_ALIGNMENT(.data.$RAM2))
 *(SORT_BY_ALIGNMENT(.data.$SRAMX))
 *(SORT_BY_ALIGNMENT(.data.$RAM2.*))
 *(SORT_BY_ALIGNMENT(.data.$SRAMX.*))
                0x04000000                        . = ALIGN (0x4)
                [!provide]                        PROVIDE (__end_data_RAM2 = .)
                [!provide]                        PROVIDE (__end_data_SRAMX = .)

.uninit_RESERVED
                0x20000000        0x0
                0x20000000                        _start_uninit_RESERVED = .
 *(SORT_BY_ALIGNMENT(.bss.$RESERVED*))
                0x20000000                        . = ALIGN (0x4)
                0x20000000                        _end_uninit_RESERVED = .

.data           0x20000000       0x20 load address 0x00004924
 FILL mask 0xff
                0x20000000                        _data = .
                [!provide]                        PROVIDE (__start_data_RAM = .)
                [!provide]                        PROVIDE (__start_data_SRAM = .)
 *(SORT_BY_ALIGNMENT(vtable))
 *(SORT_BY_ALIGNMENT(.ramfunc*))
 *(SORT_BY_ALIGNMENT(CodeQuickAccess))
 *(SORT_BY_ALIGNMENT(DataQuickAccess))
 *(SORT_BY_ALIGNMENT(RamFunction))
 *(SORT_BY_ALIGNMENT(.data*))
 .data.seed.0   0x20000000        0x4 ./source/cmsis_button_toggle_led.o
 .data.s_Ext_Clk_Freq
                0x20000004        0x4 ./drivers/fsl_clock.o
 .data.s_Xtal32_Freq
                0x20000008        0x4 ./drivers/fsl_clock.o
 .data.s_gpio_port0_handle
                0x2000000c        0x8 ./drivers/fsl_gpio_cmsis.o
 .data.s_gpio_port4_handle
                0x20000014        0x8 ./drivers/fsl_gpio_cmsis.o
 .data.SystemCoreClock
                0x2000001c        0x4 ./device/system_MCXN236.o
                0x2000001c                SystemCoreClock
                0x20000020                        . = ALIGN (0x4)
                0x20000020                        _edata = .
                [!provide]                        PROVIDE (__end_data_RAM = .)
                [!provide]                        PROVIDE (__end_data_SRAM = .)

.igot.plt       0x20000020        0x0 load address 0x00004944
 .igot.plt      0x20000020        0x0 ./utilities/debug_console_lite/fsl_debug_console.o

.bss_RAM2       0x04000000        0x0
                [!provide]                        PROVIDE (__start_bss_RAM2 = .)
                [!provide]                        PROVIDE (__start_bss_SRAMX = .)
 *(SORT_BY_ALIGNMENT(.bss.$RAM2))
 *(SORT_BY_ALIGNMENT(.bss.$SRAMX))
 *(SORT_BY_ALIGNMENT(.bss.$RAM2.*))
 *(SORT_BY_ALIGNMENT(.bss.$SRAMX.*))
                0x04000000                        . = ALIGN ((. != 0x0)?0x4:0x1)
                [!provide]                        PROVIDE (__end_bss_RAM2 = .)
                [!provide]                        PROVIDE (__end_bss_SRAMX = .)

.bss            0x20000020      0x1e0
                0x20000020                        _bss = .
                [!provide]                        PROVIDE (__start_bss_RAM = .)
                [!provide]                        PROVIDE (__start_bss_SRAM = .)
 *(SORT_BY_ALIGNMENT(.bss*))
 .bss.s_debugConsole
                0x20000020       0x14 ./utilities/debug_console_lite/fsl_debug_console.o
 .bss.g_msTicks
                0x20000034        0x4 ./source/cmsis_button_toggle_led.o
                0x20000034                g_msTicks
 .bss.randomDelay
                0x20000038        0x4 ./source/cmsis_button_toggle_led.o
                0x20000038                randomDelay
 .bss.reactionStartTime
                0x2000003c        0x4 ./source/cmsis_button_toggle_led.o
                0x2000003c                reactionStartTime
 .bss.s_gpioIsr
                0x20000040        0x4 ./drivers/fsl_gpio_cmsis.o
 .bss.s_lpflexcommIrqHandler
                0x20000044       0x80 ./drivers/fsl_lpflexcomm.o
 .bss.s_lpflexcommHandle
                0x200000c4       0x80 ./drivers/fsl_lpflexcomm.o
 .bss.errno     0x20000144        0x4 C:/nxp/MCUXpressoIDE_25.6.136/ide/plugins/com.nxp.mcuxpresso.tools.win32_25.6.0.202501151204/tools/bin/../lib/gcc/arm-none-eabi/14.2.1/../../../../arm-none-eabi/lib/thumb/v8-m.main+fp/hard\libcr_c.a(errno.o)
                0x20000144                errno
 .bss.__Ciob    0x20000148       0xb4 C:/nxp/MCUXpressoIDE_25.6.136/ide/plugins/com.nxp.mcuxpresso.tools.win32_25.6.0.202501151204/tools/bin/../lib/gcc/arm-none-eabi/14.2.1/../../../../arm-none-eabi/lib/thumb/v8-m.main+fp/hard\libcr_nohost_nf.a(__ciob.o)
                0x20000148                __Ciob
 .bss.g_ButtonPress
                0x200001fc        0x1 ./source/cmsis_button_toggle_led.o
                0x200001fc                g_ButtonPress
 .bss.gameStarted
                0x200001fd        0x1 ./source/cmsis_button_toggle_led.o
                0x200001fd                gameStarted
 .bss.waitingForReaction
                0x200001fe        0x1 ./source/cmsis_button_toggle_led.o
                0x200001fe                waitingForReaction
 *(SORT_BY_ALIGNMENT(COMMON))
                0x20000200                        . = ALIGN (0x4)
 *fill*         0x200001ff        0x1 
                0x20000200                        _ebss = .
                [!provide]                        PROVIDE (__end_bss_RAM = .)
                [!provide]                        PROVIDE (__end_bss_SRAM = .)
                [!provide]                        PROVIDE (end = .)

.noinit_RAM2    0x04000000        0x0
                [!provide]                        PROVIDE (__start_noinit_RAM2 = .)
                [!provide]                        PROVIDE (__start_noinit_SRAMX = .)
 *(SORT_BY_ALIGNMENT(.noinit.$RAM2))
 *(SORT_BY_ALIGNMENT(.noinit.$SRAMX))
 *(SORT_BY_ALIGNMENT(.noinit.$RAM2.*))
 *(SORT_BY_ALIGNMENT(.noinit.$SRAMX.*))
                0x04000000                        . = ALIGN (0x4)
                [!provide]                        PROVIDE (__end_noinit_RAM2 = .)
                [!provide]                        PROVIDE (__end_noinit_SRAMX = .)

.noinit         0x20000200        0x0
                0x20000200                        _noinit = .
                [!provide]                        PROVIDE (__start_noinit_RAM = .)
                [!provide]                        PROVIDE (__start_noinit_SRAM = .)
 *(SORT_BY_ALIGNMENT(.noinit*))
                0x20000200                        . = ALIGN (0x4)
                0x20000200                        _end_noinit = .
                [!provide]                        PROVIDE (__end_noinit_RAM = .)
                [!provide]                        PROVIDE (__end_noinit_SRAM = .)
                0x00001000                        _HeapSize = 0x1000

.heap           0x20000200     0x1000
                0x20000200                        _pvHeapStart = .
                0x20001200                        . = (. + _HeapSize)
 *fill*         0x20000200     0x1000 
                0x20001200                        . = ALIGN (0x4)
                0x20001200                        _pvHeapLimit = .
                0x00001000                        _StackSize = 0x1000

.heap2stackfill
                0x20001200     0x1000
                0x20002200                        . = (. + _StackSize)
 *fill*         0x20001200     0x1000 

.stack          0x20037000        0x0
                0x20037000                        _vStackBase = .
                0x20037000                        . = ALIGN (0x4)
                0x20038000                        _vStackTop = (. + _StackSize)
                0x00000000                        _image_start = LOADADDR (.text)
                0x00004944                        _image_end = (LOADADDR (.data) + SIZEOF (.data))
                0x00004944                        _image_size = (_image_end - _image_start)
OUTPUT(frdmmcxn2361_cmsis_button_toggle_led.axf elf32-littlearm)
LOAD linker stubs

.debug_info     0x00000000    0x1d483
 .debug_info    0x00000000      0xd24 ./utilities/debug_console_lite/fsl_debug_console.o
 .debug_info    0x00000d24      0x1c9 ./utilities/fsl_assert.o
 .debug_info    0x00000eed       0x24 ./utilities/fsl_memcpy.o
 .debug_info    0x00000f11     0x1499 ./startup/startup_mcxn236.o
 .debug_info    0x000023aa     0x1090 ./source/cmsis_button_toggle_led.o
 .debug_info    0x0000343a       0x3c ./source/semihost_hardfault.o
 .debug_info    0x00003476     0x499c ./drivers/fsl_clock.o
 .debug_info    0x00007e12     0x18ba ./drivers/fsl_gpio.o
 .debug_info    0x000096cc     0x183b ./drivers/fsl_gpio_cmsis.o
 .debug_info    0x0000af07     0x1ef4 ./drivers/fsl_lpflexcomm.o
 .debug_info    0x0000cdfb     0x2424 ./drivers/fsl_lpuart.o
 .debug_info    0x0000f21f      0xf3f ./drivers/fsl_reset.o
 .debug_info    0x0001015e     0x1a73 ./drivers/fsl_spc.o
 .debug_info    0x00011bd1     0x169a ./device/system_MCXN236.o
 .debug_info    0x0001326b      0xe7d ./component/uart/fsl_adapter_lpuart.o
 .debug_info    0x000140e8     0x1082 ./board/board.o
 .debug_info    0x0001516a     0x2105 ./board/clock_config.o
 .debug_info    0x0001726f      0x9c6 ./board/hardware_init.o
 .debug_info    0x00017c35     0x139e ./board/pin_mux.o
 .debug_info    0x00018fd3       0x85 C:/nxp/MCUXpressoIDE_25.6.136/ide/plugins/com.nxp.mcuxpresso.tools.win32_25.6.0.202501151204/tools/bin/../lib/gcc/arm-none-eabi/14.2.1/../../../../arm-none-eabi/lib/thumb/v8-m.main+fp/hard\libcr_nohost_nf.a(_cr__main.o)
 .debug_info    0x00019058       0xfc C:/nxp/MCUXpressoIDE_25.6.136/ide/plugins/com.nxp.mcuxpresso.tools.win32_25.6.0.202501151204/tools/bin/../lib/gcc/arm-none-eabi/14.2.1/../../../../arm-none-eabi/lib/thumb/v8-m.main+fp/hard\libcr_c.a(memset.o)
 .debug_info    0x00019154      0x520 C:/nxp/MCUXpressoIDE_25.6.136/ide/plugins/com.nxp.mcuxpresso.tools.win32_25.6.0.202501151204/tools/bin/../lib/gcc/arm-none-eabi/14.2.1/../../../../arm-none-eabi/lib/thumb/v8-m.main+fp/hard\libcr_c.a(alloc.o)
 .debug_info    0x00019674       0x44 C:/nxp/MCUXpressoIDE_25.6.136/ide/plugins/com.nxp.mcuxpresso.tools.win32_25.6.0.202501151204/tools/bin/../lib/gcc/arm-none-eabi/14.2.1/../../../../arm-none-eabi/lib/thumb/v8-m.main+fp/hard\libcr_c.a(errno.o)
 .debug_info    0x000196b8      0x339 C:/nxp/MCUXpressoIDE_25.6.136/ide/plugins/com.nxp.mcuxpresso.tools.win32_25.6.0.202501151204/tools/bin/../lib/gcc/arm-none-eabi/14.2.1/../../../../arm-none-eabi/lib/thumb/v8-m.main+fp/hard\libcr_c.a(initio.o)
 .debug_info    0x000199f1      0x1fd C:/nxp/MCUXpressoIDE_25.6.136/ide/plugins/com.nxp.mcuxpresso.tools.win32_25.6.0.202501151204/tools/bin/../lib/gcc/arm-none-eabi/14.2.1/../../../../arm-none-eabi/lib/thumb/v8-m.main+fp/hard\libcr_c.a(setvbuf.o)
 .debug_info    0x00019bee       0xe1 C:/nxp/MCUXpressoIDE_25.6.136/ide/plugins/com.nxp.mcuxpresso.tools.win32_25.6.0.202501151204/tools/bin/../lib/gcc/arm-none-eabi/14.2.1/../../../../arm-none-eabi/lib/thumb/v8-m.main+fp/hard\libcr_c.a(strlen.o)
 .debug_info    0x00019ccf      0x396 C:/nxp/MCUXpressoIDE_25.6.136/ide/plugins/com.nxp.mcuxpresso.tools.win32_25.6.0.202501151204/tools/bin/../lib/gcc/arm-none-eabi/14.2.1/../../../../arm-none-eabi/lib/thumb/v8-m.main+fp/hard\libcr_c.a(_deferredlazyseek.o)
 .debug_info    0x0001a065      0x24b C:/nxp/MCUXpressoIDE_25.6.136/ide/plugins/com.nxp.mcuxpresso.tools.win32_25.6.0.202501151204/tools/bin/../lib/gcc/arm-none-eabi/14.2.1/../../../../arm-none-eabi/lib/thumb/v8-m.main+fp/hard\libcr_c.a(_fdopen.o)
 .debug_info    0x0001a2b0      0x1e3 C:/nxp/MCUXpressoIDE_25.6.136/ide/plugins/com.nxp.mcuxpresso.tools.win32_25.6.0.202501151204/tools/bin/../lib/gcc/arm-none-eabi/14.2.1/../../../../arm-none-eabi/lib/thumb/v8-m.main+fp/hard\libcr_c.a(_fflush.o)
 .debug_info    0x0001a493      0x289 C:/nxp/MCUXpressoIDE_25.6.136/ide/plugins/com.nxp.mcuxpresso.tools.win32_25.6.0.202501151204/tools/bin/../lib/gcc/arm-none-eabi/14.2.1/../../../../arm-none-eabi/lib/thumb/v8-m.main+fp/hard\libcr_c.a(_writebuf.o)
 .debug_info    0x0001a71c      0x31e C:/nxp/MCUXpressoIDE_25.6.136/ide/plugins/com.nxp.mcuxpresso.tools.win32_25.6.0.202501151204/tools/bin/../lib/gcc/arm-none-eabi/14.2.1/../../../../arm-none-eabi/lib/thumb/v8-m.main+fp/hard\libcr_c.a(fclose.o)
 .debug_info    0x0001aa3a      0x209 C:/nxp/MCUXpressoIDE_25.6.136/ide/plugins/com.nxp.mcuxpresso.tools.win32_25.6.0.202501151204/tools/bin/../lib/gcc/arm-none-eabi/14.2.1/../../../../arm-none-eabi/lib/thumb/v8-m.main+fp/hard\libcr_c.a(fflush.o)
 .debug_info    0x0001ac43      0x276 C:/nxp/MCUXpressoIDE_25.6.136/ide/plugins/com.nxp.mcuxpresso.tools.win32_25.6.0.202501151204/tools/bin/../lib/gcc/arm-none-eabi/14.2.1/../../../../arm-none-eabi/lib/thumb/v8-m.main+fp/hard\libcr_c.a(fseek.o)
 .debug_info    0x0001aeb9      0x197 C:/nxp/MCUXpressoIDE_25.6.136/ide/plugins/com.nxp.mcuxpresso.tools.win32_25.6.0.202501151204/tools/bin/../lib/gcc/arm-none-eabi/14.2.1/../../../../arm-none-eabi/lib/thumb/v8-m.main+fp/hard\libcr_c.a(ftell.o)
 .debug_info    0x0001b050      0x1d7 C:/nxp/MCUXpressoIDE_25.6.136/ide/plugins/com.nxp.mcuxpresso.tools.win32_25.6.0.202501151204/tools/bin/../lib/gcc/arm-none-eabi/14.2.1/../../../../arm-none-eabi/lib/thumb/v8-m.main+fp/hard\libcr_c.a(remove.o)
 .debug_info    0x0001b227      0x23a C:/nxp/MCUXpressoIDE_25.6.136/ide/plugins/com.nxp.mcuxpresso.tools.win32_25.6.0.202501151204/tools/bin/../lib/gcc/arm-none-eabi/14.2.1/../../../../arm-none-eabi/lib/thumb/v8-m.main+fp/hard\libcr_c.a(_do_fflush.o)
 .debug_info    0x0001b461     0x1b31 C:/nxp/MCUXpressoIDE_25.6.136/ide/plugins/com.nxp.mcuxpresso.tools.win32_25.6.0.202501151204/tools/bin/../lib/gcc/arm-none-eabi/14.2.1/thumb/v8-m.main+fp/hard\libcr_eabihelpers.a(float.o)
 .debug_info    0x0001cf92      0x18b C:/nxp/MCUXpressoIDE_25.6.136/ide/plugins/com.nxp.mcuxpresso.tools.win32_25.6.0.202501151204/tools/bin/../lib/gcc/arm-none-eabi/14.2.1/../../../../arm-none-eabi/lib/thumb/v8-m.main+fp/hard\libcr_nohost_nf.a(__ciob.o)
 .debug_info    0x0001d11d       0x6a C:/nxp/MCUXpressoIDE_25.6.136/ide/plugins/com.nxp.mcuxpresso.tools.win32_25.6.0.202501151204/tools/bin/../lib/gcc/arm-none-eabi/14.2.1/../../../../arm-none-eabi/lib/thumb/v8-m.main+fp/hard\libcr_nohost_nf.a(__sys_close.o)
 .debug_info    0x0001d187       0x6a C:/nxp/MCUXpressoIDE_25.6.136/ide/plugins/com.nxp.mcuxpresso.tools.win32_25.6.0.202501151204/tools/bin/../lib/gcc/arm-none-eabi/14.2.1/../../../../arm-none-eabi/lib/thumb/v8-m.main+fp/hard\libcr_nohost_nf.a(__sys_flen.o)
 .debug_info    0x0001d1f1       0x6a C:/nxp/MCUXpressoIDE_25.6.136/ide/plugins/com.nxp.mcuxpresso.tools.win32_25.6.0.202501151204/tools/bin/../lib/gcc/arm-none-eabi/14.2.1/../../../../arm-none-eabi/lib/thumb/v8-m.main+fp/hard\libcr_nohost_nf.a(__sys_istty.o)
 .debug_info    0x0001d25b       0x8a C:/nxp/MCUXpressoIDE_25.6.136/ide/plugins/com.nxp.mcuxpresso.tools.win32_25.6.0.202501151204/tools/bin/../lib/gcc/arm-none-eabi/14.2.1/../../../../arm-none-eabi/lib/thumb/v8-m.main+fp/hard\libcr_nohost_nf.a(__sys_remove.o)
 .debug_info    0x0001d2e5       0x78 C:/nxp/MCUXpressoIDE_25.6.136/ide/plugins/com.nxp.mcuxpresso.tools.win32_25.6.0.202501151204/tools/bin/../lib/gcc/arm-none-eabi/14.2.1/../../../../arm-none-eabi/lib/thumb/v8-m.main+fp/hard\libcr_nohost_nf.a(__sys_seek.o)
 .debug_info    0x0001d35d       0x93 C:/nxp/MCUXpressoIDE_25.6.136/ide/plugins/com.nxp.mcuxpresso.tools.win32_25.6.0.202501151204/tools/bin/../lib/gcc/arm-none-eabi/14.2.1/../../../../arm-none-eabi/lib/thumb/v8-m.main+fp/hard\libcr_nohost_nf.a(__sys_tmpnam.o)
 .debug_info    0x0001d3f0       0x93 C:/nxp/MCUXpressoIDE_25.6.136/ide/plugins/com.nxp.mcuxpresso.tools.win32_25.6.0.202501151204/tools/bin/../lib/gcc/arm-none-eabi/14.2.1/../../../../arm-none-eabi/lib/thumb/v8-m.main+fp/hard\libcr_nohost_nf.a(__sys_write.o)

.debug_abbrev   0x00000000     0x4173
 .debug_abbrev  0x00000000      0x256 ./utilities/debug_console_lite/fsl_debug_console.o
 .debug_abbrev  0x00000256      0x114 ./utilities/fsl_assert.o
 .debug_abbrev  0x0000036a       0x14 ./utilities/fsl_memcpy.o
 .debug_abbrev  0x0000037e      0x147 ./startup/startup_mcxn236.o
 .debug_abbrev  0x000004c5      0x287 ./source/cmsis_button_toggle_led.o
 .debug_abbrev  0x0000074c       0x31 ./source/semihost_hardfault.o
 .debug_abbrev  0x0000077d      0x376 ./drivers/fsl_clock.o
 .debug_abbrev  0x00000af3      0x2e1 ./drivers/fsl_gpio.o
 .debug_abbrev  0x00000dd4      0x374 ./drivers/fsl_gpio_cmsis.o
 .debug_abbrev  0x00001148      0x332 ./drivers/fsl_lpflexcomm.o
 .debug_abbrev  0x0000147a      0x468 ./drivers/fsl_lpuart.o
 .debug_abbrev  0x000018e2      0x15d ./drivers/fsl_reset.o
 .debug_abbrev  0x00001a3f      0x2eb ./drivers/fsl_spc.o
 .debug_abbrev  0x00001d2a      0x1c1 ./device/system_MCXN236.o
 .debug_abbrev  0x00001eeb      0x238 ./component/uart/fsl_adapter_lpuart.o
 .debug_abbrev  0x00002123      0x1dd ./board/board.o
 .debug_abbrev  0x00002300      0x252 ./board/clock_config.o
 .debug_abbrev  0x00002552       0xc4 ./board/hardware_init.o
 .debug_abbrev  0x00002616      0x23e ./board/pin_mux.o
 .debug_abbrev  0x00002854       0x70 C:/nxp/MCUXpressoIDE_25.6.136/ide/plugins/com.nxp.mcuxpresso.tools.win32_25.6.0.202501151204/tools/bin/../lib/gcc/arm-none-eabi/14.2.1/../../../../arm-none-eabi/lib/thumb/v8-m.main+fp/hard\libcr_nohost_nf.a(_cr__main.o)
 .debug_abbrev  0x000028c4       0xa8 C:/nxp/MCUXpressoIDE_25.6.136/ide/plugins/com.nxp.mcuxpresso.tools.win32_25.6.0.202501151204/tools/bin/../lib/gcc/arm-none-eabi/14.2.1/../../../../arm-none-eabi/lib/thumb/v8-m.main+fp/hard\libcr_c.a(memset.o)
 .debug_abbrev  0x0000296c      0x284 C:/nxp/MCUXpressoIDE_25.6.136/ide/plugins/com.nxp.mcuxpresso.tools.win32_25.6.0.202501151204/tools/bin/../lib/gcc/arm-none-eabi/14.2.1/../../../../arm-none-eabi/lib/thumb/v8-m.main+fp/hard\libcr_c.a(alloc.o)
 .debug_abbrev  0x00002bf0       0x44 C:/nxp/MCUXpressoIDE_25.6.136/ide/plugins/com.nxp.mcuxpresso.tools.win32_25.6.0.202501151204/tools/bin/../lib/gcc/arm-none-eabi/14.2.1/../../../../arm-none-eabi/lib/thumb/v8-m.main+fp/hard\libcr_c.a(errno.o)
 .debug_abbrev  0x00002c34      0x169 C:/nxp/MCUXpressoIDE_25.6.136/ide/plugins/com.nxp.mcuxpresso.tools.win32_25.6.0.202501151204/tools/bin/../lib/gcc/arm-none-eabi/14.2.1/../../../../arm-none-eabi/lib/thumb/v8-m.main+fp/hard\libcr_c.a(initio.o)
 .debug_abbrev  0x00002d9d       0xe1 C:/nxp/MCUXpressoIDE_25.6.136/ide/plugins/com.nxp.mcuxpresso.tools.win32_25.6.0.202501151204/tools/bin/../lib/gcc/arm-none-eabi/14.2.1/../../../../arm-none-eabi/lib/thumb/v8-m.main+fp/hard\libcr_c.a(setvbuf.o)
 .debug_abbrev  0x00002e7e       0xa7 C:/nxp/MCUXpressoIDE_25.6.136/ide/plugins/com.nxp.mcuxpresso.tools.win32_25.6.0.202501151204/tools/bin/../lib/gcc/arm-none-eabi/14.2.1/../../../../arm-none-eabi/lib/thumb/v8-m.main+fp/hard\libcr_c.a(strlen.o)
 .debug_abbrev  0x00002f25      0x18e C:/nxp/MCUXpressoIDE_25.6.136/ide/plugins/com.nxp.mcuxpresso.tools.win32_25.6.0.202501151204/tools/bin/../lib/gcc/arm-none-eabi/14.2.1/../../../../arm-none-eabi/lib/thumb/v8-m.main+fp/hard\libcr_c.a(_deferredlazyseek.o)
 .debug_abbrev  0x000030b3      0x119 C:/nxp/MCUXpressoIDE_25.6.136/ide/plugins/com.nxp.mcuxpresso.tools.win32_25.6.0.202501151204/tools/bin/../lib/gcc/arm-none-eabi/14.2.1/../../../../arm-none-eabi/lib/thumb/v8-m.main+fp/hard\libcr_c.a(_fdopen.o)
 .debug_abbrev  0x000031cc       0xf1 C:/nxp/MCUXpressoIDE_25.6.136/ide/plugins/com.nxp.mcuxpresso.tools.win32_25.6.0.202501151204/tools/bin/../lib/gcc/arm-none-eabi/14.2.1/../../../../arm-none-eabi/lib/thumb/v8-m.main+fp/hard\libcr_c.a(_fflush.o)
 .debug_abbrev  0x000032bd      0x126 C:/nxp/MCUXpressoIDE_25.6.136/ide/plugins/com.nxp.mcuxpresso.tools.win32_25.6.0.202501151204/tools/bin/../lib/gcc/arm-none-eabi/14.2.1/../../../../arm-none-eabi/lib/thumb/v8-m.main+fp/hard\libcr_c.a(_writebuf.o)
 .debug_abbrev  0x000033e3      0x158 C:/nxp/MCUXpressoIDE_25.6.136/ide/plugins/com.nxp.mcuxpresso.tools.win32_25.6.0.202501151204/tools/bin/../lib/gcc/arm-none-eabi/14.2.1/../../../../arm-none-eabi/lib/thumb/v8-m.main+fp/hard\libcr_c.a(fclose.o)
 .debug_abbrev  0x0000353b      0x125 C:/nxp/MCUXpressoIDE_25.6.136/ide/plugins/com.nxp.mcuxpresso.tools.win32_25.6.0.202501151204/tools/bin/../lib/gcc/arm-none-eabi/14.2.1/../../../../arm-none-eabi/lib/thumb/v8-m.main+fp/hard\libcr_c.a(fflush.o)
 .debug_abbrev  0x00003660      0x11b C:/nxp/MCUXpressoIDE_25.6.136/ide/plugins/com.nxp.mcuxpresso.tools.win32_25.6.0.202501151204/tools/bin/../lib/gcc/arm-none-eabi/14.2.1/../../../../arm-none-eabi/lib/thumb/v8-m.main+fp/hard\libcr_c.a(fseek.o)
 .debug_abbrev  0x0000377b       0xc2 C:/nxp/MCUXpressoIDE_25.6.136/ide/plugins/com.nxp.mcuxpresso.tools.win32_25.6.0.202501151204/tools/bin/../lib/gcc/arm-none-eabi/14.2.1/../../../../arm-none-eabi/lib/thumb/v8-m.main+fp/hard\libcr_c.a(ftell.o)
 .debug_abbrev  0x0000383d       0xfb C:/nxp/MCUXpressoIDE_25.6.136/ide/plugins/com.nxp.mcuxpresso.tools.win32_25.6.0.202501151204/tools/bin/../lib/gcc/arm-none-eabi/14.2.1/../../../../arm-none-eabi/lib/thumb/v8-m.main+fp/hard\libcr_c.a(remove.o)
 .debug_abbrev  0x00003938      0x12c C:/nxp/MCUXpressoIDE_25.6.136/ide/plugins/com.nxp.mcuxpresso.tools.win32_25.6.0.202501151204/tools/bin/../lib/gcc/arm-none-eabi/14.2.1/../../../../arm-none-eabi/lib/thumb/v8-m.main+fp/hard\libcr_c.a(_do_fflush.o)
 .debug_abbrev  0x00003a64      0x370 C:/nxp/MCUXpressoIDE_25.6.136/ide/plugins/com.nxp.mcuxpresso.tools.win32_25.6.0.202501151204/tools/bin/../lib/gcc/arm-none-eabi/14.2.1/thumb/v8-m.main+fp/hard\libcr_eabihelpers.a(float.o)
 .debug_abbrev  0x00003dd4       0xb5 C:/nxp/MCUXpressoIDE_25.6.136/ide/plugins/com.nxp.mcuxpresso.tools.win32_25.6.0.202501151204/tools/bin/../lib/gcc/arm-none-eabi/14.2.1/../../../../arm-none-eabi/lib/thumb/v8-m.main+fp/hard\libcr_nohost_nf.a(__ciob.o)
 .debug_abbrev  0x00003e89       0x5c C:/nxp/MCUXpressoIDE_25.6.136/ide/plugins/com.nxp.mcuxpresso.tools.win32_25.6.0.202501151204/tools/bin/../lib/gcc/arm-none-eabi/14.2.1/../../../../arm-none-eabi/lib/thumb/v8-m.main+fp/hard\libcr_nohost_nf.a(__sys_close.o)
 .debug_abbrev  0x00003ee5       0x5c C:/nxp/MCUXpressoIDE_25.6.136/ide/plugins/com.nxp.mcuxpresso.tools.win32_25.6.0.202501151204/tools/bin/../lib/gcc/arm-none-eabi/14.2.1/../../../../arm-none-eabi/lib/thumb/v8-m.main+fp/hard\libcr_nohost_nf.a(__sys_flen.o)
 .debug_abbrev  0x00003f41       0x5c C:/nxp/MCUXpressoIDE_25.6.136/ide/plugins/com.nxp.mcuxpresso.tools.win32_25.6.0.202501151204/tools/bin/../lib/gcc/arm-none-eabi/14.2.1/../../../../arm-none-eabi/lib/thumb/v8-m.main+fp/hard\libcr_nohost_nf.a(__sys_istty.o)
 .debug_abbrev  0x00003f9d       0x7d C:/nxp/MCUXpressoIDE_25.6.136/ide/plugins/com.nxp.mcuxpresso.tools.win32_25.6.0.202501151204/tools/bin/../lib/gcc/arm-none-eabi/14.2.1/../../../../arm-none-eabi/lib/thumb/v8-m.main+fp/hard\libcr_nohost_nf.a(__sys_remove.o)
 .debug_abbrev  0x0000401a       0x6d C:/nxp/MCUXpressoIDE_25.6.136/ide/plugins/com.nxp.mcuxpresso.tools.win32_25.6.0.202501151204/tools/bin/../lib/gcc/arm-none-eabi/14.2.1/../../../../arm-none-eabi/lib/thumb/v8-m.main+fp/hard\libcr_nohost_nf.a(__sys_seek.o)
 .debug_abbrev  0x00004087       0x76 C:/nxp/MCUXpressoIDE_25.6.136/ide/plugins/com.nxp.mcuxpresso.tools.win32_25.6.0.202501151204/tools/bin/../lib/gcc/arm-none-eabi/14.2.1/../../../../arm-none-eabi/lib/thumb/v8-m.main+fp/hard\libcr_nohost_nf.a(__sys_tmpnam.o)
 .debug_abbrev  0x000040fd       0x76 C:/nxp/MCUXpressoIDE_25.6.136/ide/plugins/com.nxp.mcuxpresso.tools.win32_25.6.0.202501151204/tools/bin/../lib/gcc/arm-none-eabi/14.2.1/../../../../arm-none-eabi/lib/thumb/v8-m.main+fp/hard\libcr_nohost_nf.a(__sys_write.o)

.debug_aranges  0x00000000     0x1478
 .debug_aranges
                0x00000000       0x78 ./utilities/debug_console_lite/fsl_debug_console.o
 .debug_aranges
                0x00000078       0x28 ./utilities/fsl_assert.o
 .debug_aranges
                0x000000a0       0x20 ./utilities/fsl_memcpy.o
 .debug_aranges
                0x000000c0      0x560 ./startup/startup_mcxn236.o
 .debug_aranges
                0x00000620       0x40 ./source/cmsis_button_toggle_led.o
 .debug_aranges
                0x00000660       0x20 ./source/semihost_hardfault.o
 .debug_aranges
                0x00000680      0x2d0 ./drivers/fsl_clock.o
 .debug_aranges
                0x00000950       0x90 ./drivers/fsl_gpio.o
 .debug_aranges
                0x000009e0      0x100 ./drivers/fsl_gpio_cmsis.o
 .debug_aranges