C:\Users\G SHIVA\Documents\MCUXpressoIDE_25.6.136\workspace\Smart_Embedded_Dashboard\drivers/fsl_gpio.h:374:20:GPIO_PortSet	16	static
C:\Users\G SHIVA\Documents\MCUXpressoIDE_25.6.136\workspace\Smart_Embedded_Dashboard\drivers/fsl_gpio.h:389:20:GPIO_PortClear	16	static
../source/dht.c:30:6:DHT_Init	8	static
../source/dht.c:35:13:DHT_SetInput	4	static
../source/dht.c:41:13:DHT_SetOutput	4	static
../source/dht.c:48:13:DHT_Write	16	static
../source/dht.c:64:13:DHT_ReadPin	4	static
../source/dht.c:70:7:DHT_GetTemperature	4	static
../source/dht.c:75:7:DHT_GetHumidity	4	static
../source/dht.c:80:13:DHT_StartSignal	8	static
../source/dht.c:100:13:DHT_WaitForResponse	16	static
../source/dht.c:141:16:DHT_ReadBit	24	static
../source/dht.c:190:16:DHT_ReadByte	16	static
../source/dht.c:204:6:DHT_Read	32	static
../source/dht.c:300:6:DHT_ReadReliable	16	static
