../source/lcd.c:22:17:PCF8574_Write	40	static
../source/lcd.c:39:10:LCD_Test	8	static
../source/lcd.c:44:17:LCD_WriteNibble	24	static
../source/lcd.c:55:17:LCD_SendByte	24	static
../source/lcd.c:73:17:LCD_PulseEnable	24	static
../source/lcd.c:93:17:LCD_SendCommand	16	static
../source/lcd.c:98:17:LCD_SendData	16	static
../source/lcd.c:103:10:LCD_Init	8	static
../source/lcd.c:140:6:LCD_WriteChar	16	static
../source/lcd.c:145:6:LCD_WriteString	16	static
../source/lcd.c:154:6:LCD_SetCursor	24	static
../source/lcd.c:175:6:LCD_Clear	8	static
../source/lcd.c:182:6:LCD_Home	8	static
../source/lcd.c:189:6:LCD_DisplayOn	8	static
../source/lcd.c:194:6:LCD_DisplayOff	8	static
../source/lcd.c:199:6:LCD_CursorOn	8	static
../source/lcd.c:204:6:LCD_CursorOff	8	static
../source/lcd.c:209:6:LCD_BlinkOn	8	static
../source/lcd.c:214:6:LCD_BlinkOff	8	static
../source/lcd.c:220:6:LCD_PrintUInt	32	static
../source/lcd.c:244:6:LCD_PrintInt	32	static
../source/lcd.c:277:6:LCD_ClearLine	24	static
../source/lcd.c:289:6:LCD_PrintAt	16	static
../source/lcd.c:298:6:LCD_PrintIntAt	16	static
../source/lcd.c:307:6:LCD_Printf	48	static
