C:\Users\G SHIVA\Documents\MCUXpressoIDE_25.6.136\workspace\uart_cmsis_button_toggle_led\CMSIS/core_cm33.h:2555:22:__NVIC_SetPriority	16	static
C:\Users\G SHIVA\Documents\MCUXpressoIDE_25.6.136\workspace\uart_cmsis_button_toggle_led\CMSIS/core_cm33.h:3108:26:SysTick_Config	16	static
C:\Users\G SHIVA\Documents\MCUXpressoIDE_25.6.136\workspace\uart_cmsis_button_toggle_led\drivers/fsl_gpio.h:345:20:GPIO_PinWrite	24	static
C:\Users\G SHIVA\Documents\MCUXpressoIDE_25.6.136\workspace\uart_cmsis_button_toggle_led\drivers/fsl_lpuart.h:869:23:LPUART_ReadByte	32	static
../source/cmsis_button_toggle_led.c:57:6:UART_Task	16	static
../source/cmsis_button_toggle_led.c:90:6:LED_On	8	static
../source/cmsis_button_toggle_led.c:99:6:LED_Off	8	static
../source/cmsis_button_toggle_led.c:108:6:LED_Toggle	8	static
../source/cmsis_button_toggle_led.c:122:6:Stopwatch_Start	8	static
../source/cmsis_button_toggle_led.c:128:6:Stopwatch_Stop	8	static
../source/cmsis_button_toggle_led.c:134:6:Stopwatch_Reset	8	static
../source/cmsis_button_toggle_led.c:140:6:Traffic_UpdateLED	8	static
../source/cmsis_button_toggle_led.c:163:6:Traffic_Start	8	static
../source/cmsis_button_toggle_led.c:169:6:Traffic_Stop	8	static
../source/cmsis_button_toggle_led.c:175:6:Traffic_Emergency	8	static
../source/cmsis_button_toggle_led.c:185:6:Print_Status	8	static
../source/cmsis_button_toggle_led.c:204:6:ProcessCommand	16	static
../source/cmsis_button_toggle_led.c:253:6:SysTick_Handler	4	static
../source/cmsis_button_toggle_led.c:258:5:main	8	static
