Archive member included to satisfy reference by file (symbol)

C:/nxp/MCUXpressoIDE_25.6.136/ide/plugins/com.nxp.mcuxpresso.tools.win32_25.6.0.202501151204/tools/bin/../lib/gcc/arm-none-eabi/14.2.1/../../../../arm-none-eabi/lib/thumb/v8-m.main+fp/hard\libcr_nohost_nf.a(_cr__main.o)
                              ./startup/startup_mcxn236.o (__main)
C:/nxp/MCUXpressoIDE_25.6.136/ide/plugins/com.nxp.mcuxpresso.tools.win32_25.6.0.202501151204/tools/bin/../lib/gcc/arm-none-eabi/14.2.1/../../../../arm-none-eabi/lib/thumb/v8-m.main+fp/hard\libcr_c.a(memcpy.o)
                              ./utilities/str/fsl_str.o (memcpy)
C:/nxp/MCUXpressoIDE_25.6.136/ide/plugins/com.nxp.mcuxpresso.tools.win32_25.6.0.202501151204/tools/bin/../lib/gcc/arm-none-eabi/14.2.1/../../../../arm-none-eabi/lib/thumb/v8-m.main+fp/hard\libcr_c.a(memset.o)
                              ./utilities/debug_console/fsl_debug_console.o (memset)
C:/nxp/MCUXpressoIDE_25.6.136/ide/plugins/com.nxp.mcuxpresso.tools.win32_25.6.0.202501151204/tools/bin/../lib/gcc/arm-none-eabi/14.2.1/../../../../arm-none-eabi/lib/thumb/v8-m.main+fp/hard\libcr_c.a(alloc.o)
                              ./drivers/fsl_common.o (malloc)
C:/nxp/MCUXpressoIDE_25.6.136/ide/plugins/com.nxp.mcuxpresso.tools.win32_25.6.0.202501151204/tools/bin/../lib/gcc/arm-none-eabi/14.2.1/../../../../arm-none-eabi/lib/thumb/v8-m.main+fp/hard\libcr_c.a(errno.o)
                              ./utilities/str/fsl_str.o (errno)
C:/nxp/MCUXpressoIDE_25.6.136/ide/plugins/com.nxp.mcuxpresso.tools.win32_25.6.0.202501151204/tools/bin/../lib/gcc/arm-none-eabi/14.2.1/../../../../arm-none-eabi/lib/thumb/v8-m.main+fp/hard\libcr_c.a(initio.o)
                              C:/nxp/MCUXpressoIDE_25.6.136/ide/plugins/com.nxp.mcuxpresso.tools.win32_25.6.0.202501151204/tools/bin/../lib/gcc/arm-none-eabi/14.2.1/../../../../arm-none-eabi/lib/thumb/v8-m.main+fp/hard\libcr_nohost_nf.a(_cr__main.o) (_initio)
C:/nxp/MCUXpressoIDE_25.6.136/ide/plugins/com.nxp.mcuxpresso.tools.win32_25.6.0.202501151204/tools/bin/../lib/gcc/arm-none-eabi/14.2.1/../../../../arm-none-eabi/lib/thumb/v8-m.main+fp/hard\libcr_c.a(scanf.o)
                              ./utilities/str/fsl_str.o (strtoul)
C:/nxp/MCUXpressoIDE_25.6.136/ide/plugins/com.nxp.mcuxpresso.tools.win32_25.6.0.202501151204/tools/bin/../lib/gcc/arm-none-eabi/14.2.1/../../../../arm-none-eabi/lib/thumb/v8-m.main+fp/hard\libcr_c.a(setvbuf.o)
                              C:/nxp/MCUXpressoIDE_25.6.136/ide/plugins/com.nxp.mcuxpresso.tools.win32_25.6.0.202501151204/tools/bin/../lib/gcc/arm-none-eabi/14.2.1/../../../../arm-none-eabi/lib/thumb/v8-m.main+fp/hard\libcr_c.a(initio.o) (setvbuf)
C:/nxp/MCUXpressoIDE_25.6.136/ide/plugins/com.nxp.mcuxpresso.tools.win32_25.6.0.202501151204/tools/bin/../lib/gcc/arm-none-eabi/14.2.1/../../../../arm-none-eabi/lib/thumb/v8-m.main+fp/hard\libcr_c.a(strlen.o)
                              ./utilities/str/fsl_str.o (strlen)
C:/nxp/MCUXpressoIDE_25.6.136/ide/plugins/com.nxp.mcuxpresso.tools.win32_25.6.0.202501151204/tools/bin/../lib/gcc/arm-none-eabi/14.2.1/../../../../arm-none-eabi/lib/thumb/v8-m.main+fp/hard\libcr_c.a(ungetc.o)
                              C:/nxp/MCUXpressoIDE_25.6.136/ide/plugins/com.nxp.mcuxpresso.tools.win32_25.6.0.202501151204/tools/bin/../lib/gcc/arm-none-eabi/14.2.1/../../../../arm-none-eabi/lib/thumb/v8-m.main+fp/hard\libcr_c.a(scanf.o) (ungetc)
C:/nxp/MCUXpressoIDE_25.6.136/ide/plugins/com.nxp.mcuxpresso.tools.win32_25.6.0.202501151204/tools/bin/../lib/gcc/arm-none-eabi/14.2.1/../../../../arm-none-eabi/lib/thumb/v8-m.main+fp/hard\libcr_c.a(__fillbuf.o)
                              C:/nxp/MCUXpressoIDE_25.6.136/ide/plugins/com.nxp.mcuxpresso.tools.win32_25.6.0.202501151204/tools/bin/../lib/gcc/arm-none-eabi/14.2.1/../../../../arm-none-eabi/lib/thumb/v8-m.main+fp/hard\libcr_c.a(scanf.o) (__filbuf)
C:/nxp/MCUXpressoIDE_25.6.136/ide/plugins/com.nxp.mcuxpresso.tools.win32_25.6.0.202501151204/tools/bin/../lib/gcc/arm-none-eabi/14.2.1/../../../../arm-none-eabi/lib/thumb/v8-m.main+fp/hard\libcr_c.a(__init_alloc.o)
                              C:/nxp/MCUXpressoIDE_25.6.136/ide/plugins/com.nxp.mcuxpresso.tools.win32_25.6.0.202501151204/tools/bin/../lib/gcc/arm-none-eabi/14.2.1/../../../../arm-none-eabi/lib/thumb/v8-m.main+fp/hard\libcr_c.a(alloc.o) (__heaps)
C:/nxp/MCUXpressoIDE_25.6.136/ide/plugins/com.nxp.mcuxpresso.tools.win32_25.6.0.202501151204/tools/bin/../lib/gcc/arm-none-eabi/14.2.1/../../../../arm-none-eabi/lib/thumb/v8-m.main+fp/hard\libcr_c.a(_cr_sbrk.o)
                              C:/nxp/MCUXpressoIDE_25.6.136/ide/plugins/com.nxp.mcuxpresso.tools.win32_25.6.0.202501151204/tools/bin/../lib/gcc/arm-none-eabi/14.2.1/../../../../arm-none-eabi/lib/thumb/v8-m.main+fp/hard\libcr_c.a(alloc.o) (_sbrk)
C:/nxp/MCUXpressoIDE_25.6.136/ide/plugins/com.nxp.mcuxpresso.tools.win32_25.6.0.202501151204/tools/bin/../lib/gcc/arm-none-eabi/14.2.1/../../../../arm-none-eabi/lib/thumb/v8-m.main+fp/hard\libcr_c.a(_deferredlazyseek.o)
[...]
Memory Configuration

Name             Origin             Length             Attributes
PROGRAM_FLASH0   0x00000000         0x00080000         xr
PROGRAM_FLASH1   0x00080000         0x00080000         xr
SRAM             0x20000000         0x00038000         xrw
SRAMX            0x04000000         0x00018000         xrw
*default*        0x00000000         0xffffffff

Linker script and memory map

LOAD ./utilities/str/fsl_str.o
LOAD ./utilities/debug_console/fsl_debug_console.o
LOAD ./utilities/fsl_assert.o
LOAD ./startup/startup_mcxn236.o
LOAD ./source/main.o
LOAD ./source/scheduler.o
LOAD ./source/semihost_hardfault.o
LOAD ./source/tasks.o
LOAD ./drivers/fsl_clock.o
LOAD ./drivers/fsl_common.o
LOAD ./drivers/fsl_common_arm.o
LOAD ./drivers/fsl_gpio.o
LOAD ./drivers/fsl_lpflexcomm.o
LOAD ./drivers/fsl_lpi2c.o
LOAD ./drivers/fsl_lpspi.o
LOAD ./drivers/fsl_lpuart.o
LOAD ./drivers/fsl_reset.o
LOAD ./drivers/fsl_spc.o
LOAD ./device/system_MCXN236.o
LOAD ./component/uart/fsl_adapter_lpuart.o
LOAD ./component/serial_manager/fsl_component_serial_manager.o
LOAD ./component/serial_manager/fsl_component_serial_port_uart.o
LOAD ./component/lists/fsl_component_generic_list.o
LOAD ./board/board.o
LOAD ./board/clock_config.o
LOAD ./board/peripherals.o
LOAD ./board/pin_mux.o
START GROUP
LOAD C:/nxp/MCUXpressoIDE_25.6.136/ide/plugins/com.nxp.mcuxpresso.tools.win32_25.6.0.202501151204/tools/bin/../lib/gcc/arm-none-eabi/14.2.1/../../../../arm-none-eabi/lib/thumb/v8-m.main+fp/hard\libcr_nohost_nf.a
LOAD C:/nxp/MCUXpressoIDE_25.6.136/ide/plugins/com.nxp.mcuxpresso.tools.win32_25.6.0.202501151204/tools/bin/../lib/gcc/arm-none-eabi/14.2.1/../../../../arm-none-eabi/lib/thumb/v8-m.main+fp/hard\libcr_c.a
LOAD C:/nxp/MCUXpressoIDE_25.6.136/ide/plugins/com.nxp.mcuxpresso.tools.win32_25.6.0.202501151204/tools/bin/../lib/gcc/arm-none-eabi/14.2.1/thumb/v8-m.main+fp/hard\libcr_eabihelpers.a
LOAD C:/nxp/MCUXpressoIDE_25.6.136/ide/plugins/com.nxp.mcuxpresso.tools.win32_25.6.0.202501151204/tools/bin/../lib/gcc/arm-none-eabi/14.2.1/thumb/v8-m.main+fp/hard\libgcc.a
END GROUP
                0x00000000                        __base_PROGRAM_FLASH0 = 0x0
                0x00000000                        __base_Flash = 0x0
                0x00080000                        __top_PROGRAM_FLASH0 = 0x80000
                0x00080000                        __top_Flash = 0x80000
                0x00080000                        __base_PROGRAM_FLASH1 = 0x80000
                0x00080000                        __base_Flash2 = 0x80000
                0x00100000                        __top_PROGRAM_FLASH1 = 0x100000
                0x00100000                        __top_Flash2 = 0x100000
                0x20000000                        __base_SRAM = 0x20000000
                0x20000000                        __base_RAM = 0x20000000
                0x20038000                        __top_SRAM = 0x20038000
                0x20038000                        __top_RAM = 0x20038000
                0x04000000                        __base_SRAMX = 0x4000000
                0x04000000                        __base_RAM2 = 0x4000000
                0x04018000                        __top_SRAMX = 0x4018000
                0x04018000                        __top_RAM2 = 0x4018000

.text_Flash2    0x00080000        0x0
 FILL mask 0xff
 *(SORT_BY_ALIGNMENT(.text_Flash2))
 *(SORT_BY_ALIGNMENT(.text_PROGRAM_FLASH1))
 *(SORT_BY_ALIGNMENT(.text.$Flash2))
 *(SORT_BY_ALIGNMENT(.text.$PROGRAM_FLASH1))
 *(SORT_BY_ALIGNMENT(.text_Flash2.*))
 *(SORT_BY_ALIGNMENT(.text_PROGRAM_FLASH1.*))
 *(SORT_BY_ALIGNMENT(.text.$Flash2.*))
 *(SORT_BY_ALIGNMENT(.text.$PROGRAM_FLASH1.*))
 *(SORT_BY_ALIGNMENT(.rodata.$Flash2))
 *(SORT_BY_ALIGNMENT(.rodata.$PROGRAM_FLASH1))
 *(SORT_BY_ALIGNMENT(.rodata.$Flash2.*))
 *(SORT_BY_ALIGNMENT(.rodata.$PROGRAM_FLASH1.*))

.text           0x00000000     0x45a0
 FILL mask 0xff
                0x00000000                        __vectors_start__ = ABSOLUTE (.)
 *(SORT_BY_ALIGNMENT(.isr_vector))
 .isr_vector    0x00000000      0x2ac ./startup/startup_mcxn236.o
                0x00000000                g_pfnVectors
                0x00000000                __Vectors
                0x000002ac                        . = ALIGN (0x4)
                0x000002ac                        __section_table_start = .
                0x000002ac                        __data_section_table = .
                0x000002ac        0x4 LONG 0x45a0 LOADADDR (.data)
                0x000002b0        0x4 LONG 0x20000000 ADDR (.data)
                0x000002b4        0x4 LONG 0xc SIZEOF (.data)
                0x000002b8        0x4 LONG 0x45a0 LOADADDR (.data_RAM2)
                0x000002bc        0x4 LONG 0x4000000 ADDR (.data_RAM2)
                0x000002c0        0x4 LONG 0x0 SIZEOF (.data_RAM2)
                0x000002c4                        __data_section_table_end = .
                0x000002c4                        __bss_section_table = .
                0x000002c4        0x4 LONG 0x2000000c ADDR (.bss)
                0x000002c8        0x4 LONG 0x32c SIZEOF (.bss)
                0x000002cc        0x4 LONG 0x4000000 ADDR (.bss_RAM2)
                0x000002d0        0x4 LONG 0x0 SIZEOF (.bss_RAM2)
                0x000002d4                        __bss_section_table_end = .
                0x000002d4                        __section_table_end = .
 *(SORT_BY_ALIGNMENT(.after_vectors*))
 .after_vectors.reset
                0x000002d4       0x68 ./startup/startup_mcxn236.o
                0x000002d4                ResetISR
 .after_vectors.init_data
                0x0000033c       0x1e ./startup/startup_mcxn236.o
                0x0000033c                data_init
 .after_vectors.init_bss
                0x0000035a       0x12 ./startup/startup_mcxn236.o
                0x0000035a                bss_init
 .after_vectors
                0x0000036c       0x16 ./startup/startup_mcxn236.o
                0x0000036c                NMI_Handler
                0x00000370                MemManage_Handler
                0x00000372                BusFault_Handler
                0x00000374                UsageFault_Handler
                0x00000376                SecureFault_Handler
                0x00000378                SVC_Handler
                0x0000037a                DebugMon_Handler
                0x0000037c                PendSV_Handler
                0x00000380                PKC_ERR_DriverIRQHandler
                0x00000380                QDC1_HOME_DriverIRQHandler
                0x00000380                EDMA_0_CH5_DriverIRQHandler
                0x00000380                EDMA_0_CH14_DriverIRQHandler
                0x00000380                EDMA_1_CH0_DriverIRQHandler
                0x00000380                SCG_DriverIRQHandler
                0x00000380                Reserved117_DriverIRQHandler
                0x00000380                EDMA_0_CH15_DriverIRQHandler
                0x00000380                LPTMR0_DriverIRQHandler
                0x00000380                Reserved119_DriverIRQHandler
                0x00000380                EDMA_0_CH2_DriverIRQHandler
                0x00000380                FLEXPWM1_SUBMODULE1_DriverIRQHandler
                0x00000380                FLEXPWM0_SUBMODULE1_DriverIRQHandler
                0x00000380                Reserved101_DriverIRQHandler
                0x00000380                CMC0_DriverIRQHandler
                0x00000380                Reserved102_DriverIRQHandler
                0x00000380                FLEXPWM0_RELOAD_ERROR_DriverIRQHandler
                0x00000380                QDC0_HOME_DriverIRQHandler
                0x00000380                Reserved167_DriverIRQHandler
                0x00000380                Reserved122_DriverIRQHandler
                0x00000380                SEC_VIO_DriverIRQHandler
                0x00000380                ERM_MULTI_BIT_ERROR_DriverIRQHandler
                0x00000380                GPIO31_DriverIRQHandler
                0x00000380                EWM0_DriverIRQHandler
                0x00000380                PKC_DriverIRQHandler
                0x00000380                Reserved155_DriverIRQHandler
                0x00000380                EDMA_0_CH10_DriverIRQHandler
                0x00000380                USB1_HS_PHY_DriverIRQHandler
                0x00000380                Reserved103_DriverIRQHandler
                0x00000380                Reserved149_DriverIRQHandler
                0x00000380                QDC0_IDX_DriverIRQHandler
                0x00000380                ELS_DriverIRQHandler
                0x00000380                Reserved166_DriverIRQHandler
                0x00000380                EDMA_1_CH2_DriverIRQHandler
                0x00000380                QDC1_IDX_DriverIRQHandler
                0x00000380                FLEXPWM1_SUBMODULE3_DriverIRQHandler
                0x00000380                EDMA_1_CH7_DriverIRQHandler
                0x00000380                EDMA_1_CH6_DriverIRQHandler
                0x00000380                CTIMER2_DriverIRQHandler
                0x00000380                Reserved105_DriverIRQHandler
                0x00000380                I3C0_DriverIRQHandler
                0x00000380                Reserved157_DriverIRQHandler
                0x00000380                ITRC0_DriverIRQHandler
                0x00000380                WWDT1_DriverIRQHandler
                0x00000380                Freqme_DriverIRQHandler
                0x00000380                Reserved80_DriverIRQHandler
                0x00000380                IntDefaultHandler
                0x00000380                ELS_ERR_DriverIRQHandler
                0x00000380                FLEXIO_DriverIRQHandler
                0x00000380                MRT0_DriverIRQHandler
                0x00000380                UTICK0_DriverIRQHandler
                0x00000380                FLEXPWM0_SUBMODULE2_DriverIRQHandler
                0x00000380                GPIO01_DriverIRQHandler
                0x00000380                EDMA_0_CH3_DriverIRQHandler
                0x00000380                WWDT0_DriverIRQHandler
                0x00000380                GPIO00_DriverIRQHandler
                0x00000380                EDMA_0_CH4_DriverIRQHandler
                0x00000380                GPIO11_DriverIRQHandler
                0x00000380                CTIMER4_DriverIRQHandler
                0x00000380                FLEXPWM0_FAULT_DriverIRQHandler
                0x00000380                Reserved158_DriverIRQHandler
                0x00000380                EDMA_1_CH1_DriverIRQHandler
                0x00000380                SAI1_DriverIRQHandler
                0x00000380                Reserved66_DriverIRQHandler
                0x00000380                Reserved165_DriverIRQHandler
                0x00000380                ERM_SINGLE_BIT_ERROR_DriverIRQHandler
                0x00000380                GPIO21_DriverIRQHandler
                0x00000380                FLEXPWM1_FAULT_DriverIRQHandler
                0x00000380                GPIO30_DriverIRQHandler
                0x00000380                CTIMER0_DriverIRQHandler
                0x00000380                CTIMER1_DriverIRQHandler
                0x00000380                QDC0_COMPARE_DriverIRQHandler
                0x00000380                PINT0_DriverIRQHandler
                0x00000380                ADC1_DriverIRQHandler
                0x00000380                Reserved156_DriverIRQHandler
                0x00000380                USB0_DCD_DriverIRQHandler
                0x00000380                EDMA_0_CH11_DriverIRQHandler
                0x00000380                Reserved92_DriverIRQHandler
                0x00000380                WUU_DriverIRQHandler
                0x00000380                EDMA_0_CH6_DriverIRQHandler
                0x00000380                CTIMER3_DriverIRQHandler
                0x00000380                FLEXPWM1_SUBMODULE0_DriverIRQHandler
                0x00000380                CDOG1_DriverIRQHandler
                0x00000380                Reserved74_DriverIRQHandler
                0x00000380                EDMA_1_CH4_DriverIRQHandler
                0x00000380                PUF_DriverIRQHandler
                0x00000380                SPC_DriverIRQHandler
                0x00000380                RTC_DriverIRQHandler
                0x00000380                VBAT0_DriverIRQHandler
                0x00000380                Reserved65_DriverIRQHandler
                0x00000380                EDMA_0_CH0_DriverIRQHandler
                0x00000380                EDMA_1_CH5_DriverIRQHandler
                0x00000380                PDM_EVENT_DriverIRQHandler
                0x00000380                EDMA_0_CH9_DriverIRQHandler
                0x00000380                Reserved60_DriverIRQHandler
                0x00000380                FLEXPWM1_RELOAD_ERROR_DriverIRQHandler
                0x00000380                Reserved49_DriverIRQHandler
                0x00000380                FMU0_DriverIRQHandler
                0x00000380                QDC1_COMPARE_DriverIRQHandler
                0x00000380                EDMA_0_CH8_DriverIRQHandler
                0x00000380                Reserved118_DriverIRQHandler
                0x00000380                LPTMR1_DriverIRQHandler
                0x00000380                GPIO40_DriverIRQHandler
                0x00000380                EDMA_1_CH3_DriverIRQHandler
                0x00000380                Reserved77_DriverIRQHandler
                0x00000380                FLEXPWM1_SUBMODULE2_DriverIRQHandler
                0x00000380                GPIO20_DriverIRQHandler
                0x00000380                QDC1_WDG_SAB_DriverIRQHandler
                0x00000380                GDET_DriverIRQHandler
                0x00000380                PORT_EFT_DriverIRQHandler
                0x00000380                Reserved127_DriverIRQHandler
                0x00000380                Reserved85_DriverIRQHandler
                0x00000380                Reserved81_DriverIRQHandler
                0x00000380                Reserved123_DriverIRQHandler
                0x00000380                FLEXPWM0_SUBMODULE3_DriverIRQHandler
                0x00000380                ADC0_DriverIRQHandler
                0x00000380                OR_DriverIRQHandler
                0x00000380                EDMA_0_CH13_DriverIRQHandler
                0x00000380                Reserved124_DriverIRQHandler
                0x00000380                USB1_HS_DriverIRQHandler
                0x00000380                Reserved113_DriverIRQHandler
                0x00000380                EDMA_0_CH1_DriverIRQHandler
                0x00000380                GPIO51_DriverIRQHandler
                0x00000380                HSCMP0_DriverIRQHandler
                0x00000380                EDMA_0_CH12_DriverIRQHandler
                0x00000380                QDC0_WDG_SAB_DriverIRQHandler
                0x00000380                Reserved104_DriverIRQHandler
                0x00000380                CDOG0_DriverIRQHandler
                0x00000380                CAN0_DriverIRQHandler
                0x00000380                Reserved59_DriverIRQHandler
                0x00000380                SMARTDMA_DriverIRQHandler
                0x00000380                SAI0_DriverIRQHandler
                0x00000380                I3C1_DriverIRQHandler
                0x00000380                Reserved106_DriverIRQHandler
                0x00000380                Reserved120_DriverIRQHandler
                0x00000380                EDMA_0_CH7_DriverIRQHandler
                0x00000380                HSCMP1_DriverIRQHandler
                0x00000380                Reserved107_DriverIRQHandler
                0x00000380                Reserved70_DriverIRQHandler
                0x00000380                GPIO50_DriverIRQHandler
                0x00000380                Reserved86_DriverIRQHandler
                0x00000380                GPIO10_DriverIRQHandler
                0x00000380                CAN1_DriverIRQHandler
                0x00000380                FLEXPWM0_SUBMODULE0_DriverIRQHandler
                0x00000380                OS_EVENT_DriverIRQHandler
                0x00000380                Reserved108_DriverIRQHandler
                0x00000380                GPIO41_DriverIRQHandler
                0x00000380                SEC_HYPERVISOR_CALL_DriverIRQHandler
 *(SORT_BY_ALIGNMENT(.text*))
 *fill*         0x00000382        0x2 ff
 .text.DbgConsole_SendDataReliable
                0x00000384       0x54 ./utilities/debug_console/fsl_debug_console.o
                0x00000384                DbgConsole_SendDataReliable
 .text.DbgConsole_Init
                0x000003d8      0x138 ./utilities/debug_console/fsl_debug_console.o
                0x000003d8                DbgConsole_Init
 .text.DbgConsole_Vprintf
                0x00000510       0x68 ./utilities/debug_console/fsl_debug_console.o
                0x00000510                DbgConsole_Vprintf
 .text.__assertion_failed
                0x00000578       0x3c ./utilities/fsl_assert.o
                0x00000578                __assertion_failed
 .text.__NVIC_SetPriority
                0x000005b4       0x54 ./source/main.o
 .text.SysTick_Config
                0x00000608       0x44 ./source/main.o
 .text.SysTick_Handler
                0x0000064c       0x1c ./source/main.o
                0x0000064c                SysTick_Handler
 .text.main     0x00000668       0xe0 ./source/main.o
                0x00000668                main
 .text.Scheduler_Init
                0x00000748       0xb0 ./source/scheduler.o
                0x00000748                Scheduler_Init
 .text.Scheduler_AddTask
                0x000007f8       0xcc ./source/scheduler.o
                0x000007f8                Scheduler_AddTask
 .text.Scheduler_Run
                0x000008c4       0xf4 ./source/scheduler.o
                0x000008c4                Scheduler_Run
 .text.Scheduler_PrintTasks
                0x000009b8       0xe8 ./source/scheduler.o
                0x000009b8                Scheduler_PrintTasks
 .text.LED_Task
                0x00000aa0       0x44 ./source/tasks.o
                0x00000aa0                LED_Task
 .text.UART_Task
                0x00000ae4       0x14 ./source/tasks.o
                0x00000ae4                UART_Task
 .text.Stopwatch_Task
                0x00000af8       0x28 ./source/tasks.o
                0x00000af8                Stopwatch_Task
 .text.Button_Task
                0x00000b20       0x24 ./source/tasks.o
                0x00000b20                Button_Task
 .text.CLOCK_IsPLL0Locked
                0x00000b44       0x28 ./drivers/fsl_clock.o
 .text.CLOCK_SetupFROHFClocking
                0x00000b6c       0x9c ./drivers/fsl_clock.o
                0x00000b6c                CLOCK_SetupFROHFClocking
 .text.CLOCK_SetPll0MonitorMode
                0x00000c08       0x38 ./drivers/fsl_clock.o
                0x00000c08                CLOCK_SetPll0MonitorMode
 .text.CLOCK_AttachClk
                0x00000c40       0xd0 ./drivers/fsl_clock.o
                0x00000c40                CLOCK_AttachClk
 .text.CLOCK_SetClkDiv
                0x00000d10       0x54 ./drivers/fsl_clock.o
                0x00000d10                CLOCK_SetClkDiv
 .text.CLOCK_GetPLL0InClockRate
                0x00000d64       0x5c ./drivers/fsl_clock.o
                0x00000d64                CLOCK_GetPLL0InClockRate
 .text.CLOCK_SetPLL0Freq
                0x00000dc0      0x10c ./drivers/fsl_clock.o
                0x00000dc0                CLOCK_SetPLL0Freq
 .text.CLOCK_GetClk48MFreq
                0x00000ecc       0x2c ./drivers/fsl_clock.o
 .text.CLOCK_GetExtClkFreq
                0x00000ef8       0x2c ./drivers/fsl_clock.o
 .text.CLOCK_GetOsc32KFreq
                0x00000f24       0x4c ./drivers/fsl_clock.o
 .text.findPll0PreDiv
                0x00000f70       0x40 ./drivers/fsl_clock.o
 .text.findPll0PostDiv
                0x00000fb0       0x60 ./drivers/fsl_clock.o
 .text.findPll0MMult
                0x00001010       0xac ./drivers/fsl_clock.o
 .text.CLOCK_EnableClock
                0x000010bc       0xa0 ./drivers/fsl_gpio.o
 .text.CLOCK_DisableClock
                0x0000115c       0xc4 ./drivers/fsl_gpio.o
 .text.GPIO_GetInstance
                0x00001220       0x4c ./drivers/fsl_gpio.o
 .text.GPIO_PortClockEnable
                0x0000126c       0x54 ./drivers/fsl_gpio.o
 .text.GPIO_PinInit
                0x000012c0       0x6c ./drivers/fsl_gpio.o
                0x000012c0                GPIO_PinInit
 .text.CLOCK_EnableClock
                0x0000132c       0xa0 ./drivers/fsl_lpflexcomm.o
 .text.LP_FLEXCOMM_GetInterruptStatus
                0x000013cc       0x28 ./drivers/fsl_lpflexcomm.o
                0x000013cc                LP_FLEXCOMM_GetInterruptStatus
 .text.LP_FLEXCOMM_SetPeriph
                0x000013f4       0x94 ./drivers/fsl_lpflexcomm.o
 .text.LP_FLEXCOMM_Init
                0x00001488       0x58 ./drivers/fsl_lpflexcomm.o
                0x00001488                LP_FLEXCOMM_Init
 .text.LP_FLEXCOMM_CommonIRQHandler
                0x000014e0       0xb8 ./drivers/fsl_lpflexcomm.o
 .text.LPUART_GetInstance
                0x00001598       0x4c ./drivers/fsl_lpuart.o
                0x00001598                LPUART_GetInstance
 .text.LPUART_Init
                0x000015e4      0x448 ./drivers/fsl_lpuart.o
                0x000015e4                LPUART_Init
 .text.LPUART_GetDefaultConfig
                0x00001a2c       0x8c ./drivers/fsl_lpuart.o
                0x00001a2c                LPUART_GetDefaultConfig
 .text.LPUART_WriteBlocking
                0x00001ab8       0x68 ./drivers/fsl_lpuart.o
                0x00001ab8                LPUART_WriteBlocking
 .text.RESET_ClearPeripheralReset
                0x00001b20       0x7c ./drivers/fsl_reset.o
                0x00001b20                RESET_ClearPeripheralReset
 .text.SPC_SetSRAMOperateVoltage
                0x00001b9c       0x58 ./drivers/fsl_spc.o
                0x00001b9c                SPC_SetSRAMOperateVoltage
 .text.SPC_SetActiveModeCoreLDORegulatorConfig
                0x00001bf4       0x84 ./drivers/fsl_spc.o
                0x00001bf4                SPC_SetActiveModeCoreLDORegulatorConfig
 .text.SPC_SetActiveModeDCDCRegulatorConfig
                0x00001c78       0x68 ./drivers/fsl_spc.o
                0x00001c78                SPC_SetActiveModeDCDCRegulatorConfig
 .text.SystemInit
                0x00001ce0      0x124 ./device/system_MCXN236.o
                0x00001ce0                SystemInit
 .text.HAL_UartInitCommon
                0x00001e04       0xe4 ./component/uart/fsl_adapter_lpuart.o
 .text.HAL_UartInit
                0x00001ee8       0x84 ./component/uart/fsl_adapter_lpuart.o
                0x00001ee8                HAL_UartInit
 .text.HAL_UartSendBlocking
                0x00001f6c       0x64 ./component/uart/fsl_adapter_lpuart.o
                0x00001f6c                HAL_UartSendBlocking
 .text.BOARD_InitDebugConsole
                0x00001fd0       0x40 ./board/board.o
                0x00001fd0                BOARD_InitDebugConsole
 .text.CLOCK_EnableClock
                0x00002010       0xa0 ./board/clock_config.o
 .text.BOARD_BootClockPLL150M
                0x000020b0       0xec ./board/clock_config.o
                0x000020b0                BOARD_BootClockPLL150M
 .text.CLOCK_EnableClock
                0x0000219c       0xa0 ./board/pin_mux.o
 .text.PORT_SetPinConfig
                0x0000223c       0x38 ./board/pin_mux.o
 .text.BOARD_InitDEBUG_UARTPins
                0x00002274       0x5c ./board/pin_mux.o
                0x00002274                BOARD_InitDEBUG_UARTPins
 .text._initio  0x000022d0       0x78 C:/nxp/MCUXpressoIDE_25.6.136/ide/plugins/com.nxp.mcuxpresso.tools.win32_25.6.0.202501151204/tools/bin/../lib/gcc/arm-none-eabi/14.2.1/../../../../arm-none-eabi/lib/thumb/v8-m.main+fp/hard\libcr_c.a(initio.o)
                0x000022d0                _initio
 .text._Cwritebuf
                0x00002348       0x70 C:/nxp/MCUXpressoIDE_25.6.136/ide/plugins/com.nxp.mcuxpresso.tools.win32_25.6.0.202501151204/tools/bin/../lib/gcc/arm-none-eabi/14.2.1/../../../../arm-none-eabi/lib/thumb/v8-m.main+fp/hard\libcr_c.a(_writebuf.o)
                0x00002348                _Cwritebuf
 .text.fflush   0x000023b8       0x3c C:/nxp/MCUXpressoIDE_25.6.136/ide/plugins/com.nxp.mcuxpresso.tools.win32_25.6.0.202501151204/tools/bin/../lib/gcc/arm-none-eabi/14.2.1/../../../../arm-none-eabi/lib/thumb/v8-m.main+fp/hard\libcr_c.a(fflush.o)
                0x000023b8                fflush
 .text.fseek    0x000023f4       0xf8 C:/nxp/MCUXpressoIDE_25.6.136/ide/plugins/com.nxp.mcuxpresso.tools.win32_25.6.0.202501151204/tools/bin/../lib/gcc/arm-none-eabi/14.2.1/../../../../arm-none-eabi/lib/thumb/v8-m.main+fp/hard\libcr_c.a(fseek.o)
                0x000023f4                fseek
 .text.ftell    0x000024ec       0x44 C:/nxp/MCUXpressoIDE_25.6.136/ide/plugins/com.nxp.mcuxpresso.tools.win32_25.6.0.202501151204/tools/bin/../lib/gcc/arm-none-eabi/14.2.1/../../../../arm-none-eabi/lib/thumb/v8-m.main+fp/hard\libcr_c.a(ftell.o)
                0x000024ec                ftell
 .text.PrintGetWidth
                0x00002530       0x6a ./utilities/str/fsl_str.o
 .text.PrintGetPrecision
                0x0000259a       0x8c ./utilities/str/fsl_str.o
 .text.PrintIsobpu
                0x00002626       0x38 ./utilities/str/fsl_str.o
 .text.PrintIsdi
                0x0000265e       0x2c ./utilities/str/fsl_str.o
 .text.PrintOutputdifFobpu
                0x0000268a       0x44 ./utilities/str/fsl_str.o
 .text.PrintOutputxX
                0x000026ce       0x44 ./utilities/str/fsl_str.o
 .text.PrintIsfF
                0x00002712       0x2c ./utilities/str/fsl_str.o
 .text.PrintIsxX
                0x0000273e       0x2c ./utilities/str/fsl_str.o
 .text.PrintFilterLengthFlag
                0x0000276a       0x3e ./utilities/str/fsl_str.o
 .text.PrintGetRadixFromobpu
                0x000027a8       0x40 ./utilities/str/fsl_str.o
 .text.ConvertRadixNumToString
                0x000027e8       0xc2 ./utilities/str/fsl_str.o
 .text.StrFormatExaminedi
                0x000028aa       0x26 ./utilities/str/fsl_str.o
 .text.StrFormatExaminexX
                0x000028d0       0x26 ./utilities/str/fsl_str.o
 .text.StrFormatExamineobpu
                0x000028f6       0x26 ./utilities/str/fsl_str.o
 .text.ConvertPrecisionWidthToLength
                0x0000291c       0x20 ./utilities/str/fsl_str.o
 .text.StrFormatPrintf
                0x0000293c      0x2bc ./utilities/str/fsl_str.o
                0x0000293c                StrFormatPrintf
 .text.DbgConsole_PrintCallback
                0x00002bf8       0x66 ./utilities/debug_console/fsl_debug_console.o
 .text.DbgConsole_Printf
                0x00002c5e       0x2c ./utilities/debug_console/fsl_debug_console.o
                0x00002c5e                DbgConsole_Printf
 .text.fsl_assert_hook
                0x00002c8a       0x1a ./utilities/fsl_assert.o
                0x00002c8a                fsl_assert_hook
 .text.OR_IRQHandler
                0x00002ca4        0x8 ./startup/startup_mcxn236.o
                0x00002ca4                OR_IRQHandler
 .text.EDMA_0_CH0_IRQHandler
                0x00002cac        0x8 ./startup/startup_mcxn236.o
                0x00002cac                EDMA_0_CH0_IRQHandler
 .text.EDMA_0_CH1_IRQHandler
                0x00002cb4        0x8 ./startup/startup_mcxn236.o
                0x00002cb4                EDMA_0_CH1_IRQHandler
 .text.EDMA_0_CH2_IRQHandler
                0x00002cbc        0x8 ./startup/startup_mcxn236.o
                0x00002cbc                EDMA_0_CH2_IRQHandler
 .text.EDMA_0_CH3_IRQHandler
                0x00002cc4        0x8 ./startup/startup_mcxn236.o
                0x00002cc4                EDMA_0_CH3_IRQHandler
 .text.EDMA_0_CH4_IRQHandler
                0x00002ccc        0x8 ./startup/startup_mcxn236.o
                0x00002ccc                EDMA_0_CH4_IRQHandler
 .text.EDMA_0_CH5_IRQHandler
                0x00002cd4        0x8 ./startup/startup_mcxn236.o
                0x00002cd4                EDMA_0_CH5_IRQHandler
 .text.EDMA_0_CH6_IRQHandler
                0x00002cdc        0x8 ./startup/startup_mcxn236.o
                0x00002cdc                EDMA_0_CH6_IRQHandler
 .text.EDMA_0_CH7_IRQHandler
                0x00002ce4        0x8 ./startup/startup_mcxn236.o
                0x00002ce4                EDMA_0_CH7_IRQHandler
 .text.EDMA_0_CH8_IRQHandler
                0x00002cec        0x8 ./startup/startup_mcxn236.o
                0x00002cec                EDMA_0_CH8_IRQHandler
 .text.EDMA_0_CH9_IRQHandler
                0x00002cf4        0x8 ./startup/startup_mcxn236.o
                0x00002cf4                EDMA_0_CH9_IRQHandler
 .text.EDMA_0_CH10_IRQHandler
                0x00002cfc        0x8 ./startup/startup_mcxn236.o
                0x00002cfc                EDMA_0_CH10_IRQHandler
 .text.EDMA_0_CH11_IRQHandler
                0x00002d04        0x8 ./startup/startup_mcxn236.o
                0x00002d04                EDMA_0_CH11_IRQHandler
 .text.EDMA_0_CH12_IRQHandler
                0x00002d0c        0x8 ./startup/startup_mcxn236.o
                0x00002d0c                EDMA_0_CH12_IRQHandler
 .text.EDMA_0_CH13_IRQHandler
                0x00002d14        0x8 ./startup/startup_mcxn236.o
                0x00002d14                EDMA_0_CH13_IRQHandler
 .text.EDMA_0_CH14_IRQHandler
                0x00002d1c        0x8 ./startup/startup_mcxn236.o
                0x00002d1c                EDMA_0_CH14_IRQHandler
 .text.EDMA_0_CH15_IRQHandler
                0x00002d24        0x8 ./startup/startup_mcxn236.o
                0x00002d24                EDMA_0_CH15_IRQHandler
 .text.GPIO00_IRQHandler
                0x00002d2c        0x8 ./startup/startup_mcxn236.o
                0x00002d2c                GPIO00_IRQHandler
 .text.GPIO01_IRQHandler
                0x00002d34        0x8 ./startup/startup_mcxn236.o
                0x00002d34                GPIO01_IRQHandler
 .text.GPIO10_IRQHandler
                0x00002d3c        0x8 ./startup/startup_mcxn236.o
                0x00002d3c                GPIO10_IRQHandler
 .text.GPIO11_IRQHandler
                0x00002d44        0x8 ./startup/startup_mcxn236.o
                0x00002d44                GPIO11_IRQHandler
 .text.GPIO20_IRQHandler
                0x00002d4c        0x8 ./startup/startup_mcxn236.o
                0x00002d4c                GPIO20_IRQHandler
 .text.GPIO21_IRQHandler
                0x00002d54        0x8 ./startup/startup_mcxn236.o
                0x00002d54                GPIO21_IRQHandler
 .text.GPIO30_IRQHandler
                0x00002d5c        0x8 ./startup/startup_mcxn236.o
                0x00002d5c                GPIO30_IRQHandler
 .text.GPIO31_IRQHandler
                0x00002d64        0x8 ./startup/startup_mcxn236.o
                0x00002d64                GPIO31_IRQHandler
 .text.GPIO40_IRQHandler
                0x00002d6c        0x8 ./startup/startup_mcxn236.o
                0x00002d6c                GPIO40_IRQHandler
 .text.GPIO41_IRQHandler
                0x00002d74        0x8 ./startup/startup_mcxn236.o
                0x00002d74                GPIO41_IRQHandler
 .text.GPIO50_IRQHandler
                0x00002d7c        0x8 ./startup/startup_mcxn236.o
                0x00002d7c                GPIO50_IRQHandler
 .text.GPIO51_IRQHandler
                0x00002d84        0x8 ./startup/startup_mcxn236.o
                0x00002d84                GPIO51_IRQHandler
 .text.UTICK0_IRQHandler
                0x00002d8c        0x8 ./startup/startup_mcxn236.o
                0x00002d8c                UTICK0_IRQHandler
 .text.MRT0_IRQHandler
                0x00002d94        0x8 ./startup/startup_mcxn236.o
                0x00002d94                MRT0_IRQHandler
 .text.CTIMER0_IRQHandler
                0x00002d9c        0x8 ./startup/startup_mcxn236.o
                0x00002d9c                CTIMER0_IRQHandler
 .text.CTIMER1_IRQHandler
                0x00002da4        0x8 ./startup/startup_mcxn236.o
                0x00002da4                CTIMER1_IRQHandler
 .text.Reserved49_IRQHandler
                0x00002dac        0x8 ./startup/startup_mcxn236.o
                0x00002dac                Reserved49_IRQHandler
 .text.CTIMER2_IRQHandler
                0x00002db4        0x8 ./startup/startup_mcxn236.o
                0x00002db4                CTIMER2_IRQHandler
 .text.LP_FLEXCOMM0_IRQHandler
                0x00002dbc        0x8 ./startup/startup_mcxn236.o
                0x00002dbc                LP_FLEXCOMM0_IRQHandler
 .text.LP_FLEXCOMM1_IRQHandler
                0x00002dc4        0x8 ./startup/startup_mcxn236.o
                0x00002dc4                LP_FLEXCOMM1_IRQHandler
 .text.LP_FLEXCOMM2_IRQHandler
                0x00002dcc        0x8 ./startup/startup_mcxn236.o
                0x00002dcc                LP_FLEXCOMM2_IRQHandler
 .text.LP_FLEXCOMM3_IRQHandler
                0x00002dd4        0x8 ./startup/startup_mcxn236.o
                0x00002dd4                LP_FLEXCOMM3_IRQHandler
 .text.LP_FLEXCOMM4_IRQHandler
                0x00002ddc        0x8 ./startup/startup_mcxn236.o
                0x00002ddc                LP_FLEXCOMM4_IRQHandler
 .text.LP_FLEXCOMM5_IRQHandler
                0x00002de4        0x8 ./startup/startup_mcxn236.o
                0x00002de4                LP_FLEXCOMM5_IRQHandler
 .text.LP_FLEXCOMM6_IRQHandler
                0x00002dec        0x8 ./startup/startup_mcxn236.o
                0x00002dec                LP_FLEXCOMM6_IRQHandler
 .text.LP_FLEXCOMM7_IRQHandler
                0x00002df4        0x8 ./startup/startup_mcxn236.o
                0x00002df4                LP_FLEXCOMM7_IRQHandler
 .text.Reserved59_IRQHandler
                0x00002dfc        0x8 ./startup/startup_mcxn236.o
                0x00002dfc                Reserved59_IRQHandler
 .text.Reserved60_IRQHandler
                0x00002e04        0x8 ./startup/startup_mcxn236.o
                0x00002e04                Reserved60_IRQHandler
 .text.ADC0_IRQHandler
                0x00002e0c        0x8 ./startup/startup_mcxn236.o
                0x00002e0c                ADC0_IRQHandler
 .text.ADC1_IRQHandler
                0x00002e14        0x8 ./startup/startup_mcxn236.o
                0x00002e14                ADC1_IRQHandler
 .text.PINT0_IRQHandler
                0x00002e1c        0x8 ./startup/startup_mcxn236.o
                0x00002e1c                PINT0_IRQHandler
 .text.PDM_EVENT_IRQHandler
                0x00002e24        0x8 ./startup/startup_mcxn236.o
                0x00002e24                PDM_EVENT_IRQHandler
 .text.Reserved65_IRQHandler
                0x00002e2c        0x8 ./startup/startup_mcxn236.o
                0x00002e2c                Reserved65_IRQHandler
 .text.Reserved66_IRQHandler
                0x00002e34        0x8 ./startup/startup_mcxn236.o
                0x00002e34                Reserved66_IRQHandler
 .text.USB0_DCD_IRQHandler
                0x00002e3c        0x8 ./startup/startup_mcxn236.o
                0x00002e3c                USB0_DCD_IRQHandler
 .text.RTC_IRQHandler
                0x00002e44        0x8 ./startup/startup_mcxn236.o
                0x00002e44                RTC_IRQHandler
 .text.SMARTDMA_IRQHandler
                0x00002e4c        0x8 ./startup/startup_mcxn236.o
                0x00002e4c                SMARTDMA_IRQHandler
 .text.Reserved70_IRQHandler
                0x00002e54        0x8 ./startup/startup_mcxn236.o
                0x00002e54                Reserved70_IRQHandler
 .text.CTIMER3_IRQHandler
                0x00002e5c        0x8 ./startup/startup_mcxn236.o
                0x00002e5c                CTIMER3_IRQHandler
 .text.CTIMER4_IRQHandler
                0x00002e64        0x8 ./startup/startup_mcxn236.o
                0x00002e64                CTIMER4_IRQHandler
 .text.OS_EVENT_IRQHandler
                0x00002e6c        0x8 ./startup/startup_mcxn236.o
                0x00002e6c                OS_EVENT_IRQHandler
 .text.Reserved74_IRQHandler
                0x00002e74        0x8 ./startup/startup_mcxn236.o
                0x00002e74                Reserved74_IRQHandler
 .text.SAI0_IRQHandler
                0x00002e7c        0x8 ./startup/startup_mcxn236.o
                0x00002e7c                SAI0_IRQHandler
 .text.SAI1_IRQHandler
                0x00002e84        0x8 ./startup/startup_mcxn236.o
                0x00002e84                SAI1_IRQHandler
 .text.Reserved77_IRQHandler
                0x00002e8c        0x8 ./startup/startup_mcxn236.o
                0x00002e8c                Reserved77_IRQHandler
 .text.CAN0_IRQHandler
                0x00002e94        0x8 ./startup/startup_mcxn236.o
                0x00002e94                CAN0_IRQHandler
 .text.CAN1_IRQHandler
                0x00002e9c        0x8 ./startup/startup_mcxn236.o
                0x00002e9c                CAN1_IRQHandler
 .text.Reserved80_IRQHandler
                0x00002ea4        0x8 ./startup/startup_mcxn236.o
                0x00002ea4                Reserved80_IRQHandler
 .text.Reserved81_IRQHandler
                0x00002eac        0x8 ./startup/startup_mcxn236.o
                0x00002eac                Reserved81_IRQHandler
 .text.USB1_HS_PHY_IRQHandler
                0x00002eb4        0x8 ./startup/startup_mcxn236.o
                0x00002eb4                USB1_HS_PHY_IRQHandler
 .text.USB1_HS_IRQHandler
                0x00002ebc        0x8 ./startup/startup_mcxn236.o
                0x00002ebc                USB1_HS_IRQHandler
 .text.SEC_HYPERVISOR_CALL_IRQHandler
                0x00002ec4        0x8 ./startup/startup_mcxn236.o
                0x00002ec4                SEC_HYPERVISOR_CALL_IRQHandler
 .text.Reserved85_IRQHandler
                0x00002ecc        0x8 ./startup/startup_mcxn236.o
                0x00002ecc                Reserved85_IRQHandler
 .text.Reserved86_IRQHandler
                0x00002ed4        0x8 ./startup/startup_mcxn236.o
                0x00002ed4                Reserved86_IRQHandler
 .text.Freqme_IRQHandler
                0x00002edc        0x8 ./startup/startup_mcxn236.o
                0x00002edc                Freqme_IRQHandler
 .text.SEC_VIO_IRQHandler
                0x00002ee4        0x8 ./startup/startup_mcxn236.o
                0x00002ee4                SEC_VIO_IRQHandler
 .text.ELS_IRQHandler
                0x00002eec        0x8 ./startup/startup_mcxn236.o
                0x00002eec                ELS_IRQHandler
 .text.PKC_IRQHandler
                0x00002ef4        0x8 ./startup/startup_mcxn236.o
                0x00002ef4                PKC_IRQHandler
 .text.PUF_IRQHandler
                0x00002efc        0x8 ./startup/startup_mcxn236.o
                0x00002efc                PUF_IRQHandler
 .text.Reserved92_IRQHandler
                0x00002f04        0x8 ./startup/startup_mcxn236.o
                0x00002f04                Reserved92_IRQHandler
 .text.EDMA_1_CH0_IRQHandler
                0x00002f0c        0x8 ./startup/startup_mcxn236.o
                0x00002f0c                EDMA_1_CH0_IRQHandler
 .text.EDMA_1_CH1_IRQHandler
                0x00002f14        0x8 ./startup/startup_mcxn236.o
                0x00002f14                EDMA_1_CH1_IRQHandler
 .text.EDMA_1_CH2_IRQHandler
                0x00002f1c        0x8 ./startup/startup_mcxn236.o
                0x00002f1c                EDMA_1_CH2_IRQHandler
 .text.EDMA_1_CH3_IRQHandler
                0x00002f24        0x8 ./startup/startup_mcxn236.o
                0x00002f24                EDMA_1_CH3_IRQHandler
 .text.EDMA_1_CH4_IRQHandler
                0x00002f2c        0x8 ./startup/startup_mcxn236.o
                0x00002f2c                EDMA_1_CH4_IRQHandler
 .text.EDMA_1_CH5_IRQHandler
                0x00002f34        0x8 ./startup/startup_mcxn236.o
                0x00002f34                EDMA_1_CH5_IRQHandler
 .text.EDMA_1_CH6_IRQHandler
                0x00002f3c        0x8 ./startup/startup_mcxn236.o
                0x00002f3c                EDMA_1_CH6_IRQHandler
 .text.EDMA_1_CH7_IRQHandler
                0x00002f44        0x8 ./startup/startup_mcxn236.o
                0x00002f44                EDMA_1_CH7_IRQHandler
 .text.Reserved101_IRQHandler
                0x00002f4c        0x8 ./startup/startup_mcxn236.o
                0x00002f4c                Reserved101_IRQHandler
 .text.Reserved102_IRQHandler
                0x00002f54        0x8 ./startup/startup_mcxn236.o
                0x00002f54                Reserved102_IRQHandler
 .text.Reserved103_IRQHandler
                0x00002f5c        0x8 ./startup/startup_mcxn236.o
                0x00002f5c                Reserved103_IRQHandler
 .text.Reserved104_IRQHandler
                0x00002f64        0x8 ./startup/startup_mcxn236.o
                0x00002f64                Reserved104_IRQHandler
 .text.Reserved105_IRQHandler
                0x00002f6c        0x8 ./startup/startup_mcxn236.o
                0x00002f6c                Reserved105_IRQHandler
 .text.Reserved106_IRQHandler
                0x00002f74        0x8 ./startup/startup_mcxn236.o
                0x00002f74                Reserved106_IRQHandler
 .text.Reserved107_IRQHandler
                0x00002f7c        0x8 ./startup/startup_mcxn236.o
                0x00002f7c                Reserved107_IRQHandler
 .text.Reserved108_IRQHandler
                0x00002f84        0x8 ./startup/startup_mcxn236.o
                0x00002f84                Reserved108_IRQHandler
 .text.CDOG0_IRQHandler
                0x00002f8c        0x8 ./startup/startup_mcxn236.o
                0x00002f8c                CDOG0_IRQHandler
 .text.CDOG1_IRQHandler
                0x00002f94        0x8 ./startup/startup_mcxn236.o
                0x00002f94                CDOG1_IRQHandler
 .text.I3C0_IRQHandler
                0x00002f9c        0x8 ./startup/startup_mcxn236.o
                0x00002f9c                I3C0_IRQHandler
 .text.I3C1_IRQHandler
                0x00002fa4        0x8 ./startup/startup_mcxn236.o
                0x00002fa4                I3C1_IRQHandler
 .text.Reserved113_IRQHandler
                0x00002fac        0x8 ./startup/startup_mcxn236.o
                0x00002fac                Reserved113_IRQHandler
 .text.GDET_IRQHandler
                0x00002fb4        0x8 ./startup/startup_mcxn236.o
                0x00002fb4                GDET_IRQHandler
 .text.VBAT0_IRQHandler
                0x00002fbc        0x8 ./startup/startup_mcxn236.o
                0x00002fbc                VBAT0_IRQHandler
 .text.EWM0_IRQHandler
                0x00002fc4        0x8 ./startup/startup_mcxn236.o
                0x00002fc4                EWM0_IRQHandler
 .text.Reserved117_IRQHandler
                0x00002fcc        0x8 ./startup/startup_mcxn236.o
                0x00002fcc                Reserved117_IRQHandler
 .text.Reserved118_IRQHandler
                0x00002fd4        0x8 ./startup/startup_mcxn236.o
                0x00002fd4                Reserved118_IRQHandler
 .text.Reserved119_IRQHandler
                0x00002fdc        0x8 ./startup/startup_mcxn236.o
                0x00002fdc                Reserved119_IRQHandler
 .text.Reserved120_IRQHandler
                0x00002fe4        0x8 ./startup/startup_mcxn236.o
                0x00002fe4                Reserved120_IRQHandler
 .text.FLEXIO_IRQHandler
                0x00002fec        0x8 ./startup/startup_mcxn236.o
                0x00002fec                FLEXIO_IRQHandler
 .text.Reserved122_IRQHandler
                0x00002ff4        0x8 ./startup/startup_mcxn236.o
                0x00002ff4                Reserved122_IRQHandler
 .text.Reserved123_IRQHandler
                0x00002ffc        0x8 ./startup/startup_mcxn236.o
                0x00002ffc                Reserved123_IRQHandler
 .text.Reserved124_IRQHandler
                0x00003004        0x8 ./startup/startup_mcxn236.o
                0x00003004                Reserved124_IRQHandler
 .text.HSCMP0_IRQHandler
                0x0000300c        0x8 ./startup/startup_mcxn236.o
                0x0000300c                HSCMP0_IRQHandler
 .text.HSCMP1_IRQHandler
                0x00003014        0x8 ./startup/startup_mcxn236.o
                0x00003014                HSCMP1_IRQHandler
 .text.Reserved127_IRQHandler
                0x0000301c        0x8 ./startup/startup_mcxn236.o
                0x0000301c                Reserved127_IRQHandler
 .text.FLEXPWM0_RELOAD_ERROR_IRQHandler
                0x00003024        0x8 ./startup/startup_mcxn236.o
                0x00003024                FLEXPWM0_RELOAD_ERROR_IRQHandler
 .text.FLEXPWM0_FAULT_IRQHandler
                0x0000302c        0x8 ./startup/startup_mcxn236.o
                0x0000302c                FLEXPWM0_FAULT_IRQHandler
 .text.FLEXPWM0_SUBMODULE0_IRQHandler
                0x00003034        0x8 ./startup/startup_mcxn236.o
                0x00003034                FLEXPWM0_SUBMODULE0_IRQHandler
 .text.FLEXPWM0_SUBMODULE1_IRQHandler
                0x0000303c        0x8 ./startup/startup_mcxn236.o
                0x0000303c                FLEXPWM0_SUBMODULE1_IRQHandler
 .text.FLEXPWM0_SUBMODULE2_IRQHandler
                0x00003044        0x8 ./startup/startup_mcxn236.o
                0x00003044                FLEXPWM0_SUBMODULE2_IRQHandler
 .text.FLEXPWM0_SUBMODULE3_IRQHandler
                0x0000304c        0x8 ./startup/startup_mcxn236.o
                0x0000304c                FLEXPWM0_SUBMODULE3_IRQHandler
 .text.FLEXPWM1_RELOAD_ERROR_IRQHandler
                0x00003054        0x8 ./startup/startup_mcxn236.o
                0x00003054                FLEXPWM1_RELOAD_ERROR_IRQHandler
 .text.FLEXPWM1_FAULT_IRQHandler
                0x0000305c        0x8 ./startup/startup_mcxn236.o
                0x0000305c                FLEXPWM1_FAULT_IRQHandler
 .text.FLEXPWM1_SUBMODULE0_IRQHandler
                0x00003064        0x8 ./startup/startup_mcxn236.o
                0x00003064                FLEXPWM1_SUBMODULE0_IRQHandler
 .text.FLEXPWM1_SUBMODULE1_IRQHandler
                0x0000306c        0x8 ./startup/startup_mcxn236.o
                0x0000306c                FLEXPWM1_SUBMODULE1_IRQHandler
 .text.FLEXPWM1_SUBMODULE2_IRQHandler
                0x00003074        0x8 ./startup/startup_mcxn236.o
                0x00003074                FLEXPWM1_SUBMODULE2_IRQHandler
 .text.FLEXPWM1_SUBMODULE3_IRQHandler
                0x0000307c        0x8 ./startup/startup_mcxn236.o
                0x0000307c                FLEXPWM1_SUBMODULE3_IRQHandler
 .text.QDC0_COMPARE_IRQHandler
                0x00003084        0x8 ./startup/startup_mcxn236.o
                0x00003084                QDC0_COMPARE_IRQHandler
 .text.QDC0_HOME_IRQHandler
                0x0000308c        0x8 ./startup/startup_mcxn236.o
                0x0000308c                QDC0_HOME_IRQHandler
 .text.QDC0_WDG_SAB_IRQHandler
                0x00003094        0x8 ./startup/startup_mcxn236.o
                0x00003094                QDC0_WDG_SAB_IRQHandler
 .text.QDC0_IDX_IRQHandler
                0x0000309c        0x8 ./startup/startup_mcxn236.o
                0x0000309c                QDC0_IDX_IRQHandler
 .text.QDC1_COMPARE_IRQHandler
                0x000030a4        0x8 ./startup/startup_mcxn236.o
                0x000030a4                QDC1_COMPARE_IRQHandler
 .text.QDC1_HOME_IRQHandler
                0x000030ac        0x8 ./startup/startup_mcxn236.o
                0x000030ac                QDC1_HOME_IRQHandler
 .text.QDC1_WDG_SAB_IRQHandler
                0x000030b4        0x8 ./startup/startup_mcxn236.o
                0x000030b4                QDC1_WDG_SAB_IRQHandler
 .text.QDC1_IDX_IRQHandler
                0x000030bc        0x8 ./startup/startup_mcxn236.o
                0x000030bc                QDC1_IDX_IRQHandler
 .text.ITRC0_IRQHandler
                0x000030c4        0x8 ./startup/startup_mcxn236.o
                0x000030c4                ITRC0_IRQHandler
 .text.Reserved149_IRQHandler
                0x000030cc        0x8 ./startup/startup_mcxn236.o
                0x000030cc                Reserved149_IRQHandler
 .text.ELS_ERR_IRQHandler
                0x000030d4        0x8 ./startup/startup_mcxn236.o
                0x000030d4                ELS_ERR_IRQHandler
 .text.PKC_ERR_IRQHandler
                0x000030dc        0x8 ./startup/startup_mcxn236.o
                0x000030dc                PKC_ERR_IRQHandler
 .text.ERM_SINGLE_BIT_ERROR_IRQHandler
                0x000030e4        0x8 ./startup/startup_mcxn236.o
                0x000030e4                ERM_SINGLE_BIT_ERROR_IRQHandler
 .text.ERM_MULTI_BIT_ERROR_IRQHandler
                0x000030ec        0x8 ./startup/startup_mcxn236.o
                0x000030ec                ERM_MULTI_BIT_ERROR_IRQHandler
 .text.FMU0_IRQHandler
                0x000030f4        0x8 ./startup/startup_mcxn236.o
                0x000030f4                FMU0_IRQHandler
 .text.Reserved155_IRQHandler
                0x000030fc        0x8 ./startup/startup_mcxn236.o
                0x000030fc                Reserved155_IRQHandler
 .text.Reserved156_IRQHandler
                0x00003104        0x8 ./startup/startup_mcxn236.o
                0x00003104                Reserved156_IRQHandler
 .text.Reserved157_IRQHandler
                0x0000310c        0x8 ./startup/startup_mcxn236.o
                0x0000310c                Reserved157_IRQHandler
 .text.Reserved158_IRQHandler
                0x00003114        0x8 ./startup/startup_mcxn236.o
                0x00003114                Reserved158_IRQHandler
 .text.LPTMR0_IRQHandler
                0x0000311c        0x8 ./startup/startup_mcxn236.o
                0x0000311c                LPTMR0_IRQHandler
 .text.LPTMR1_IRQHandler
                0x00003124        0x8 ./startup/startup_mcxn236.o
                0x00003124                LPTMR1_IRQHandler
 .text.SCG_IRQHandler
                0x0000312c        0x8 ./startup/startup_mcxn236.o
                0x0000312c                SCG_IRQHandler
 .text.SPC_IRQHandler
                0x00003134        0x8 ./startup/startup_mcxn236.o
                0x00003134                SPC_IRQHandler
 .text.WUU_IRQHandler
                0x0000313c        0x8 ./startup/startup_mcxn236.o
                0x0000313c                WUU_IRQHandler
 .text.PORT_EFT_IRQHandler
                0x00003144        0x8 ./startup/startup_mcxn236.o
                0x00003144                PORT_EFT_IRQHandler
 .text.Reserved165_IRQHandler
                0x0000314c        0x8 ./startup/startup_mcxn236.o
                0x0000314c                Reserved165_IRQHandler
 .text.Reserved166_IRQHandler
                0x00003154        0x8 ./startup/startup_mcxn236.o
                0x00003154                Reserved166_IRQHandler
 .text.Reserved167_IRQHandler
                0x0000315c        0x8 ./startup/startup_mcxn236.o
                0x0000315c                Reserved167_IRQHandler
 .text.WWDT0_IRQHandler
                0x00003164        0x8 ./startup/startup_mcxn236.o
                0x00003164                WWDT0_IRQHandler
 .text.WWDT1_IRQHandler
                0x0000316c        0x8 ./startup/startup_mcxn236.o
                0x0000316c                WWDT1_IRQHandler
 .text.CMC0_IRQHandler
                0x00003174        0x8 ./startup/startup_mcxn236.o
                0x00003174                CMC0_IRQHandler
 .text.HardFault_Handler
                0x0000317c       0x36 ./source/semihost_hardfault.o
                0x0000317c                HardFault_Handler
 .text.GPIO_PinWrite
                0x000031b2       0x36 ./source/tasks.o
 .text.GPIO_PinRead
                0x000031e8       0x24 ./source/tasks.o
 .text.Monitor_Task
                0x0000320c        0xc ./source/tasks.o
                0x0000320c                Monitor_Task
 .text.CLOCK_GetPll0OutFreq
                0x00003218       0x88 ./drivers/fsl_clock.o
                0x00003218                CLOCK_GetPll0OutFreq
 .text.GPIO_PinWrite
                0x000032a0       0x36 ./drivers/fsl_gpio.o
 .text.LP_FLEXCOMM_PeripheralIsPresent
                0x000032d6       0x52 ./drivers/fsl_lpflexcomm.o
 .text.LP_FLEXCOMM0_DriverIRQHandler
                0x00003328        0xe ./drivers/fsl_lpflexcomm.o
                0x00003328                LP_FLEXCOMM0_DriverIRQHandler
 .text.LP_FLEXCOMM1_DriverIRQHandler
                0x00003336        0xe ./drivers/fsl_lpflexcomm.o
                0x00003336                LP_FLEXCOMM1_DriverIRQHandler
 .text.LP_FLEXCOMM2_DriverIRQHandler
                0x00003344        0xe ./drivers/fsl_lpflexcomm.o
                0x00003344                LP_FLEXCOMM2_DriverIRQHandler
 .text.LP_FLEXCOMM3_DriverIRQHandler
                0x00003352        0xe ./drivers/fsl_lpflexcomm.o
                0x00003352                LP_FLEXCOMM3_DriverIRQHandler
 .text.LP_FLEXCOMM4_DriverIRQHandler
                0x00003360        0xe ./drivers/fsl_lpflexcomm.o
                0x00003360                LP_FLEXCOMM4_DriverIRQHandler
 .text.LP_FLEXCOMM5_DriverIRQHandler
                0x0000336e        0xe ./drivers/fsl_lpflexcomm.o
                0x0000336e                LP_FLEXCOMM5_DriverIRQHandler
 .text.LP_FLEXCOMM6_DriverIRQHandler
                0x0000337c        0xe ./drivers/fsl_lpflexcomm.o
                0x0000337c                LP_FLEXCOMM6_DriverIRQHandler
 .text.LP_FLEXCOMM7_DriverIRQHandler
                0x0000338a        0xe ./drivers/fsl_lpflexcomm.o
                0x0000338a                LP_FLEXCOMM7_DriverIRQHandler
 .text.LPUART_SoftwareReset
                0x00003398       0x2c ./drivers/fsl_lpuart.o
 .text.SPC_GetActiveModeBandgapMode
                0x000033c4       0x22 ./drivers/fsl_spc.o
 .text.SPC_GetActiveModeVoltageDetectStatus
                0x000033e6       0x22 ./drivers/fsl_spc.o
 .text.SPC_GetActiveModeCoreLDOVDDVoltageLevel
                0x00003408       0x22 ./drivers/fsl_spc.o
 .text.SPC_GetActiveModeCoreLDODriveStrength
                0x0000342a       0x22 ./drivers/fsl_spc.o
 .text.SPC_SetActiveModeDCDCRegulatorVoltageLevel
                0x0000344c       0x32 ./drivers/fsl_spc.o
 .text.SPC_SetActiveModeCoreLDORegulatorVoltageLevel
                0x0000347e       0x60 ./drivers/fsl_spc.o
                0x0000347e                SPC_SetActiveModeCoreLDORegulatorVoltageLevel
 .text.SPC_SetActiveModeCoreLDORegulatorDriveStrength
                0x000034de       0x5e ./drivers/fsl_spc.o
                0x000034de                SPC_SetActiveModeCoreLDORegulatorDriveStrength
 .text.SPC_SetActiveModeDCDCRegulatorDriveStrength
                0x0000353c       0x48 ./drivers/fsl_spc.o
                0x0000353c                SPC_SetActiveModeDCDCRegulatorDriveStrength
 .text.SystemInitHook
                0x00003584        0xe ./device/system_MCXN236.o
                0x00003584                SystemInitHook
 .text.HAL_UartGetStatus
                0x00003592       0x28 ./component/uart/fsl_adapter_lpuart.o
 .text.DisableGlobalIRQ
                0x000035ba       0x22 ./component/serial_manager/fsl_component_serial_manager.o
 .text.EnableGlobalIRQ
                0x000035dc       0x20 ./component/serial_manager/fsl_component_serial_manager.o
 .text.SerialManager_StartWriting
                0x000035fc       0x38 ./component/serial_manager/fsl_component_serial_manager.o
 .text.SerialManager_Write
                0x00003634       0x44 ./component/serial_manager/fsl_component_serial_manager.o
 .text.SerialManager_Init
                0x00003678       0x60 ./component/serial_manager/fsl_component_serial_manager.o
                0x00003678                SerialManager_Init
 .text.SerialManager_OpenWriteHandle
                0x000036d8       0x50 ./component/serial_manager/fsl_component_serial_manager.o
                0x000036d8                SerialManager_OpenWriteHandle
 .text.SerialManager_OpenReadHandle
                0x00003728       0x60 ./component/serial_manager/fsl_component_serial_manager.o
                0x00003728                SerialManager_OpenReadHandle
 .text.SerialManager_WriteBlocking
                0x00003788       0x20 ./component/serial_manager/fsl_component_serial_manager.o
                0x00003788                SerialManager_WriteBlocking
 .text.Serial_UartInit
                0x000037a8       0x3e ./component/serial_manager/fsl_component_serial_port_uart.o
                0x000037a8                Serial_UartInit
 .text.Serial_UartWrite
                0x000037e6       0x38 ./component/serial_manager/fsl_component_serial_port_uart.o
                0x000037e6                Serial_UartWrite
 .text.BOARD_InitBootClocks
                0x0000381e        0xc ./board/clock_config.o
                0x0000381e                BOARD_InitBootClocks
 .text.BOARD_InitBootPins
                0x0000382a        0xc ./board/pin_mux.o
                0x0000382a                BOARD_InitBootPins
 .text.__main   0x00003836        0xe C:/nxp/MCUXpressoIDE_25.6.136/ide/plugins/com.nxp.mcuxpresso.tools.win32_25.6.0.202501151204/tools/bin/../lib/gcc/arm-none-eabi/14.2.1/../../../../arm-none-eabi/lib/thumb/v8-m.main+fp/hard\libcr_nohost_nf.a(_cr__main.o)
                0x00003836                __main
 .text.memcpy   0x00003844        0x4 C:/nxp/MCUXpressoIDE_25.6.136/ide/plugins/com.nxp.mcuxpresso.tools.win32_25.6.0.202501151204/tools/bin/../lib/gcc/arm-none-eabi/14.2.1/../../../../arm-none-eabi/lib/thumb/v8-m.main+fp/hard\libcr_c.a(memcpy.o)
                0x00003844                memcpy
 .text.memset   0x00003848        0x4 C:/nxp/MCUXpressoIDE_25.6.136/ide/plugins/com.nxp.mcuxpresso.tools.win32_25.6.0.202501151204/tools/bin/../lib/gcc/arm-none-eabi/14.2.1/../../../../arm-none-eabi/lib/thumb/v8-m.main+fp/hard\libcr_c.a(memset.o)
                0x00003848                memset
 .text.free     0x0000384c       0x30 C:/nxp/MCUXpressoIDE_25.6.136/ide/plugins/com.nxp.mcuxpresso.tools.win32_25.6.0.202501151204/tools/bin/../lib/gcc/arm-none-eabi/14.2.1/../../../../arm-none-eabi/lib/thumb/v8-m.main+fp/hard\libcr_c.a(alloc.o)
                0x0000384c                free
 .text.setvbuf  0x0000387c       0x3e C:/nxp/MCUXpressoIDE_25.6.136/ide/plugins/com.nxp.mcuxpresso.tools.win32_25.6.0.202501151204/tools/bin/../lib/gcc/arm-none-eabi/14.2.1/../../../../arm-none-eabi/lib/thumb/v8-m.main+fp/hard\libcr_c.a(setvbuf.o)
                0x0000387c                setvbuf
 .text.strlen   0x000038ba       0x4e C:/nxp/MCUXpressoIDE_25.6.136/ide/plugins/com.nxp.mcuxpresso.tools.win32_25.6.0.202501151204/tools/bin/../lib/gcc/arm-none-eabi/14.2.1/../../../../arm-none-eabi/lib/thumb/v8-m.main+fp/hard\libcr_c.a(strlen.o)
                0x000038ba                strlen
 .text._deferredlazyseek
                0x00003908       0x40 C:/nxp/MCUXpressoIDE_25.6.136/ide/plugins/com.nxp.mcuxpresso.tools.win32_25.6.0.202501151204/tools/bin/../lib/gcc/arm-none-eabi/14.2.1/../../../../arm-none-eabi/lib/thumb/v8-m.main+fp/hard\libcr_c.a(_deferredlazyseek.o)
                0x00003908                _deferredlazyseek
 .text._fdopen  0x00003948       0x68 C:/nxp/MCUXpressoIDE_25.6.136/ide/plugins/com.nxp.mcuxpresso.tools.win32_25.6.0.202501151204/tools/bin/../lib/gcc/arm-none-eabi/14.2.1/../../../../arm-none-eabi/lib/thumb/v8-m.main+fp/hard\libcr_c.a(_fdopen.o)
                0x00003948                _fdopen
 .text._fflush  0x000039b0       0x52 C:/nxp/MCUXpressoIDE_25.6.136/ide/plugins/com.nxp.mcuxpresso.tools.win32_25.6.0.202501151204/tools/bin/../lib/gcc/arm-none-eabi/14.2.1/../../../../arm-none-eabi/lib/thumb/v8-m.main+fp/hard\libcr_c.a(_fflush.o)
                0x000039b0                _fflush
 .text.fclose   0x00003a02       0x58 C:/nxp/MCUXpressoIDE_25.6.136/ide/plugins/com.nxp.mcuxpresso.tools.win32_25.6.0.202501151204/tools/bin/../lib/gcc/arm-none-eabi/14.2.1/../../../../arm-none-eabi/lib/thumb/v8-m.main+fp/hard\libcr_c.a(fclose.o)
                0x00003a02                fclose
 .text.remove   0x00003a5a       0x14 C:/nxp/MCUXpressoIDE_25.6.136/ide/plugins/com.nxp.mcuxpresso.tools.win32_25.6.0.202501151204/tools/bin/../lib/gcc/arm-none-eabi/14.2.1/../../../../arm-none-eabi/lib/thumb/v8-m.main+fp/hard\libcr_c.a(remove.o)
                0x00003a5a                remove
 .text._do_fflush
                0x00003a6e       0x40 C:/nxp/MCUXpressoIDE_25.6.136/ide/plugins/com.nxp.mcuxpresso.tools.win32_25.6.0.202501151204/tools/bin/../lib/gcc/arm-none-eabi/14.2.1/../../../../arm-none-eabi/lib/thumb/v8-m.main+fp/hard\libcr_c.a(_do_fflush.o)
                0x00003a6e                _do_fflush
 .text.__aeabi_division_uldivmod
                0x00003aae      0x174 C:/nxp/MCUXpressoIDE_25.6.136/ide/plugins/com.nxp.mcuxpresso.tools.win32_25.6.0.202501151204/tools/bin/../lib/gcc/arm-none-eabi/14.2.1/thumb/v8-m.main+fp/hard\libcr_eabihelpers.a(division_64.o)
                0x00003aae                __aeabi_uldivmod
                0x00003ab2                __bhs_ldivmod1
 .text.__aeabi_division_idiv0
                0x00003c22        0x2 C:/nxp/MCUXpressoIDE_25.6.136/ide/plugins/com.nxp.mcuxpresso.tools.win32_25.6.0.202501151204/tools/bin/../lib/gcc/arm-none-eabi/14.2.1/thumb/v8-m.main+fp/hard\libcr_eabihelpers.a(division_idiv0.o)
                0x00003c22                __aeabi_idiv0
 .text.__aeabi_f2ulz
                0x00003c24       0x3e C:/nxp/MCUXpressoIDE_25.6.136/ide/plugins/com.nxp.mcuxpresso.tools.win32_25.6.0.202501151204/tools/bin/../lib/gcc/arm-none-eabi/14.2.1/thumb/v8-m.main+fp/hard\libcr_eabihelpers.a(float.o)
                0x00003c24                __aeabi_f2ulz
 .text.__aeabi_memcpy
                0x00003c62       0x34 C:/nxp/MCUXpressoIDE_25.6.136/ide/plugins/com.nxp.mcuxpresso.tools.win32_25.6.0.202501151204/tools/bin/../lib/gcc/arm-none-eabi/14.2.1/thumb/v8-m.main+fp/hard\libcr_eabihelpers.a(memcpy.o)
                0x00003c62                __aeabi_memcpy
                0x00003c6c                __aeabi_memcpy8
                0x00003c6c                __aeabi_memcpy4
 .text.__aeabi_memset_lowlevel
                0x00003c96       0x32 C:/nxp/MCUXpressoIDE_25.6.136/ide/plugins/com.nxp.mcuxpresso.tools.win32_25.6.0.202501151204/tools/bin/../lib/gcc/arm-none-eabi/14.2.1/thumb/v8-m.main+fp/hard\libcr_eabihelpers.a(memcpy.o)
                0x00003c96                __aeabi_lowlevel_memset
 .text.__sys_close
                0x00003cc8        0x6 C:/nxp/MCUXpressoIDE_25.6.136/ide/plugins/com.nxp.mcuxpresso.tools.win32_25.6.0.202501151204/tools/bin/../lib/gcc/arm-none-eabi/14.2.1/../../../../arm-none-eabi/lib/thumb/v8-m.main+fp/hard\libcr_nohost_nf.a(__sys_close.o)
                0x00003cc8                __sys_close
 .text.__sys_flen
                0x00003cce        0x6 C:/nxp/MCUXpressoIDE_25.6.136/ide/plugins/com.nxp.mcuxpresso.tools.win32_25.6.0.202501151204/tools/bin/../lib/gcc/arm-none-eabi/14.2.1/../../../../arm-none-eabi/lib/thumb/v8-m.main+fp/hard\libcr_nohost_nf.a(__sys_flen.o)
                0x00003cce                __sys_flen
 .text.__sys_istty
                0x00003cd4        0x6 C:/nxp/MCUXpressoIDE_25.6.136/ide/plugins/com.nxp.mcuxpresso.tools.win32_25.6.0.202501151204/tools/bin/../lib/gcc/arm-none-eabi/14.2.1/../../../../arm-none-eabi/lib/thumb/v8-m.main+fp/hard\libcr_nohost_nf.a(__sys_istty.o)
                0x00003cd4                __sys_istty
 .text.__sys_remove
                0x00003cda        0x6 C:/nxp/MCUXpressoIDE_25.6.136/ide/plugins/com.nxp.mcuxpresso.tools.win32_25.6.0.202501151204/tools/bin/../lib/gcc/arm-none-eabi/14.2.1/../../../../arm-none-eabi/lib/thumb/v8-m.main+fp/hard\libcr_nohost_nf.a(__sys_remove.o)
                0x00003cda                __sys_remove
 .text.__sys_seek
                0x00003ce0        0x6 C:/nxp/MCUXpressoIDE_25.6.136/ide/plugins/com.nxp.mcuxpresso.tools.win32_25.6.0.202501151204/tools/bin/../lib/gcc/arm-none-eabi/14.2.1/../../../../arm-none-eabi/lib/thumb/v8-m.main+fp/hard\libcr_nohost_nf.a(__sys_seek.o)
                0x00003ce0                __sys_seek
 .text.__sys_tmpnam
                0x00003ce6        0x6 C:/nxp/MCUXpressoIDE_25.6.136/ide/plugins/com.nxp.mcuxpresso.tools.win32_25.6.0.202501151204/tools/bin/../lib/gcc/arm-none-eabi/14.2.1/../../../../arm-none-eabi/lib/thumb/v8-m.main+fp/hard\libcr_nohost_nf.a(__sys_tmpnam.o)
                0x00003ce6                __sys_tmpnam
 .text.__sys_write
                0x00003cec        0x4 C:/nxp/MCUXpressoIDE_25.6.136/ide/plugins/com.nxp.mcuxpresso.tools.win32_25.6.0.202501151204/tools/bin/../lib/gcc/arm-none-eabi/14.2.1/../../../../arm-none-eabi/lib/thumb/v8-m.main+fp/hard\libcr_nohost_nf.a(__sys_write.o)
                0x00003cec                __sys_write
 *freertos*/tasks.o(SORT_BY_ALIGNMENT(.rodata*))
 *(SORT_BY_ALIGNMENT(.rodata) SORT_BY_ALIGNMENT(.rodata.*) SORT_BY_ALIGNMENT(.constdata) SORT_BY_ALIGNMENT(.constdata.*))
 .rodata.__assertion_failed.str1.4
                0x00003cf0      0x7b4 ./utilities/fsl_assert.o
                                 0x14 (size before relaxing)
 .rodata.main.str1.4
                0x000044a4       0x49 ./source/main.o
 .rodata        0x000044a4        0x2 ./source/main.o
 .rodata.Scheduler_PrintTasks.str1.4
                0x000044a6       0x8c ./source/scheduler.o
 .rodata.UART_Task.str1.4
                0x000044a6       0x14 ./source/tasks.o
 .rodata.Stopwatch_Task.str1.4
                0x000044a6       0x16 ./source/tasks.o
 .rodata.Button_Task.str1.4
                0x000044a6        0xe ./source/tasks.o
 .rodata.CLOCK_AttachClk.str1.4
                0x000044a6       0x58 ./drivers/fsl_clock.o
 .rodata.CLOCK_EnableClock.str1.4
                0x000044a6       0x36 ./drivers/fsl_gpio.o
 .rodata.CLOCK_DisableClock.str1.4
                0x000044a6       0x36 ./drivers/fsl_gpio.o
 *fill*         0x000044a6        0x2 ff
 .rodata.s_gpioBases
                0x000044a8       0x30 ./drivers/fsl_gpio.o
 .rodata.s_gpioClockName
                0x000044d8        0xc ./drivers/fsl_gpio.o
 .rodata.GPIO_GetInstance.str1.4
                0x000044e4       0x34 ./drivers/fsl_gpio.o
 .rodata.GPIO_PortClockEnable.str1.4
                0x000044e4       0x38 ./drivers/fsl_gpio.o
 .rodata.GPIO_PinInit.str1.4
                0x000044e4       0x20 ./drivers/fsl_gpio.o
 .rodata.CLOCK_EnableClock.str1.4
                0x000044e4       0x36 ./drivers/fsl_lpflexcomm.o
 .rodata.s_lpflexcommBase
                0x000044e4       0x20 ./drivers/fsl_lpflexcomm.o
 .rodata.s_lpflexcommClocks
                0x00004504       0x10 ./drivers/fsl_lpflexcomm.o
 .rodata.s_lpflexcommResets
                0x00004514       0x20 ./drivers/fsl_lpflexcomm.o
 .rodata.LP_FLEXCOMM_SetPeriph.str1.4
                0x00004534       0x43 ./drivers/fsl_lpflexcomm.o
 .rodata.LP_FLEXCOMM_Init.str1.4
                0x00004534       0x49 ./drivers/fsl_lpflexcomm.o
 .rodata.s_lpuartBases
                0x00004534       0x20 ./drivers/fsl_lpuart.o
 .rodata.LPUART_GetInstance.str1.4
                0x00004554       0x38 ./drivers/fsl_lpuart.o
 .rodata.LPUART_Init.str1.4
                0x00004554      0x10a ./drivers/fsl_lpuart.o
 .rodata.LPUART_GetDefaultConfig.str1.4
                0x00004554       0x22 ./drivers/fsl_lpuart.o
 .rodata.LPUART_WriteBlocking.str1.4
                0x00004554       0x21 ./drivers/fsl_lpuart.o
 .rodata.RESET_ClearPeripheralReset.str1.4
                0x00004554       0x57 ./drivers/fsl_reset.o
 .rodata.SPC_SetSRAMOperateVoltage.str1.4
                0x00004554       0x1f ./drivers/fsl_spc.o
 .rodata.SPC_SetActiveModeCoreLDORegulatorConfig.str1.4
                0x00004554       0x1f ./drivers/fsl_spc.o
 .rodata.SPC_SetActiveModeDCDCRegulatorConfig.str1.4
                0x00004554       0x20 ./drivers/fsl_spc.o
 .rodata.s_LpuartAdapterBase
                0x00004554       0x20 ./component/uart/fsl_adapter_lpuart.o
 .rodata.HAL_UartInit.str1.4
                0x00004574      0x116 ./component/uart/fsl_adapter_lpuart.o
 .rodata.HAL_UartSendBlocking.str1.4
                0x00004574       0x7b ./component/uart/fsl_adapter_lpuart.o
 .rodata.CLOCK_EnableClock.str1.4
                0x00004574       0x8e ./board/clock_config.o
 .rodata        0x00004574       0x22 ./board/clock_config.o
 .rodata.CLOCK_EnableClock.str1.4
                0x00004596       0x8e ./board/pin_mux.o
 .rodata.PORT_SetPinConfig.str1.4
                0x00004596       0x78 ./board/pin_mux.o
 *fill*         0x00004596        0x2 ff
 .rodata.__num_Ciob_streams
                0x00004598        0x4 C:/nxp/MCUXpressoIDE_25.6.136/ide/plugins/com.nxp.mcuxpresso.tools.win32_25.6.0.202501151204/tools/bin/../lib/gcc/arm-none-eabi/14.2.1/../../../../arm-none-eabi/lib/thumb/v8-m.main+fp/hard\libcr_nohost_nf.a(__ciob.o)
                0x00004598                __num_Ciob_streams
 .rodata._initio.str1.1
                0x0000459c        0x4 C:/nxp/MCUXpressoIDE_25.6.136/ide/plugins/com.nxp.mcuxpresso.tools.win32_25.6.0.202501151204/tools/bin/../lib/gcc/arm-none-eabi/14.2.1/../../../../arm-none-eabi/lib/thumb/v8-m.main+fp/hard\libcr_c.a(initio.o)
                0x000045a0                        . = ALIGN (0x4)

.glue_7         0x000045a0        0x0
 .glue_7        0x000045a0        0x0 linker stubs

.glue_7t        0x000045a0        0x0
 .glue_7t       0x000045a0        0x0 linker stubs

.vfp11_veneer   0x000045a0        0x0
 .vfp11_veneer  0x000045a0        0x0 linker stubs

.v4_bx          0x000045a0        0x0
 .v4_bx         0x000045a0        0x0 linker stubs

.iplt           0x000045a0        0x0
 .iplt          0x000045a0        0x0 ./utilities/str/fsl_str.o

.rel.dyn        0x000045a0        0x0
 .rel.iplt      0x000045a0        0x0 ./utilities/str/fsl_str.o

.ARM.extab
 *(SORT_BY_ALIGNMENT(.ARM.extab*) SORT_BY_ALIGNMENT(.gnu.linkonce.armextab.*))

.ARM.exidx      0x000045a0        0x0
                0x000045a0                        __exidx_start = .
 *(SORT_BY_ALIGNMENT(.ARM.exidx*) SORT_BY_ALIGNMENT(.gnu.linkonce.armexidx.*))
                0x000045a0                        __exidx_end = .
                0x000045a0                        _etext = .

.data_RAM2      0x04000000        0x0 load address 0x000045a0
 FILL mask 0xff
                [!provide]                        PROVIDE (__start_data_RAM2 = .)
                [!provide]                        PROVIDE (__start_data_SRAMX = .)
 *(SORT_BY_ALIGNMENT(.ramfunc.$RAM2))
 *(SORT_BY_ALIGNMENT(.ramfunc.$SRAMX))
 *(SORT_BY_ALIGNMENT(.data.$RAM2))
 *(SORT_BY_ALIGNMENT(.data.$SRAMX))
 *(SORT_BY_ALIGNMENT(.data.$RAM2.*))
 *(SORT_BY_ALIGNMENT(.data.$SRAMX.*))
                0x04000000                        . = ALIGN (0x4)
                [!provide]                        PROVIDE (__end_data_RAM2 = .)
                [!provide]                        PROVIDE (__end_data_SRAMX = .)

.uninit_RESERVED
                0x20000000        0x0
                0x20000000                        _start_uninit_RESERVED = .
 *(SORT_BY_ALIGNMENT(.bss.$RESERVED*))
                0x20000000                        . = ALIGN (0x4)
                0x20000000                        _end_uninit_RESERVED = .

.data           0x20000000        0xc load address 0x000045a0
 FILL mask 0xff
                0x20000000                        _data = .
                [!provide]                        PROVIDE (__start_data_RAM = .)
                [!provide]                        PROVIDE (__start_data_SRAM = .)
 *(SORT_BY_ALIGNMENT(vtable))
 *(SORT_BY_ALIGNMENT(.ramfunc*))
 *(SORT_BY_ALIGNMENT(CodeQuickAccess))
 *(SORT_BY_ALIGNMENT(DataQuickAccess))
 *(SORT_BY_ALIGNMENT(RamFunction))
 *(SORT_BY_ALIGNMENT(.data*))
 .data.s_Ext_Clk_Freq
                0x20000000        0x4 ./drivers/fsl_clock.o
 .data.s_Xtal32_Freq
                0x20000004        0x4 ./drivers/fsl_clock.o
 .data.SystemCoreClock
                0x20000008        0x4 ./device/system_MCXN236.o
                0x20000008                SystemCoreClock
                0x2000000c                        . = ALIGN (0x4)
                0x2000000c                        _edata = .
                [!provide]                        PROVIDE (__end_data_RAM = .)
                [!provide]                        PROVIDE (__end_data_SRAM = .)

.igot.plt       0x2000000c        0x0 load address 0x000045ac
 .igot.plt      0x2000000c        0x0 ./utilities/str/fsl_str.o

.bss_RAM2       0x04000000        0x0
                [!provide]                        PROVIDE (__start_bss_RAM2 = .)
                [!provide]                        PROVIDE (__start_bss_SRAMX = .)
 *(SORT_BY_ALIGNMENT(.bss.$RAM2))
 *(SORT_BY_ALIGNMENT(.bss.$SRAMX))
 *(SORT_BY_ALIGNMENT(.bss.$RAM2.*))
 *(SORT_BY_ALIGNMENT(.bss.$SRAMX.*))
                0x04000000                        . = ALIGN ((. != 0x0)?0x4:0x1)
                [!provide]                        PROVIDE (__end_bss_RAM2 = .)
                [!provide]                        PROVIDE (__end_bss_SRAMX = .)

.bss            0x2000000c      0x32c
                0x2000000c                        _bss = .
                [!provide]                        PROVIDE (__start_bss_RAM = .)
                [!provide]                        PROVIDE (__start_bss_SRAM = .)
 *(SORT_BY_ALIGNMENT(.bss*))
 .bss.s_debugConsoleState
                0x2000000c       0x24 ./utilities/debug_console/fsl_debug_console.o
 .bss.g_serialHandle
                0x20000030        0x4 ./utilities/debug_console/fsl_debug_console.o
                0x20000030                g_serialHandle
 .bss.g_msTicks
                0x20000034        0x4 ./source/scheduler.o
                0x20000034                g_msTicks
 .bss.taskTable
                0x20000038      0x140 ./source/scheduler.o
                0x20000038                taskTable
 .bss.stopwatch
                0x20000178        0x4 ./source/tasks.o
 .bss.s_lpflexcommIrqHandler
                0x2000017c       0x80 ./drivers/fsl_lpflexcomm.o
 .bss.s_lpflexcommHandle
                0x200001fc       0x80 ./drivers/fsl_lpflexcomm.o
 .bss.errno     0x2000027c        0x4 C:/nxp/MCUXpressoIDE_25.6.136/ide/plugins/com.nxp.mcuxpresso.tools.win32_25.6.0.202501151204/tools/bin/../lib/gcc/arm-none-eabi/14.2.1/../../../../arm-none-eabi/lib/thumb/v8-m.main+fp/hard\libcr_c.a(errno.o)
                0x2000027c                errno
 .bss.__Ciob    0x20000280       0xb4 C:/nxp/MCUXpressoIDE_25.6.136/ide/plugins/com.nxp.mcuxpresso.tools.win32_25.6.0.202501151204/tools/bin/../lib/gcc/arm-none-eabi/14.2.1/../../../../arm-none-eabi/lib/thumb/v8-m.main+fp/hard\libcr_nohost_nf.a(__ciob.o)
                0x20000280                __Ciob
 .bss.s_debugConsoleReadWaitSemaphore
                0x20000334        0x1 ./utilities/debug_console/fsl_debug_console.o
 .bss.taskCount
                0x20000335        0x1 ./source/scheduler.o
 .bss.ledState  0x20000336        0x1 ./source/tasks.o
 *(SORT_BY_ALIGNMENT(COMMON))
                0x20000338                        . = ALIGN (0x4)
 *fill*         0x20000337        0x1 
                0x20000338                        _ebss = .
                [!provide]                        PROVIDE (__end_bss_RAM = .)
                [!provide]                        PROVIDE (__end_bss_SRAM = .)
                [!provide]                        PROVIDE (end = .)

.noinit_RAM2    0x04000000        0x0
                [!provide]                        PROVIDE (__start_noinit_RAM2 = .)
                [!provide]                        PROVIDE (__start_noinit_SRAMX = .)
 *(SORT_BY_ALIGNMENT(.noinit.$RAM2))
 *(SORT_BY_ALIGNMENT(.noinit.$SRAMX))
 *(SORT_BY_ALIGNMENT(.noinit.$RAM2.*))
 *(SORT_BY_ALIGNMENT(.noinit.$SRAMX.*))
                0x04000000                        . = ALIGN (0x4)
                [!provide]                        PROVIDE (__end_noinit_RAM2 = .)
                [!provide]                        PROVIDE (__end_noinit_SRAMX = .)

.noinit         0x20000338        0x0
                0x20000338                        _noinit = .
                [!provide]                        PROVIDE (__start_noinit_RAM = .)
                [!provide]                        PROVIDE (__start_noinit_SRAM = .)
 *(SORT_BY_ALIGNMENT(.noinit*))
                0x20000338                        . = ALIGN (0x4)
                0x20000338                        _end_noinit = .
                [!provide]                        PROVIDE (__end_noinit_RAM = .)
                [!provide]                        PROVIDE (__end_noinit_SRAM = .)
                0x00001000                        _HeapSize = 0x1000

.heap           0x20000338     0x1000
                0x20000338                        _pvHeapStart = .
                0x20001338                        . = (. + _HeapSize)
 *fill*         0x20000338     0x1000 
                0x20001338                        . = ALIGN (0x4)
                0x20001338                        _pvHeapLimit = .
                0x00001000                        _StackSize = 0x1000

.heap2stackfill
                0x20001338     0x1000
                0x20002338                        . = (. + _StackSize)
 *fill*         0x20001338     0x1000 

.stack          0x20037000        0x0
                0x20037000                        _vStackBase = .
                0x20037000                        . = ALIGN (0x4)
                0x20038000                        _vStackTop = (. + _StackSize)
                0x00000000                        _image_start = LOADADDR (.text)
                0x000045ac                        _image_end = (LOADADDR (.data) + SIZEOF (.data))
                0x000045ac                        _image_size = (_image_end - _image_start)
OUTPUT(baremetal_scheduler.axf elf32-littlearm)
LOAD linker stubs

.debug_info     0x00000000    0x1e469
 .debug_info    0x00000000      0xd5d ./utilities/str/fsl_str.o
 .debug_info    0x00000d5d      0xe5d ./utilities/debug_console/fsl_debug_console.o
 .debug_info    0x00001bba      0x1c9 ./utilities/fsl_assert.o
 .debug_info    0x00001d83     0x1499 ./startup/startup_mcxn236.o
 .debug_info    0x0000321c      0xd52 ./source/main.o
 .debug_info    0x00003f6e      0x6de ./source/scheduler.o
 .debug_info    0x0000464c       0x3c ./source/semihost_hardfault.o
 .debug_info    0x00004688      0x70a ./source/tasks.o
 .debug_info    0x00004d92     0x499c ./drivers/fsl_clock.o
 .debug_info    0x0000972e     0x18ba ./drivers/fsl_gpio.o
 .debug_info    0x0000afe8     0x1ef4 ./drivers/fsl_lpflexcomm.o
 .debug_info    0x0000cedc     0x2424 ./drivers/fsl_lpuart.o
 .debug_info    0x0000f300      0xf3f ./drivers/fsl_reset.o
 .debug_info    0x0001023f     0x1a73 ./drivers/fsl_spc.o
 .debug_info    0x00011cb2     0x169a ./device/system_MCXN236.o
 .debug_info    0x0001334c      0xe7d ./component/uart/fsl_adapter_lpuart.o
 .debug_info    0x000141c9      0xddf ./component/serial_manager/fsl_component_serial_manager.o
 .debug_info    0x00014fa8      0x551 ./component/serial_manager/fsl_component_serial_port_uart.o
 .debug_info    0x000154f9     0x108a ./board/board.o
 .debug_info    0x00016583     0x24ab ./board/clock_config.o
 .debug_info    0x00018a2e     0x1460 ./board/pin_mux.o
 .debug_info    0x00019e8e       0x85 C:/nxp/MCUXpressoIDE_25.6.136/ide/plugins/com.nxp.mcuxpresso.tools.win32_25.6.0.202501151204/tools/bin/../lib/gcc/arm-none-eabi/14.2.1/../../../../arm-none-eabi/lib/thumb/v8-m.main+fp/hard\libcr_nohost_nf.a(_cr__main.o)
 .debug_info    0x00019f13      0x12b C:/nxp/MCUXpressoIDE_25.6.136/ide/plugins/com.nxp.mcuxpresso.tools.win32_25.6.0.202501151204/tools/bin/../lib/gcc/arm-none-eabi/14.2.1/../../../../arm-none-eabi/lib/thumb/v8-m.main+fp/hard\libcr_c.a(memcpy.o)
 .debug_info    0x0001a03e       0xfc C:/nxp/MCUXpressoIDE_25.6.136/ide/plugins/com.nxp.mcuxpresso.tools.win32_25.6.0.202501151204/tools/bin/../lib/gcc/arm-none-eabi/14.2.1/../../../../arm-none-eabi/lib/thumb/v8-m.main+fp/hard\libcr_c.a(memset.o)
 .debug_info    0x0001a13a      0x520 C:/nxp/MCUXpressoIDE_25.6.136/ide/plugins/com.nxp.mcuxpresso.tools.win32_25.6.0.202501151204/tools/bin/../lib/gcc/arm-none-eabi/14.2.1/../../../../arm-none-eabi/lib/thumb/v8-m.main+fp/hard\libcr_c.a(alloc.o)
 .debug_info    0x0001a65a       0x44 C:/nxp/MCUXpressoIDE_25.6.136/ide/plugins/com.nxp.mcuxpresso.tools.win32_25.6.0.202501151204/tools/bin/../lib/gcc/arm-none-eabi/14.2.1/../../../../arm-none-eabi/lib/thumb/v8-m.main+fp/hard\libcr_c.a(errno.o)
 .debug_info    0x0001a69e      0x339 C:/nxp/MCUXpressoIDE_25.6.136/ide/plugins/com.nxp.mcuxpresso.tools.win32_25.6.0.202501151204/tools/bin/../lib/gcc/arm-none-eabi/14.2.1/../../../../arm-none-eabi/lib/thumb/v8-m.main+fp/hard\libcr_c.a(initio.o)
 .debug_info    0x0001a9d7      0x1fd C:/nxp/MCUXpressoIDE_25.6.136/ide/plugins/com.nxp.mcuxpresso.tools.win32_25.6.0.202501151204/tools/bin/../lib/gcc/arm-none-eabi/14.2.1/../../../../arm-none-eabi/lib/thumb/v8-m.main+fp/hard\libcr_c.a(setvbuf.o)
 .debug_info    0x0001abd4       0xe1 C:/nxp/MCUXpressoIDE_25.6.136/ide/plugins/com.nxp.mcuxpresso.tools.win32_25.6.0.202501151204/tools/bin/../lib/gcc/arm-none-eabi/14.2.1/../../../../arm-none-eabi/lib/thumb/v8-m.main+fp/hard\libcr_c.a(strlen.o)
 .debug_info    0x0001acb5      0x396 C:/nxp/MCUXpressoIDE_25.6.136/ide/plugins/com.nxp.mcuxpresso.tools.win32_25.6.0.202501151204/tools/bin/../lib/gcc/arm-none-eabi/14.2.1/../../../../arm-none-eabi/lib/thumb/v8-m.main+fp/hard\libcr_c.a(_deferredlazyseek.o)
 .debug_info    0x0001b04b      0x24b C:/nxp/MCUXpressoIDE_25.6.136/ide/plugins/com.nxp.mcuxpresso.tools.win32_25.6.0.202501151204/tools/bin/../lib/gcc/arm-none-eabi/14.2.1/../../../../arm-none-eabi/lib/thumb/v8-m.main+fp/hard\libcr_c.a(_fdopen.o)
 .debug_info    0x0001b296      0x1e3 C:/nxp/MCUXpressoIDE_25.6.136/ide/plugins/com.nxp.mcuxpresso.tools.win32_25.6.0.202501151204/tools/bin/../lib/gcc/arm-none-eabi/14.2.1/../../../../arm-none-eabi/lib/thumb/v8-m.main+fp/hard\libcr_c.a(_fflush.o)
 .debug_info    0x0001b479      0x289 C:/nxp/MCUXpressoIDE_25.6.136/ide/plugins/com.nxp.mcuxpresso.tools.win32_25.6.0.202501151204/tools/bin/../lib/gcc/arm-none-eabi/14.2.1/../../../../arm-none-eabi/lib/thumb/v8-m.main+fp/hard\libcr_c.a(_writebuf.o)
 .debug_info    0x0001b702      0x31e C:/nxp/MCUXpressoIDE_25.6.136/ide/plugins/com.nxp.mcuxpresso.tools.win32_25.6.0.202501151204/tools/bin/../lib/gcc/arm-none-eabi/14.2.1/../../../../arm-none-eabi/lib/thumb/v8-m.main+fp/hard\libcr_c.a(fclose.o)
 .debug_info    0x0001ba20      0x209 C:/nxp/MCUXpressoIDE_25.6.136/ide/plugins/com.nxp.mcuxpresso.tools.win32_25.6.0.202501151204/tools/bin/../lib/gcc/arm-none-eabi/14.2.1/../../../../arm-none-eabi/lib/thumb/v8-m.main+fp/hard\libcr_c.a(fflush.o)
 .debug_info    0x0001bc29      0x276 C:/nxp/MCUXpressoIDE_25.6.136/ide/plugins/com.nxp.mcuxpresso.tools.win32_25.6.0.202501151204/tools/bin/../lib/gcc/arm-none-eabi/14.2.1/../../../../arm-none-eabi/lib/thumb/v8-m.main+fp/hard\libcr_c.a(fseek.o)
 .debug_info    0x0001be9f      0x197 C:/nxp/MCUXpressoIDE_25.6.136/ide/plugins/com.nxp.mcuxpresso.tools.win32_25.6.0.202501151204/tools/bin/../lib/gcc/arm-none-eabi/14.2.1/../../../../arm-none-eabi/lib/thumb/v8-m.main+fp/hard\libcr_c.a(ftell.o)
 .debug_info    0x0001c036      0x1d7 C:/nxp/MCUXpressoIDE_25.6.136/ide/plugins/com.nxp.mcuxpresso.tools.win32_25.6.0.202501151204/tools/bin/../lib/gcc/arm-none-eabi/14.2.1/../../../../arm-none-eabi/lib/thumb/v8-m.main+fp/hard\libcr_c.a(remove.o)
 .debug_info    0x0001c20d      0x23a C:/nxp/MCUXpressoIDE_25.6.136/ide/plugins/com.nxp.mcuxpresso.tools.win32_25.6.0.202501151204/tools/bin/../lib/gcc/arm-none-eabi/14.2.1/../../../../arm-none-eabi/lib/thumb/v8-m.main+fp/hard\libcr_c.a(_do_fflush.o)
 .debug_info    0x0001c447     0x1b31 C:/nxp/MCUXpressoIDE_25.6.136/ide/plugins/com.nxp.mcuxpresso.tools.win32_25.6.0.202501151204/tools/bin/../lib/gcc/arm-none-eabi/14.2.1/thumb/v8-m.main+fp/hard\libcr_eabihelpers.a(float.o)
 .debug_info    0x0001df78      0x18b C:/nxp/MCUXpressoIDE_25.6.136/ide/plugins/com.nxp.mcuxpresso.tools.win32_25.6.0.202501151204/tools/bin/../lib/gcc/arm-none-eabi/14.2.1/../../../../arm-none-eabi/lib/thumb/v8-m.main+fp/hard\libcr_nohost_nf.a(__ciob.o)
 .debug_info    0x0001e103       0x6a C:/nxp/MCUXpressoIDE_25.6.136/ide/plugins/com.nxp.mcuxpresso.tools.win32_25.6.0.202501151204/tools/bin/../lib/gcc/arm-none-eabi/14.2.1/../../../../arm-none-eabi/lib/thumb/v8-m.main+fp/hard\libcr_nohost_nf.a(__sys_close.o)
 .debug_info    0x0001e16d       0x6a C:/nxp/MCUXpressoIDE_25.6.136/ide/plugins/com.nxp.mcuxpresso.tools.win32_25.6.0.202501151204/tools/bin/../lib/gcc/arm-none-eabi/14.2.1/../../../../arm-none-eabi/lib/thumb/v8-m.main+fp/hard\libcr_nohost_nf.a(__sys_flen.o)
 .debug_info    0x0001e1d7       0x6a C:/nxp/MCUXpressoIDE_25.6.136/ide/plugins/com.nxp.mcuxpresso.tools.win32_25.6.0.202501151204/tools/bin/../lib/gcc/arm-none-eabi/14.2.1/../../../../arm-none-eabi/lib/thumb/v8-m.main+fp/hard\libcr_nohost_nf.a(__sys_istty.o)
 .debug_info    0x0001e241       0x8a C:/nxp/MCUXpressoIDE_25.6.136/ide/plugins/com.nxp.mcuxpresso.tools.win32_25.6.0.202501151204/tools/bin/../lib/gcc/arm-none-eabi/14.2.1/../../../../arm-none-eabi/lib/thumb/v8-m.main+fp/hard\libcr_nohost_nf.a(__sys_remove.o)
 .debug_info    0x0001e2cb       0x78 C:/nxp/MCUXpressoIDE_25.6.136/ide/plugins/com.nxp.mcuxpresso.tools.win32_25.6.0.202501151204/tools/bin/../lib/gcc/arm-none-eabi/14.2.1/../../../../arm-none-eabi/lib/thumb/v8-m.main+fp/hard\libcr_nohost_nf.a(__sys_seek.o)
 .debug_info    0x0001e343       0x93 C:/nxp/MCUXpressoIDE_25.6.136/ide/plugins/com.nxp.mcuxpresso.tools.win32_25.6.0.202501151204/tools/bin/../lib/gcc/arm-none-eabi/14.2.1/../../../../arm-none-eabi/lib/thumb/v8-m.main+fp/hard\libcr_nohost_nf.a(__sys_tmpnam.o)
 .debug_info    0x0001e3d6       0x93 C:/nxp/MCUXpressoIDE_25.6.136/ide/plugins/com.nxp.mcuxpresso.tools.win32_25.6.0.202501151204/tools/bin/../lib/gcc/arm-none-eabi/14.2.1/../../../../arm-none-eabi/lib/thumb/v8-m.main+fp/hard\libcr_nohost_nf.a(__sys_write.o)

.debug_abbrev   0x00000000     0x47cf
 .debug_abbrev  0x00000000      0x270 ./utilities/str/fsl_str.o
 .debug_abbrev  0x00000270      0x270 ./utilities/debug_console/fsl_debug_console.o
 .debug_abbrev  0x000004e0      0x114 ./utilities/fsl_assert.o
 .debug_abbrev  0x000005f4      0x147 ./startup/startup_mcxn236.o
 .debug_abbrev  0x0000073b      0x24c ./source/main.o
 .debug_abbrev  0x00000987      0x1bf ./source/scheduler.o
 .debug_abbrev  0x00000b46       0x31 ./source/semihost_hardfault.o
 .debug_abbrev  0x00000b77      0x18f ./source/tasks.o
 .debug_abbrev  0x00000d06      0x376 ./drivers/fsl_clock.o
 .debug_abbrev  0x0000107c      0x2e1 ./drivers/fsl_gpio.o
 .debug_abbrev  0x0000135d      0x332 ./drivers/fsl_lpflexcomm.o
 .debug_abbrev  0x0000168f      0x468 ./drivers/fsl_lpuart.o
 .debug_abbrev  0x00001af7      0x15d ./drivers/fsl_reset.o
 .debug_abbrev  0x00001c54      0x2eb ./drivers/fsl_spc.o
 .debug_abbrev  0x00001f3f      0x1c1 ./device/system_MCXN236.o
 .debug_abbrev  0x00002100      0x238 ./component/uart/fsl_adapter_lpuart.o
 .debug_abbrev  0x00002338      0x2ad ./component/serial_manager/fsl_component_serial_manager.o
 .debug_abbrev  0x000025e5      0x18c ./component/serial_manager/fsl_component_serial_port_uart.o
 .debug_abbrev  0x00002771      0x1dd ./board/board.o
 .debug_abbrev  0x0000294e      0x252 ./board/clock_config.o
 .debug_abbrev  0x00002ba0      0x25a ./board/pin_mux.o
 .debug_abbrev  0x00002dfa       0x70 C:/nxp/MCUXpressoIDE_25.6.136/ide/plugins/com.nxp.mcuxpresso.tools.win32_25.6.0.202501151204/tools/bin/../lib/gcc/arm-none-eabi/14.2.1/../../../../arm-none-eabi/lib/thumb/v8-m.main+fp/hard\libcr_nohost_nf.a(_cr__main.o)
 .debug_abbrev  0x00002e6a       0xb6 C:/nxp/MCUXpressoIDE_25.6.136/ide/plugins/com.nxp.mcuxpresso.tools.win32_25.6.0.202501151204/tools/bin/../lib/gcc/arm-none-eabi/14.2.1/../../../../arm-none-eabi/lib/thumb/v8-m.main+fp/hard\libcr_c.a(memcpy.o)
 .debug_abbrev  0x00002f20       0xa8 C:/nxp/MCUXpressoIDE_25.6.136/ide/plugins/com.nxp.mcuxpresso.tools.win32_25.6.0.202501151204/tools/bin/../lib/gcc/arm-none-eabi/14.2.1/../../../../arm-none-eabi/lib/thumb/v8-m.main+fp/hard\libcr_c.a(memset.o)
 .debug_abbrev  0x00002fc8      0x284 C:/nxp/MCUXpressoIDE_25.6.136/ide/plugins/com.nxp.mcuxpresso.tools.win32_25.6.0.202501151204/tools/bin/../lib/gcc/arm-none-eabi/14.2.1/../../../../arm-none-eabi/lib/thumb/v8-m.main+fp/hard\libcr_c.a(alloc.o)
 .debug_abbrev  0x0000324c       0x44 C:/nxp/MCUXpressoIDE_25.6.136/ide/plugins/com.nxp.mcuxpresso.tools.win32_25.6.0.202501151204/tools/bin/../lib/gcc/arm-none-eabi/14.2.1/../../../../arm-none-eabi/lib/thumb/v8-m.main+fp/hard\libcr_c.a(errno.o)
 .debug_abbrev  0x00003290      0x169 C:/nxp/MCUXpressoIDE_25.6.136/ide/plugins/com.nxp.mcuxpresso.tools.win32_25.6.0.202501151204/tools/bin/../lib/gcc/arm-none-eabi/14.2.1/../../../../arm-none-eabi/lib/thumb/v8-m.main+fp/hard\libcr_c.a(initio.o)
 .debug_abbrev  0x000033f9       0xe1 C:/nxp/MCUXpressoIDE_25.6.136/ide/plugins/com.nxp.mcuxpresso.tools.win32_25.6.0.202501151204/tools/bin/../lib/gcc/arm-none-eabi/14.2.1/../../../../arm-none-eabi/lib/thumb/v8-m.main+fp/hard\libcr_c.a(setvbuf.o)
 .debug_abbrev  0x000034da       0xa7 C:/nxp/MCUXpressoIDE_25.6.136/ide/plugins/com.nxp.mcuxpresso.tools.win32_25.6.0.202501151204/tools/bin/../lib/gcc/arm-none-eabi/14.2.1/../../../../arm-none-eabi/lib/thumb/v8-m.main+fp/hard\libcr_c.a(strlen.o)
 .debug_abbrev  0x00003581      0x18e C:/nxp/MCUXpressoIDE_25.6.136/ide/plugins/com.nxp.mcuxpresso.tools.win32_25.6.0.202501151204/tools/bin/../lib/gcc/arm-none-eabi/14.2.1/../../../../arm-none-eabi/lib/thumb/v8-m.main+fp/hard\libcr_c.a(_deferredlazyseek.o)
 .debug_abbrev  0x0000370f      0x119 C:/nxp/MCUXpressoIDE_25.6.136/ide/plugins/com.nxp.mcuxpresso.tools.win32_25.6.0.202501151204/tools/bin/../lib/gcc/arm-none-eabi/14.2.1/../../../../arm-none-eabi/lib/thumb/v8-m.main+fp/hard\libcr_c.a(_fdopen.o)
 .debug_abbrev  0x00003828       0xf1 C:/nxp/MCUXpressoIDE_25.6.136/ide/plugins/com.nxp.mcuxpresso.tools.win32_25.6.0.202501151204/tools/bin/../lib/gcc/arm-none-eabi/14.2.1/../../../../arm-none-eabi/lib/thumb/v8-m.main+fp/hard\libcr_c.a(_fflush.o)
 .debug_abbrev  0x00003919      0x126 C:/nxp/MCUXpressoIDE_25.6.136/ide/plugins/com.nxp.mcuxpresso.tools.win32_25.6.0.202501151204/tools/bin/../lib/gcc/arm-none-eabi/14.2.1/../../../../arm-none-eabi/lib/thumb/v8-m.main+fp/hard\libcr_c.a(_writebuf.o)
 .debug_abbrev  0x00003a3f      0x158 C:/nxp/MCUXpressoIDE_25.6.136/ide/plugins/com.nxp.mcuxpresso.tools.win32_25.6.0.202501151204/tools/bin/../lib/gcc/arm-none-eabi/14.2.1/../../../../arm-none-eabi/lib/thumb/v8-m.main+fp/hard\libcr_c.a(fclose.o)
 .debug_abbrev  0x00003b97      0x125 C:/nxp/MCUXpressoIDE_25.6.136/ide/plugins/com.nxp.mcuxpresso.tools.win32_25.6.0.202501151204/tools/bin/../lib/gcc/arm-none-eabi/14.2.1/../../../../arm-none-eabi/lib/thumb/v8-m.main+fp/hard\libcr_c.a(fflush.o)
 .debug_abbrev  0x00003cbc      0x11b C:/nxp/MCUXpressoIDE_25.6.136/ide/plugins/com.nxp.mcuxpresso.tools.win32_25.6.0.202501151204/tools/bin/../lib/gcc/arm-none-eabi/14.2.1/../../../../arm-none-eabi/lib/thumb/v8-m.main+fp/hard\libcr_c.a(fseek.o)
 .debug_abbrev  0x00003dd7       0xc2 C:/nxp/MCUXpressoIDE_25.6.136/ide/plugins/com.nxp.mcuxpresso.tools.win32_25.6.0.202501151204/tools/bin/../lib/gcc/arm-none-eabi/14.2.1/../../../../arm-none-eabi/lib/thumb/v8-m.main+fp/hard\libcr_c.a(ftell.o)
 .debug_abbrev  0x00003e99       0xfb C:/nxp/MCUXpressoIDE_25.6.136/ide/plugins/com.nxp.mcuxpresso.tools.win32_25.6.0.202501151204/tools/bin/../lib/gcc/arm-none-eabi/14.2.1/../../../../arm-none-eabi/lib/thumb/v8-m.main+fp/hard\libcr_c.a(remove.o)
 .debug_abbrev  0x00003f94      0x12c C:/nxp/MCUXpressoIDE_25.6.136/ide/plugins/com.nxp.mcuxpresso.tools.win32_25.6.0.202501151204/tools/bin/../lib/gcc/arm-none-eabi/14.2.1/../../../../arm-none-eabi/lib/thumb/v8-m.main+fp/hard\libcr_c.a(_do_fflush.o)
 .debug_abbrev  0x000040c0      0x370 C:/nxp/MCUXpressoIDE_25.6.136/ide/plugins/com.nxp.mcuxpresso.tools.win32_25.6.0.202501151204/tools/bin/../lib/gcc/arm-none-eabi/14.2.1/thumb/v8-m.main+fp/hard\libcr_eabihelpers.a(float.o)
 .debug_abbrev  0x00004430       0xb5 C:/nxp/MCUXpressoIDE_25.6.136/ide/plugins/com.nxp.mcuxpresso.tools.win32_25.6.0.202501151204/tools/bin/../lib/gcc/arm-none-eabi/14.2.1/../../../../arm-none-eabi/lib/thumb/v8-m.main+fp/hard\libcr_nohost_nf.a(__ciob.o)
 .debug_abbrev  0x000044e5       0x5c C:/nxp/MCUXpressoIDE_25.6.136/ide/plugins/com.nxp.mcuxpresso.tools.win32_25.6.0.202501151204/tools/bin/../lib/gcc/arm-none-eabi/14.2.1/../../../../arm-none-eabi/lib/thumb/v8-m.main+fp/hard\libcr_nohost_nf.a(__sys_close.o)
 .debug_abbrev  0x00004541       0x5c C:/nxp/MCUXpressoIDE_25.6.136/ide/plugins/com.nxp.mcuxpresso.tools.win32_25.6.0.202501151204/tools/bin/../lib/gcc/arm-none-eabi/14.2.1/../../../../arm-none-eabi/lib/thumb/v8-m.main+fp/hard\libcr_nohost_nf.a(__sys_flen.o)
 .debug_abbrev  0x0000459d       0x5c C:/nxp/MCUXpressoIDE_25.6.136/ide/plugins/com.nxp.mcuxpresso.tools.win32_25.6.0.202501151204/tools/bin/../lib/gcc/arm-none-eabi/14.2.1/../../../../arm-none-eabi/lib/thumb/v8-m.main+fp/hard\libcr_nohost_nf.a(__sys_istty.o)
 .debug_abbrev  0x000045f9       0x7d C:/nxp/MCUXpressoIDE_25.6.136/ide/plugins/com.nxp.mcuxpresso.tools.win32_25.6.0.202501151204/tools/bin/../lib/gcc/arm-none-eabi/14.2.1/../../../../arm-none-eabi/lib/thumb/v8-m.main+fp/hard\libcr_nohost_nf.a(__sys_remove.o)
 .debug_abbrev  0x00004676       0x6d C:/nxp/MCUXpressoIDE_25.6.136/ide/plugins/com.nxp.mcuxpresso.tools.win32_25.6.0.202501151204/tools/bin/../lib/gcc/arm-none-eabi/14.2.1/../../../../arm-none-eabi/lib/thumb/v8-m.main+fp/hard\libcr_nohost_nf.a(__sys_seek.o)
 .debug_abbrev  0x000046e3       0x76 C:/nxp/MCUXpressoIDE_25.6.136/ide/plugins/com.nxp.mcuxpresso.tools.win32_25.6.0.202501151204/tools/bin/../lib/gcc/arm-none-eabi/14.2.1/../../../../arm-none-eabi/lib/thumb/v8-m.main+fp/hard\libcr_nohost_nf.a(__sys_tmpnam.o)
 .debug_abbrev  0x00004759       0x76 C:/nxp/MCUXpressoIDE_25.6.136/ide/plugins/com.nxp.mcuxpresso.tools.win32_25.6.0.202501151204/tools/bin/../lib/gcc/arm-none-eabi/14.2.1/../../../../arm-none-eabi/lib/thumb/v8-m.main+fp/hard\libcr_nohost_nf.a(__sys_write.o)

.debug_aranges  0x00000000     0x1600
 .debug_aranges
                0x00000000       0xe8 ./utilities/str/fsl_str.o
 .debug_aranges
                0x000000e8       0xa8 ./utilities/debug_console/fsl_debug_console.o
 .debug_aranges
                0x00000190       0x28 ./utilities/fsl_assert.o
 .debug_aranges
                0x000001b8      0x560 ./startup/startup_mcxn236.o
 .debug_aranges
                0x00000718       0x38 ./source/main.o
 .debug_aranges
                0x00000750       0x48 ./source/scheduler.o
 .debug_aranges