Archive member included to satisfy reference by file (symbol)

C:/nxp/MCUXpressoIDE_25.6.136/ide/plugins/com.nxp.mcuxpresso.tools.win32_25.6.0.202501151204/tools/bin/../lib/gcc/arm-none-eabi/14.2.1/../../../../arm-none-eabi/lib/thumb/v8-m.main+fp/hard\libcr_nohost_nf.a(_cr__main.o)
                              ./startup/startup_mcxn236.o (__main)
C:/nxp/MCUXpressoIDE_25.6.136/ide/plugins/com.nxp.mcuxpresso.tools.win32_25.6.0.202501151204/tools/bin/../lib/gcc/arm-none-eabi/14.2.1/../../../../arm-none-eabi/lib/thumb/v8-m.main+fp/hard\libcr_c.a(memcpy.o)
                              ./utilities/str/fsl_str.o (memcpy)
C:/nxp/MCUXpressoIDE_25.6.136/ide/plugins/com.nxp.mcuxpresso.tools.win32_25.6.0.202501151204/tools/bin/../lib/gcc/arm-none-eabi/14.2.1/../../../../arm-none-eabi/lib/thumb/v8-m.main+fp/hard\libcr_c.a(memset.o)
                              ./utilities/debug_console/fsl_debug_console.o (memset)
C:/nxp/MCUXpressoIDE_25.6.136/ide/plugins/com.nxp.mcuxpresso.tools.win32_25.6.0.202501151204/tools/bin/../lib/gcc/arm-none-eabi/14.2.1/../../../../arm-none-eabi/lib/thumb/v8-m.main+fp/hard\libcr_c.a(alloc.o)
                              ./drivers/fsl_common.o (malloc)
C:/nxp/MCUXpressoIDE_25.6.136/ide/plugins/com.nxp.mcuxpresso.tools.win32_25.6.0.202501151204/tools/bin/../lib/gcc/arm-none-eabi/14.2.1/../../../../arm-none-eabi/lib/thumb/v8-m.main+fp/hard\libcr_c.a(errno.o)
                              ./utilities/str/fsl_str.o (errno)
C:/nxp/MCUXpressoIDE_25.6.136/ide/plugins/com.nxp.mcuxpresso.tools.win32_25.6.0.202501151204/tools/bin/../lib/gcc/arm-none-eabi/14.2.1/../../../../arm-none-eabi/lib/thumb/v8-m.main+fp/hard\libcr_c.a(initio.o)
                              C:/nxp/MCUXpressoIDE_25.6.136/ide/plugins/com.nxp.mcuxpresso.tools.win32_25.6.0.202501151204/tools/bin/../lib/gcc/arm-none-eabi/14.2.1/../../../../arm-none-eabi/lib/thumb/v8-m.main+fp/hard\libcr_nohost_nf.a(_cr__main.o) (_initio)
C:/nxp/MCUXpressoIDE_25.6.136/ide/plugins/com.nxp.mcuxpresso.tools.win32_25.6.0.202501151204/tools/bin/../lib/gcc/arm-none-eabi/14.2.1/../../../../arm-none-eabi/lib/thumb/v8-m.main+fp/hard\libcr_c.a(printf.o)
                              ./source/lcd.o (_vsnprintf)
C:/nxp/MCUXpressoIDE_25.6.136/ide/plugins/com.nxp.mcuxpresso.tools.win32_25.6.0.202501151204/tools/bin/../lib/gcc/arm-none-eabi/14.2.1/../../../../arm-none-eabi/lib/thumb/v8-m.main+fp/hard\libcr_c.a(scanf.o)
                              ./utilities/str/fsl_str.o (strtoul)
C:/nxp/MCUXpressoIDE_25.6.136/ide/plugins/com.nxp.mcuxpresso.tools.win32_25.6.0.202501151204/tools/bin/../lib/gcc/arm-none-eabi/14.2.1/../../../../arm-none-eabi/lib/thumb/v8-m.main+fp/hard\libcr_c.a(setvbuf.o)
                              C:/nxp/MCUXpressoIDE_25.6.136/ide/plugins/com.nxp.mcuxpresso.tools.win32_25.6.0.202501151204/tools/bin/../lib/gcc/arm-none-eabi/14.2.1/../../../../arm-none-eabi/lib/thumb/v8-m.main+fp/hard\libcr_c.a(initio.o) (setvbuf)
C:/nxp/MCUXpressoIDE_25.6.136/ide/plugins/com.nxp.mcuxpresso.tools.win32_25.6.0.202501151204/tools/bin/../lib/gcc/arm-none-eabi/14.2.1/../../../../arm-none-eabi/lib/thumb/v8-m.main+fp/hard\libcr_c.a(stdlib.o)
                              ./source/dashboard.o (abs)
C:/nxp/MCUXpressoIDE_25.6.136/ide/plugins/com.nxp.mcuxpresso.tools.win32_25.6.0.202501151204/tools/bin/../lib/gcc/arm-none-eabi/14.2.1/../../../../arm-none-eabi/lib/thumb/v8-m.main+fp/hard\libcr_c.a(strcmp.o)
                              ./source/scheduler.o (strcmp)
C:/nxp/MCUXpressoIDE_25.6.136/ide/plugins/com.nxp.mcuxpresso.tools.win32_25.6.0.202501151204/tools/bin/../lib/gcc/arm-none-eabi/14.2.1/../../../../arm-none-eabi/lib/thumb/v8-m.main+fp/hard\libcr_c.a(strcpy.o)
                              ./source/timer.o (strcpy)
C:/nxp/MCUXpressoIDE_25.6.136/ide/plugins/com.nxp.mcuxpresso.tools.win32_25.6.0.202501151204/tools/bin/../lib/gcc/arm-none-eabi/14.2.1/../../../../arm-none-eabi/lib/thumb/v8-m.main+fp/hard\libcr_c.a(strlen.o)
                              ./utilities/str/fsl_str.o (strlen)
C:/nxp/MCUXpressoIDE_25.6.136/ide/plugins/com.nxp.mcuxpresso.tools.win32_25.6.0.202501151204/tools/bin/../lib/gcc/arm-none-eabi/14.2.1/../../../../arm-none-eabi/lib/thumb/v8-m.main+fp/hard\libcr_c.a(strncpy.o)
                              ./source/scheduler.o (strncpy)
C:/nxp/MCUXpressoIDE_25.6.136/ide/plugins/com.nxp.mcuxpresso.tools.win32_25.6.0.202501151204/tools/bin/../lib/gcc/arm-none-eabi/14.2.1/../../../../arm-none-eabi/lib/thumb/v8-m.main+fp/hard\libcr_c.a(ungetc.o)
                              C:/nxp/MCUXpressoIDE_25.6.136/ide/plugins/com.nxp.mcuxpresso.tools.win32_25.6.0.202501151204/tools/bin/../lib/gcc/arm-none-eabi/14.2.1/../../../../arm-none-eabi/lib/thumb/v8-m.main+fp/hard\libcr_c.a(scanf.o) (ungetc)
C:/nxp/MCUXpressoIDE_25.6.136/ide/plugins/com.nxp.mcuxpresso.tools.win32_25.6.0.202501151204/tools/bin/../lib/gcc/arm-none-eabi/14.2.1/../../../../arm-none-eabi/lib/thumb/v8-m.main+fp/hard\libcr_c.a(__fillbuf.o)
[...]
Memory Configuration

Name             Origin             Length             Attributes
PROGRAM_FLASH0   0x00000000         0x00080000         xr
PROGRAM_FLASH1   0x00080000         0x00080000         xr
SRAM             0x20000000         0x00038000         xrw
SRAMX            0x04000000         0x00018000         xrw
*default*        0x00000000         0xffffffff

Linker script and memory map

LOAD ./utilities/str/fsl_str.o
LOAD ./utilities/debug_console/fsl_debug_console.o
LOAD ./utilities/fsl_assert.o
LOAD ./startup/startup_mcxn236.o
LOAD ./source/dashboard.o
LOAD ./source/dht.o
LOAD ./source/ir.o
LOAD ./source/lcd.o
LOAD ./source/lcd_dashboard.o
LOAD ./source/main.o
LOAD ./source/performance.o
LOAD ./source/rtc.o
LOAD ./source/scheduler.o
LOAD ./source/semihost_hardfault.o
LOAD ./source/sensor_data.o
LOAD ./source/servo.o
LOAD ./source/tasks.o
LOAD ./source/timer.o
LOAD ./source/ultrasonic.o
LOAD ./drivers/fsl_clock.o
LOAD ./drivers/fsl_common.o
LOAD ./drivers/fsl_common_arm.o
LOAD ./drivers/fsl_ctimer.o
LOAD ./drivers/fsl_gpio.o
LOAD ./drivers/fsl_irtc.o
LOAD ./drivers/fsl_lpflexcomm.o
LOAD ./drivers/fsl_lpi2c.o
LOAD ./drivers/fsl_lpspi.o
LOAD ./drivers/fsl_lptmr.o
LOAD ./drivers/fsl_lpuart.o
LOAD ./drivers/fsl_reset.o
LOAD ./drivers/fsl_spc.o
LOAD ./device/system_MCXN236.o
LOAD ./component/uart/fsl_adapter_lpuart.o
LOAD ./component/serial_manager/fsl_component_serial_manager.o
LOAD ./component/serial_manager/fsl_component_serial_port_uart.o
LOAD ./component/lists/fsl_component_generic_list.o
LOAD ./board/board.o
LOAD ./board/clock_config.o
LOAD ./board/peripherals.o
LOAD ./board/pin_mux.o
START GROUP
LOAD C:/nxp/MCUXpressoIDE_25.6.136/ide/plugins/com.nxp.mcuxpresso.tools.win32_25.6.0.202501151204/tools/bin/../lib/gcc/arm-none-eabi/14.2.1/../../../../arm-none-eabi/lib/thumb/v8-m.main+fp/hard\libcr_nohost_nf.a
LOAD C:/nxp/MCUXpressoIDE_25.6.136/ide/plugins/com.nxp.mcuxpresso.tools.win32_25.6.0.202501151204/tools/bin/../lib/gcc/arm-none-eabi/14.2.1/../../../../arm-none-eabi/lib/thumb/v8-m.main+fp/hard\libcr_c.a
LOAD C:/nxp/MCUXpressoIDE_25.6.136/ide/plugins/com.nxp.mcuxpresso.tools.win32_25.6.0.202501151204/tools/bin/../lib/gcc/arm-none-eabi/14.2.1/thumb/v8-m.main+fp/hard\libcr_eabihelpers.a
LOAD C:/nxp/MCUXpressoIDE_25.6.136/ide/plugins/com.nxp.mcuxpresso.tools.win32_25.6.0.202501151204/tools/bin/../lib/gcc/arm-none-eabi/14.2.1/thumb/v8-m.main+fp/hard\libgcc.a
END GROUP
                0x00000000                        __base_PROGRAM_FLASH0 = 0x0
                0x00000000                        __base_Flash = 0x0
                0x00080000                        __top_PROGRAM_FLASH0 = 0x80000
                0x00080000                        __top_Flash = 0x80000
                0x00080000                        __base_PROGRAM_FLASH1 = 0x80000
                0x00080000                        __base_Flash2 = 0x80000
                0x00100000                        __top_PROGRAM_FLASH1 = 0x100000
                0x00100000                        __top_Flash2 = 0x100000
                0x20000000                        __base_SRAM = 0x20000000
                0x20000000                        __base_RAM = 0x20000000
                0x20038000                        __top_SRAM = 0x20038000
                0x20038000                        __top_RAM = 0x20038000
                0x04000000                        __base_SRAMX = 0x4000000
                0x04000000                        __base_RAM2 = 0x4000000
                0x04018000                        __top_SRAMX = 0x4018000
                0x04018000                        __top_RAM2 = 0x4018000

.text_Flash2    0x00080000        0x0
 FILL mask 0xff
 *(SORT_BY_ALIGNMENT(.text_Flash2))
 *(SORT_BY_ALIGNMENT(.text_PROGRAM_FLASH1))
 *(SORT_BY_ALIGNMENT(.text.$Flash2))
 *(SORT_BY_ALIGNMENT(.text.$PROGRAM_FLASH1))
 *(SORT_BY_ALIGNMENT(.text_Flash2.*))
 *(SORT_BY_ALIGNMENT(.text_PROGRAM_FLASH1.*))
 *(SORT_BY_ALIGNMENT(.text.$Flash2.*))
 *(SORT_BY_ALIGNMENT(.text.$PROGRAM_FLASH1.*))
 *(SORT_BY_ALIGNMENT(.rodata.$Flash2))
 *(SORT_BY_ALIGNMENT(.rodata.$PROGRAM_FLASH1))
 *(SORT_BY_ALIGNMENT(.rodata.$Flash2.*))
 *(SORT_BY_ALIGNMENT(.rodata.$PROGRAM_FLASH1.*))

.text           0x00000000     0x90c4
 FILL mask 0xff
                0x00000000                        __vectors_start__ = ABSOLUTE (.)
 *(SORT_BY_ALIGNMENT(.isr_vector))
 .isr_vector    0x00000000      0x2ac ./startup/startup_mcxn236.o
                0x00000000                g_pfnVectors
                0x00000000                __Vectors
                0x000002ac                        . = ALIGN (0x4)
                0x000002ac                        __section_table_start = .
                0x000002ac                        __data_section_table = .
                0x000002ac        0x4 LONG 0x90c4 LOADADDR (.data)
                0x000002b0        0x4 LONG 0x20000000 ADDR (.data)
                0x000002b4        0x4 LONG 0x10 SIZEOF (.data)
                0x000002b8        0x4 LONG 0x90c4 LOADADDR (.data_RAM2)
                0x000002bc        0x4 LONG 0x4000000 ADDR (.data_RAM2)
                0x000002c0        0x4 LONG 0x0 SIZEOF (.data_RAM2)
                0x000002c4                        __data_section_table_end = .
                0x000002c4                        __bss_section_table = .
                0x000002c4        0x4 LONG 0x20000010 ADDR (.bss)
                0x000002c8        0x4 LONG 0x5e8 SIZEOF (.bss)
                0x000002cc        0x4 LONG 0x4000000 ADDR (.bss_RAM2)
                0x000002d0        0x4 LONG 0x0 SIZEOF (.bss_RAM2)
                0x000002d4                        __bss_section_table_end = .
                0x000002d4                        __section_table_end = .
 *(SORT_BY_ALIGNMENT(.after_vectors*))
 .after_vectors.reset
                0x000002d4       0x68 ./startup/startup_mcxn236.o
                0x000002d4                ResetISR
 .after_vectors.init_data
                0x0000033c       0x1e ./startup/startup_mcxn236.o
                0x0000033c                data_init
 .after_vectors.init_bss
                0x0000035a       0x12 ./startup/startup_mcxn236.o
                0x0000035a                bss_init
 .after_vectors
                0x0000036c       0x16 ./startup/startup_mcxn236.o
                0x0000036c                NMI_Handler
                0x00000370                MemManage_Handler
                0x00000372                BusFault_Handler
                0x00000374                UsageFault_Handler
                0x00000376                SecureFault_Handler
                0x00000378                SVC_Handler
                0x0000037a                DebugMon_Handler
                0x0000037c                PendSV_Handler
                0x00000380                PKC_ERR_DriverIRQHandler
                0x00000380                QDC1_HOME_DriverIRQHandler
                0x00000380                EDMA_0_CH5_DriverIRQHandler
                0x00000380                EDMA_0_CH14_DriverIRQHandler
                0x00000380                EDMA_1_CH0_DriverIRQHandler
                0x00000380                SCG_DriverIRQHandler
                0x00000380                Reserved117_DriverIRQHandler
                0x00000380                EDMA_0_CH15_DriverIRQHandler
                0x00000380                LPTMR0_DriverIRQHandler
                0x00000380                Reserved119_DriverIRQHandler
                0x00000380                EDMA_0_CH2_DriverIRQHandler
                0x00000380                FLEXPWM1_SUBMODULE1_DriverIRQHandler
                0x00000380                FLEXPWM0_SUBMODULE1_DriverIRQHandler
                0x00000380                Reserved101_DriverIRQHandler
                0x00000380                CMC0_DriverIRQHandler
                0x00000380                Reserved102_DriverIRQHandler
                0x00000380                FLEXPWM0_RELOAD_ERROR_DriverIRQHandler
                0x00000380                QDC0_HOME_DriverIRQHandler
                0x00000380                Reserved167_DriverIRQHandler
                0x00000380                Reserved122_DriverIRQHandler
                0x00000380                SEC_VIO_DriverIRQHandler
                0x00000380                ERM_MULTI_BIT_ERROR_DriverIRQHandler
                0x00000380                GPIO31_DriverIRQHandler
                0x00000380                EWM0_DriverIRQHandler
                0x00000380                PKC_DriverIRQHandler
                0x00000380                Reserved155_DriverIRQHandler
                0x00000380                EDMA_0_CH10_DriverIRQHandler
                0x00000380                USB1_HS_PHY_DriverIRQHandler
                0x00000380                Reserved103_DriverIRQHandler
                0x00000380                Reserved149_DriverIRQHandler
                0x00000380                QDC0_IDX_DriverIRQHandler
                0x00000380                ELS_DriverIRQHandler
                0x00000380                Reserved166_DriverIRQHandler
                0x00000380                EDMA_1_CH2_DriverIRQHandler
                0x00000380                QDC1_IDX_DriverIRQHandler
                0x00000380                FLEXPWM1_SUBMODULE3_DriverIRQHandler
                0x00000380                EDMA_1_CH7_DriverIRQHandler
                0x00000380                EDMA_1_CH6_DriverIRQHandler
                0x00000380                Reserved105_DriverIRQHandler
                0x00000380                I3C0_DriverIRQHandler
                0x00000380                WWDT1_DriverIRQHandler
                0x00000380                ITRC0_DriverIRQHandler
                0x00000380                EDMA_0_CH9_DriverIRQHandler
                0x00000380                Freqme_DriverIRQHandler
                0x00000380                Reserved80_DriverIRQHandler
                0x00000380                IntDefaultHandler
                0x00000380                ELS_ERR_DriverIRQHandler
                0x00000380                FLEXIO_DriverIRQHandler
                0x00000380                MRT0_DriverIRQHandler
                0x00000380                UTICK0_DriverIRQHandler
                0x00000380                FLEXPWM0_SUBMODULE2_DriverIRQHandler
                0x00000380                GPIO01_DriverIRQHandler
                0x00000380                EDMA_0_CH3_DriverIRQHandler
                0x00000380                WWDT0_DriverIRQHandler
                0x00000380                GPIO00_DriverIRQHandler
                0x00000380                EDMA_0_CH4_DriverIRQHandler
                0x00000380                GPIO11_DriverIRQHandler
                0x00000380                FLEXPWM0_FAULT_DriverIRQHandler
                0x00000380                Reserved158_DriverIRQHandler
                0x00000380                EDMA_1_CH1_DriverIRQHandler
                0x00000380                SAI1_DriverIRQHandler
                0x00000380                Reserved66_DriverIRQHandler
                0x00000380                Reserved165_DriverIRQHandler
                0x00000380                ERM_SINGLE_BIT_ERROR_DriverIRQHandler
                0x00000380                GPIO21_DriverIRQHandler
                0x00000380                FLEXPWM1_FAULT_DriverIRQHandler
                0x00000380                GPIO30_DriverIRQHandler
                0x00000380                QDC0_COMPARE_DriverIRQHandler
                0x00000380                PINT0_DriverIRQHandler
                0x00000380                ADC1_DriverIRQHandler
                0x00000380                Reserved156_DriverIRQHandler
                0x00000380                USB0_DCD_DriverIRQHandler
                0x00000380                EDMA_0_CH11_DriverIRQHandler
                0x00000380                Reserved92_DriverIRQHandler
                0x00000380                WUU_DriverIRQHandler
                0x00000380                EDMA_0_CH6_DriverIRQHandler
                0x00000380                FLEXPWM1_SUBMODULE0_DriverIRQHandler
                0x00000380                CDOG1_DriverIRQHandler
                0x00000380                Reserved74_DriverIRQHandler
                0x00000380                EDMA_1_CH4_DriverIRQHandler
                0x00000380                PUF_DriverIRQHandler
                0x00000380                SPC_DriverIRQHandler
                0x00000380                RTC_DriverIRQHandler
                0x00000380                VBAT0_DriverIRQHandler
                0x00000380                Reserved65_DriverIRQHandler
                0x00000380                EDMA_0_CH0_DriverIRQHandler
                0x00000380                EDMA_1_CH5_DriverIRQHandler
                0x00000380                PDM_EVENT_DriverIRQHandler
                0x00000380                Reserved157_DriverIRQHandler
                0x00000380                Reserved60_DriverIRQHandler
                0x00000380                FLEXPWM1_RELOAD_ERROR_DriverIRQHandler
                0x00000380                Reserved49_DriverIRQHandler
                0x00000380                FMU0_DriverIRQHandler
                0x00000380                QDC1_COMPARE_DriverIRQHandler
                0x00000380                EDMA_0_CH8_DriverIRQHandler
                0x00000380                Reserved118_DriverIRQHandler
                0x00000380                LPTMR1_DriverIRQHandler
                0x00000380                GPIO40_DriverIRQHandler
                0x00000380                EDMA_1_CH3_DriverIRQHandler
                0x00000380                Reserved77_DriverIRQHandler
                0x00000380                FLEXPWM1_SUBMODULE2_DriverIRQHandler
                0x00000380                GPIO20_DriverIRQHandler
                0x00000380                QDC1_WDG_SAB_DriverIRQHandler
                0x00000380                GDET_DriverIRQHandler
                0x00000380                PORT_EFT_DriverIRQHandler
                0x00000380                Reserved127_DriverIRQHandler
                0x00000380                Reserved85_DriverIRQHandler
                0x00000380                Reserved81_DriverIRQHandler
                0x00000380                Reserved123_DriverIRQHandler
                0x00000380                FLEXPWM0_SUBMODULE3_DriverIRQHandler
                0x00000380                ADC0_DriverIRQHandler
                0x00000380                OR_DriverIRQHandler
                0x00000380                EDMA_0_CH13_DriverIRQHandler
                0x00000380                Reserved124_DriverIRQHandler
                0x00000380                USB1_HS_DriverIRQHandler
                0x00000380                Reserved113_DriverIRQHandler
                0x00000380                EDMA_0_CH1_DriverIRQHandler
                0x00000380                GPIO51_DriverIRQHandler
                0x00000380                HSCMP0_DriverIRQHandler
                0x00000380                EDMA_0_CH12_DriverIRQHandler
                0x00000380                QDC0_WDG_SAB_DriverIRQHandler
                0x00000380                Reserved104_DriverIRQHandler
                0x00000380                CDOG0_DriverIRQHandler
                0x00000380                CAN0_DriverIRQHandler
                0x00000380                Reserved59_DriverIRQHandler
                0x00000380                SMARTDMA_DriverIRQHandler
                0x00000380                SAI0_DriverIRQHandler
                0x00000380                I3C1_DriverIRQHandler
                0x00000380                Reserved106_DriverIRQHandler
                0x00000380                Reserved120_DriverIRQHandler
                0x00000380                EDMA_0_CH7_DriverIRQHandler
                0x00000380                HSCMP1_DriverIRQHandler
                0x00000380                Reserved107_DriverIRQHandler
                0x00000380                Reserved70_DriverIRQHandler
                0x00000380                GPIO50_DriverIRQHandler
                0x00000380                Reserved86_DriverIRQHandler
                0x00000380                GPIO10_DriverIRQHandler
                0x00000380                CAN1_DriverIRQHandler
                0x00000380                FLEXPWM0_SUBMODULE0_DriverIRQHandler
                0x00000380                OS_EVENT_DriverIRQHandler
                0x00000380                Reserved108_DriverIRQHandler
                0x00000380                GPIO41_DriverIRQHandler
                0x00000380                SEC_HYPERVISOR_CALL_DriverIRQHandler
 *(SORT_BY_ALIGNMENT(.text*))
 *fill*         0x00000382        0x2 ff
 .text.DbgConsole_SendDataReliable
                0x00000384       0x54 ./utilities/debug_console/fsl_debug_console.o
                0x00000384                DbgConsole_SendDataReliable
 .text.DbgConsole_Init
                0x000003d8      0x138 ./utilities/debug_console/fsl_debug_console.o
                0x000003d8                DbgConsole_Init
 .text.DbgConsole_Vprintf
                0x00000510       0x68 ./utilities/debug_console/fsl_debug_console.o
                0x00000510                DbgConsole_Vprintf
 .text.__assertion_failed
                0x00000578       0x3c ./utilities/fsl_assert.o
                0x00000578                __assertion_failed
 .text.StateToString
                0x000005b4       0x5c ./source/dashboard.o
 .text.Dashboard_Print
                0x00000610      0x544 ./source/dashboard.o
                0x00000610                Dashboard_Print
 .text.DHT_SetInput
                0x00000b54       0x20 ./source/dht.o
 .text.DHT_SetOutput
                0x00000b74       0x20 ./source/dht.o
 .text.DHT_Write
                0x00000b94       0x30 ./source/dht.o
 .text.DHT_ReadPin
                0x00000bc4       0x24 ./source/dht.o
 .text.DHT_GetTemperature
                0x00000be8       0x1c ./source/dht.o
                0x00000be8                DHT_GetTemperature
 .text.DHT_GetHumidity
                0x00000c04       0x1c ./source/dht.o
                0x00000c04                DHT_GetHumidity
 .text.DHT_StartSignal
                0x00000c20       0x3c ./source/dht.o
 .text.DHT_WaitForResponse
                0x00000c5c       0x7c ./source/dht.o
 .text.DHT_ReadBit
                0x00000cd8       0x7c ./source/dht.o
 .text.DHT_Read
                0x00000d54      0x164 ./source/dht.o
                0x00000d54                DHT_Read
 .text.DHT_ReadReliable
                0x00000eb8       0x44 ./source/dht.o
                0x00000eb8                DHT_ReadReliable
 .text.IR_ObjectDetected
                0x00000efc       0x20 ./source/ir.o
                0x00000efc                IR_ObjectDetected
 .text.PCF8574_Write
                0x00000f1c       0x40 ./source/lcd.o
 .text.LCD_PulseEnable
                0x00000f5c       0x5c ./source/lcd.o
 .text.LCD_Init
                0x00000fb8       0xcc ./source/lcd.o
                0x00000fb8                LCD_Init
 .text.Dashboard_DrawDHT
                0x00001084       0xbc ./source/lcd_dashboard.o
 .text.Dashboard_DrawHeader
                0x00001140       0x34 ./source/lcd_dashboard.o
 .text.Dashboard_DrawSystem
                0x00001174       0x24 ./source/lcd_dashboard.o
 .text.Dashboard_DrawScheduler
                0x00001198       0x24 ./source/lcd_dashboard.o
 .text.Dashboard_DrawSensor
                0x000011bc       0x58 ./source/lcd_dashboard.o
 .text.Dashboard_DrawStatus
                0x00001214       0x1c ./source/lcd_dashboard.o
 .text.LCD_Dashboard_Update
                0x00001230       0x58 ./source/lcd_dashboard.o
                0x00001230                LCD_Dashboard_Update
 .text.LCD_Dashboard_NextPage
                0x00001288       0x30 ./source/lcd_dashboard.o
                0x00001288                LCD_Dashboard_NextPage
 .text.LCD_Dashboard_PreviousPage
                0x000012b8       0x34 ./source/lcd_dashboard.o
                0x000012b8                LCD_Dashboard_PreviousPage
 .text.__NVIC_SetPriority
                0x000012ec       0x54 ./source/main.o
 .text.SysTick_Config
                0x00001340       0x44 ./source/main.o
 .text.SysTick_Handler
                0x00001384       0x1c ./source/main.o
                0x00001384                SysTick_Handler
 .text.main     0x000013a0      0x2c4 ./source/main.o
                0x000013a0                main
 .text.Performance_Init
                0x00001664       0x34 ./source/performance.o
                0x00001664                Performance_Init
 .text.Performance_GetCycles
                0x00001698       0x18 ./source/performance.o
                0x00001698                Performance_GetCycles
 .text.RTC_DriverInit
                0x000016b0       0x70 ./source/rtc.o
                0x000016b0                RTC_DriverInit
 .text.RTC_Update
                0x00001720       0x18 ./source/rtc.o
                0x00001720                RTC_Update
 .text.RTC_GetTime
                0x00001738       0x28 ./source/rtc.o
                0x00001738                RTC_GetTime
 .text.Scheduler_Init
                0x00001760       0xfc ./source/scheduler.o
                0x00001760                Scheduler_Init
 .text.Scheduler_AddTask
                0x0000185c      0x134 ./source/scheduler.o
                0x0000185c                Scheduler_AddTask
 .text.Scheduler_GetTicks
                0x00001990       0x18 ./source/scheduler.o
                0x00001990                Scheduler_GetTicks
 .text.Scheduler_Run
                0x000019a8      0x17c ./source/scheduler.o
                0x000019a8                Scheduler_Run
 .text.Scheduler_GetTaskTable
                0x00001b24       0x14 ./source/scheduler.o
                0x00001b24                Scheduler_GetTaskTable
 .text.Scheduler_GetTaskCount
                0x00001b38       0x18 ./source/scheduler.o
                0x00001b38                Scheduler_GetTaskCount
 .text.Scheduler_GetCPULoad
                0x00001b50       0x18 ./source/scheduler.o
                0x00001b50                Scheduler_GetCPULoad
 .text.Scheduler_UpdateCPULoad
                0x00001b68       0x88 ./source/scheduler.o
                0x00001b68                Scheduler_UpdateCPULoad
 .text.Scheduler_GetStatistics
                0x00001bf0       0xc0 ./source/scheduler.o
                0x00001bf0                Scheduler_GetStatistics
 .text.LED_Task
                0x00001cb0       0x4c ./source/tasks.o
                0x00001cb0                LED_Task
 .text.Button_Task
                0x00001cfc       0x80 ./source/tasks.o
                0x00001cfc                Button_Task
 .text.Ultrasonic_Task
                0x00001d7c       0x28 ./source/tasks.o
                0x00001d7c                Ultrasonic_Task
 .text.DHT_Task
                0x00001da4       0x58 ./source/tasks.o
                0x00001da4                DHT_Task
 .text.Timer_Init
                0x00001dfc       0xe8 ./source/timer.o
                0x00001dfc                Timer_Init
 .text.Timer_Create
                0x00001ee4       0xf4 ./source/timer.o
                0x00001ee4                Timer_Create
 .text.Timer_Start
                0x00001fd8       0x9c ./source/timer.o
                0x00001fd8                Timer_Start
 .text.Timer_Update
                0x00002074      0x12c ./source/timer.o
                0x00002074                Timer_Update
 .text.Timer_Expired
                0x000021a0       0x5c ./source/timer.o
                0x000021a0                Timer_Expired
 .text.Timer_GetStatistics
                0x000021fc       0xa4 ./source/timer.o
                0x000021fc                Timer_GetStatistics
 .text.Timer_GetTable
                0x000022a0       0x14 ./source/timer.o
                0x000022a0                Timer_GetTable
 .text.Timer_GetCount
                0x000022b4       0x18 ./source/timer.o
                0x000022b4                Timer_GetCount
 .text.Ultrasonic_Init
                0x000022cc       0x18 ./source/ultrasonic.o
                0x000022cc                Ultrasonic_Init
 .text.Ultrasonic_Trigger
                0x000022e4       0x48 ./source/ultrasonic.o
                0x000022e4                Ultrasonic_Trigger
 .text.Ultrasonic_ReadEcho
                0x0000232c       0x20 ./source/ultrasonic.o
                0x0000232c                Ultrasonic_ReadEcho
 .text.Ultrasonic_GetDistanceCM
                0x0000234c       0xd8 ./source/ultrasonic.o
                0x0000234c                Ultrasonic_GetDistanceCM
 .text.CLOCK_IsPLL0Locked
                0x00002424       0x28 ./drivers/fsl_clock.o
 .text.CLOCK_SetupFROHFClocking
                0x0000244c       0x9c ./drivers/fsl_clock.o
                0x0000244c                CLOCK_SetupFROHFClocking
 .text.CLOCK_SetupOsc32KClocking
                0x000024e8       0xcc ./drivers/fsl_clock.o
                0x000024e8                CLOCK_SetupOsc32KClocking
 .text.CLOCK_SetupClk16KClocking
                0x000025b4       0x70 ./drivers/fsl_clock.o
                0x000025b4                CLOCK_SetupClk16KClocking
 .text.CLOCK_SetRoscMonitorMode
                0x00002624       0x38 ./drivers/fsl_clock.o
                0x00002624                CLOCK_SetRoscMonitorMode
 .text.CLOCK_SetPll0MonitorMode
                0x0000265c       0x38 ./drivers/fsl_clock.o
                0x0000265c                CLOCK_SetPll0MonitorMode
 .text.VBAT_SetOscConfig
                0x00002694       0xbc ./drivers/fsl_clock.o
                0x00002694                VBAT_SetOscConfig
 .text.CLOCK_AttachClk
                0x00002750       0xd0 ./drivers/fsl_clock.o
                0x00002750                CLOCK_AttachClk
 .text.CLOCK_SetClkDiv
                0x00002820       0x54 ./drivers/fsl_clock.o
                0x00002820                CLOCK_SetClkDiv
 .text.CLOCK_GetPLL0InClockRate
                0x00002874       0x5c ./drivers/fsl_clock.o
                0x00002874                CLOCK_GetPLL0InClockRate
 .text.CLOCK_SetPLL0Freq
                0x000028d0      0x10c ./drivers/fsl_clock.o
                0x000028d0                CLOCK_SetPLL0Freq
 .text.CLOCK_GetClk48MFreq
                0x000029dc       0x2c ./drivers/fsl_clock.o
 .text.CLOCK_GetExtClkFreq
                0x00002a08       0x2c ./drivers/fsl_clock.o
 .text.CLOCK_GetOsc32KFreq
                0x00002a34       0x4c ./drivers/fsl_clock.o
 .text.findPll0PreDiv
                0x00002a80       0x40 ./drivers/fsl_clock.o
 .text.findPll0PostDiv
                0x00002ac0       0x60 ./drivers/fsl_clock.o
 .text.findPll0MMult
                0x00002b20       0xac ./drivers/fsl_clock.o
 .text.SDK_DelayAtLeastUs
                0x00002bcc       0x8c ./drivers/fsl_common_arm.o
                0x00002bcc                SDK_DelayAtLeastUs
 .text.CTIMER_GenericIRQHandler
                0x00002c58       0xb4 ./drivers/fsl_ctimer.o
 .text.CLOCK_EnableClock
                0x00002d0c       0xa0 ./drivers/fsl_gpio.o
 .text.CLOCK_DisableClock
                0x00002dac       0xc4 ./drivers/fsl_gpio.o
 .text.GPIO_GetInstance
                0x00002e70       0x4c ./drivers/fsl_gpio.o
 .text.GPIO_PortClockEnable
                0x00002ebc       0x54 ./drivers/fsl_gpio.o
 .text.GPIO_PinInit
                0x00002f10       0x6c ./drivers/fsl_gpio.o
                0x00002f10                GPIO_PinInit
 .text.CLOCK_EnableClock
                0x00002f7c       0xa0 ./drivers/fsl_irtc.o
 .text.IRTC_CheckDatetimeFormat
                0x0000301c       0xec ./drivers/fsl_irtc.o
 .text.IRTC_GetInstance
                0x00003108       0x44 ./drivers/fsl_irtc.o
 .text.IRTC_Init
                0x0000314c       0xb0 ./drivers/fsl_irtc.o
                0x0000314c                IRTC_Init
 .text.IRTC_GetDefaultConfig
                0x000031fc       0x3c ./drivers/fsl_irtc.o
                0x000031fc                IRTC_GetDefaultConfig
 .text.IRTC_SetDatetime
                0x00003238       0xd4 ./drivers/fsl_irtc.o
                0x00003238                IRTC_SetDatetime
 .text.IRTC_GetDatetime
                0x0000330c       0xc4 ./drivers/fsl_irtc.o
                0x0000330c                IRTC_GetDatetime
 .text.CLOCK_EnableClock
                0x000033d0       0xa0 ./drivers/fsl_lpflexcomm.o
 .text.LP_FLEXCOMM_GetBaseAddress
                0x00003470       0x2c ./drivers/fsl_lpflexcomm.o
                0x00003470                LP_FLEXCOMM_GetBaseAddress
 .text.LP_FLEXCOMM_GetInterruptStatus
                0x0000349c       0x28 ./drivers/fsl_lpflexcomm.o
                0x0000349c                LP_FLEXCOMM_GetInterruptStatus
 .text.LP_FLEXCOMM_SetPeriph
                0x000034c4       0x94 ./drivers/fsl_lpflexcomm.o
 .text.LP_FLEXCOMM_Init
                0x00003558       0x58 ./drivers/fsl_lpflexcomm.o
                0x00003558                LP_FLEXCOMM_Init
 .text.LP_FLEXCOMM_CommonIRQHandler
                0x000035b0       0xb8 ./drivers/fsl_lpflexcomm.o
 .text.CLOCK_EnableClock
                0x00003668       0xa0 ./drivers/fsl_lpi2c.o
 .text.LPI2C_GetInstance
                0x00003708       0x4c ./drivers/fsl_lpi2c.o
                0x00003708                LPI2C_GetInstance
 .text.LPI2C_GetCyclesForWidth
                0x00003754       0x9c ./drivers/fsl_lpi2c.o
 .text.LPI2C_MasterInit
                0x000037f0      0x20c ./drivers/fsl_lpi2c.o
                0x000037f0                LPI2C_MasterInit
 .text.LPI2C_MasterSetBaudRate
                0x000039fc      0x2d0 ./drivers/fsl_lpi2c.o
                0x000039fc                LPI2C_MasterSetBaudRate
 .text.LPI2C_MasterReceive
                0x00003ccc       0xd8 ./drivers/fsl_lpi2c.o
                0x00003ccc                LPI2C_MasterReceive
 .text.LPI2C_MasterSend
                0x00003da4       0x58 ./drivers/fsl_lpi2c.o
                0x00003da4                LPI2C_MasterSend
 .text.LPI2C_MasterTransferBlocking
                0x00003dfc      0x1d8 ./drivers/fsl_lpi2c.o
                0x00003dfc                LPI2C_MasterTransferBlocking
 .text.LPUART_GetInstance
                0x00003fd4       0x4c ./drivers/fsl_lpuart.o
                0x00003fd4                LPUART_GetInstance
 .text.LPUART_Init
                0x00004020      0x448 ./drivers/fsl_lpuart.o
                0x00004020                LPUART_Init
 .text.LPUART_GetDefaultConfig
                0x00004468       0x8c ./drivers/fsl_lpuart.o
                0x00004468                LPUART_GetDefaultConfig
 .text.LPUART_WriteBlocking
                0x000044f4       0x68 ./drivers/fsl_lpuart.o
                0x000044f4                LPUART_WriteBlocking
 .text.RESET_ClearPeripheralReset
                0x0000455c       0x7c ./drivers/fsl_reset.o
                0x0000455c                RESET_ClearPeripheralReset
 .text.SPC_SetSRAMOperateVoltage
                0x000045d8       0x58 ./drivers/fsl_spc.o
                0x000045d8                SPC_SetSRAMOperateVoltage
 .text.SPC_SetActiveModeCoreLDORegulatorConfig
                0x00004630       0x84 ./drivers/fsl_spc.o
                0x00004630                SPC_SetActiveModeCoreLDORegulatorConfig
 .text.SPC_SetActiveModeDCDCRegulatorConfig
                0x000046b4       0x68 ./drivers/fsl_spc.o
                0x000046b4                SPC_SetActiveModeDCDCRegulatorConfig
 .text.SystemInit
                0x0000471c      0x124 ./device/system_MCXN236.o
                0x0000471c                SystemInit
 .text.HAL_UartInitCommon
                0x00004840       0xe4 ./component/uart/fsl_adapter_lpuart.o
 .text.HAL_UartInit
                0x00004924       0x84 ./component/uart/fsl_adapter_lpuart.o
                0x00004924                HAL_UartInit
 .text.HAL_UartSendBlocking
                0x000049a8       0x64 ./component/uart/fsl_adapter_lpuart.o
                0x000049a8                HAL_UartSendBlocking
 .text.BOARD_InitDebugConsole
                0x00004a0c       0x40 ./board/board.o
                0x00004a0c                BOARD_InitDebugConsole
 .text.CLOCK_EnableClock
                0x00004a4c       0xa0 ./board/clock_config.o
 .text.BOARD_BootClockPLL150M
                0x00004aec      0x14c ./board/clock_config.o
                0x00004aec                BOARD_BootClockPLL150M
 .text.LP_FLEXCOMM0_init
                0x00004c38       0x20 ./board/peripherals.o
 .text.CLOCK_EnableClock
                0x00004c58       0xa0 ./board/pin_mux.o
 .text.PORT_SetPinConfig
                0x00004cf8       0x38 ./board/pin_mux.o
 .text.BOARD_InitDEBUG_UARTPins
                0x00004d30       0xb4 ./board/pin_mux.o
                0x00004d30                BOARD_InitDEBUG_UARTPins
 .text.BOARD_InitULTRASONICPins
                0x00004de4       0x80 ./board/pin_mux.o
                0x00004de4                BOARD_InitULTRASONICPins
 .text.BOARD_InitIRPins
                0x00004e64       0x50 ./board/pin_mux.o
                0x00004e64                BOARD_InitIRPins
 .text.BOARD_InitDHTPins
                0x00004eb4       0x2c ./board/pin_mux.o
                0x00004eb4                BOARD_InitDHTPins
 .text.malloc   0x00004ee0       0xc8 C:/nxp/MCUXpressoIDE_25.6.136/ide/plugins/com.nxp.mcuxpresso.tools.win32_25.6.0.202501151204/tools/bin/../lib/gcc/arm-none-eabi/14.2.1/../../../../arm-none-eabi/lib/thumb/v8-m.main+fp/hard\libcr_c.a(alloc.o)
                0x00004ee0                malloc
 .text._Csys_alloc
                0x00004fa8       0x20 C:/nxp/MCUXpressoIDE_25.6.136/ide/plugins/com.nxp.mcuxpresso.tools.win32_25.6.0.202501151204/tools/bin/../lib/gcc/arm-none-eabi/14.2.1/../../../../arm-none-eabi/lib/thumb/v8-m.main+fp/hard\libcr_c.a(alloc.o)
                0x00004fa8                _Csys_alloc
 .text._initio  0x00004fc8       0x78 C:/nxp/MCUXpressoIDE_25.6.136/ide/plugins/com.nxp.mcuxpresso.tools.win32_25.6.0.202501151204/tools/bin/../lib/gcc/arm-none-eabi/14.2.1/../../../../arm-none-eabi/lib/thumb/v8-m.main+fp/hard\libcr_c.a(initio.o)
                0x00004fc8                _initio
 .text.__vfprintf
                0x00005040      0xb64 C:/nxp/MCUXpressoIDE_25.6.136/ide/plugins/com.nxp.mcuxpresso.tools.win32_25.6.0.202501151204/tools/bin/../lib/gcc/arm-none-eabi/14.2.1/../../../../arm-none-eabi/lib/thumb/v8-m.main+fp/hard\libcr_c.a(printf.o)
                0x00005040                __vfprintf
 .text._vsnprintf
                0x00005ba4       0x68 C:/nxp/MCUXpressoIDE_25.6.136/ide/plugins/com.nxp.mcuxpresso.tools.win32_25.6.0.202501151204/tools/bin/../lib/gcc/arm-none-eabi/14.2.1/../../../../arm-none-eabi/lib/thumb/v8-m.main+fp/hard\libcr_c.a(printf.o)
                0x00005ba4                _vsnprintf
 .text._sbrk    0x00005c0c       0x3c C:/nxp/MCUXpressoIDE_25.6.136/ide/plugins/com.nxp.mcuxpresso.tools.win32_25.6.0.202501151204/tools/bin/../lib/gcc/arm-none-eabi/14.2.1/../../../../arm-none-eabi/lib/thumb/v8-m.main+fp/hard\libcr_c.a(_cr_sbrk.o)
                0x00005c0c                _sbrk
 .text._Cwritebuf
                0x00005c48       0x70 C:/nxp/MCUXpressoIDE_25.6.136/ide/plugins/com.nxp.mcuxpresso.tools.win32_25.6.0.202501151204/tools/bin/../lib/gcc/arm-none-eabi/14.2.1/../../../../arm-none-eabi/lib/thumb/v8-m.main+fp/hard\libcr_c.a(_writebuf.o)
                0x00005c48                _Cwritebuf
 .text.fflush   0x00005cb8       0x3c C:/nxp/MCUXpressoIDE_25.6.136/ide/plugins/com.nxp.mcuxpresso.tools.win32_25.6.0.202501151204/tools/bin/../lib/gcc/arm-none-eabi/14.2.1/../../../../arm-none-eabi/lib/thumb/v8-m.main+fp/hard\libcr_c.a(fflush.o)
                0x00005cb8                fflush
 .text.fseek    0x00005cf4       0xf8 C:/nxp/MCUXpressoIDE_25.6.136/ide/plugins/com.nxp.mcuxpresso.tools.win32_25.6.0.202501151204/tools/bin/../lib/gcc/arm-none-eabi/14.2.1/../../../../arm-none-eabi/lib/thumb/v8-m.main+fp/hard\libcr_c.a(fseek.o)
                0x00005cf4                fseek
 .text.ftell    0x00005dec       0x44 C:/nxp/MCUXpressoIDE_25.6.136/ide/plugins/com.nxp.mcuxpresso.tools.win32_25.6.0.202501151204/tools/bin/../lib/gcc/arm-none-eabi/14.2.1/../../../../arm-none-eabi/lib/thumb/v8-m.main+fp/hard\libcr_c.a(ftell.o)
                0x00005dec                ftell
 .text.__check_heap_overflow
                0x00005e30       0x18 C:/nxp/MCUXpressoIDE_25.6.136/ide/plugins/com.nxp.mcuxpresso.tools.win32_25.6.0.202501151204/tools/bin/../lib/gcc/arm-none-eabi/14.2.1/../../../../arm-none-eabi/lib/thumb/v8-m.main+fp/hard\libcr_c.a(_cr_check_heap.o)
                0x00005e30                __check_heap_overflow
 .text.__aeabi_f2d
                0x00005e48       0x38 C:/nxp/MCUXpressoIDE_25.6.136/ide/plugins/com.nxp.mcuxpresso.tools.win32_25.6.0.202501151204/tools/bin/../lib/gcc/arm-none-eabi/14.2.1/thumb/v8-m.main+fp/hard\libcr_eabihelpers.a(float.o)
                0x00005e48                __aeabi_f2d
 .text.PrintGetWidth
                0x00005e80       0x6a ./utilities/str/fsl_str.o
 .text.PrintGetPrecision
                0x00005eea       0x8c ./utilities/str/fsl_str.o
 .text.PrintIsobpu
                0x00005f76       0x38 ./utilities/str/fsl_str.o
 .text.PrintIsdi
                0x00005fae       0x2c ./utilities/str/fsl_str.o
 .text.PrintOutputdifFobpu
                0x00005fda       0x44 ./utilities/str/fsl_str.o
 .text.PrintOutputxX
                0x0000601e       0x44 ./utilities/str/fsl_str.o
 .text.PrintIsfF
                0x00006062       0x2c ./utilities/str/fsl_str.o
 .text.PrintIsxX
                0x0000608e       0x2c ./utilities/str/fsl_str.o
 .text.PrintFilterLengthFlag
                0x000060ba       0x3e ./utilities/str/fsl_str.o
 .text.PrintGetRadixFromobpu
                0x000060f8       0x40 ./utilities/str/fsl_str.o
 .text.ConvertRadixNumToString
                0x00006138       0xc2 ./utilities/str/fsl_str.o
 .text.StrFormatExaminedi
                0x000061fa       0x26 ./utilities/str/fsl_str.o
 .text.StrFormatExaminexX
                0x00006220       0x26 ./utilities/str/fsl_str.o
 .text.StrFormatExamineobpu
                0x00006246       0x26 ./utilities/str/fsl_str.o
 .text.ConvertPrecisionWidthToLength
                0x0000626c       0x20 ./utilities/str/fsl_str.o
 .text.StrFormatPrintf
                0x0000628c      0x2bc ./utilities/str/fsl_str.o
                0x0000628c                StrFormatPrintf
 .text.DbgConsole_PrintCallback
                0x00006548       0x66 ./utilities/debug_console/fsl_debug_console.o
 .text.DbgConsole_Printf
                0x000065ae       0x2c ./utilities/debug_console/fsl_debug_console.o
                0x000065ae                DbgConsole_Printf
 .text.fsl_assert_hook
                0x000065da       0x1a ./utilities/fsl_assert.o
                0x000065da                fsl_assert_hook
 .text.OR_IRQHandler
                0x000065f4        0x8 ./startup/startup_mcxn236.o
                0x000065f4                OR_IRQHandler
 .text.EDMA_0_CH0_IRQHandler
                0x000065fc        0x8 ./startup/startup_mcxn236.o
                0x000065fc                EDMA_0_CH0_IRQHandler
 .text.EDMA_0_CH1_IRQHandler
                0x00006604        0x8 ./startup/startup_mcxn236.o
                0x00006604                EDMA_0_CH1_IRQHandler
 .text.EDMA_0_CH2_IRQHandler
                0x0000660c        0x8 ./startup/startup_mcxn236.o
                0x0000660c                EDMA_0_CH2_IRQHandler
 .text.EDMA_0_CH3_IRQHandler
                0x00006614        0x8 ./startup/startup_mcxn236.o
                0x00006614                EDMA_0_CH3_IRQHandler
 .text.EDMA_0_CH4_IRQHandler
                0x0000661c        0x8 ./startup/startup_mcxn236.o
                0x0000661c                EDMA_0_CH4_IRQHandler
 .text.EDMA_0_CH5_IRQHandler
                0x00006624        0x8 ./startup/startup_mcxn236.o
                0x00006624                EDMA_0_CH5_IRQHandler
 .text.EDMA_0_CH6_IRQHandler
                0x0000662c        0x8 ./startup/startup_mcxn236.o
                0x0000662c                EDMA_0_CH6_IRQHandler
 .text.EDMA_0_CH7_IRQHandler
                0x00006634        0x8 ./startup/startup_mcxn236.o
                0x00006634                EDMA_0_CH7_IRQHandler
 .text.EDMA_0_CH8_IRQHandler
                0x0000663c        0x8 ./startup/startup_mcxn236.o
                0x0000663c                EDMA_0_CH8_IRQHandler
 .text.EDMA_0_CH9_IRQHandler
                0x00006644        0x8 ./startup/startup_mcxn236.o
                0x00006644                EDMA_0_CH9_IRQHandler
 .text.EDMA_0_CH10_IRQHandler
                0x0000664c        0x8 ./startup/startup_mcxn236.o
                0x0000664c                EDMA_0_CH10_IRQHandler
 .text.EDMA_0_CH11_IRQHandler
                0x00006654        0x8 ./startup/startup_mcxn236.o
                0x00006654                EDMA_0_CH11_IRQHandler
 .text.EDMA_0_CH12_IRQHandler
                0x0000665c        0x8 ./startup/startup_mcxn236.o
                0x0000665c                EDMA_0_CH12_IRQHandler
 .text.EDMA_0_CH13_IRQHandler
                0x00006664        0x8 ./startup/startup_mcxn236.o
                0x00006664                EDMA_0_CH13_IRQHandler
 .text.EDMA_0_CH14_IRQHandler
                0x0000666c        0x8 ./startup/startup_mcxn236.o
                0x0000666c                EDMA_0_CH14_IRQHandler
 .text.EDMA_0_CH15_IRQHandler
                0x00006674        0x8 ./startup/startup_mcxn236.o
                0x00006674                EDMA_0_CH15_IRQHandler
 .text.GPIO00_IRQHandler
                0x0000667c        0x8 ./startup/startup_mcxn236.o
                0x0000667c                GPIO00_IRQHandler
 .text.GPIO01_IRQHandler
                0x00006684        0x8 ./startup/startup_mcxn236.o
                0x00006684                GPIO01_IRQHandler
 .text.GPIO10_IRQHandler
                0x0000668c        0x8 ./startup/startup_mcxn236.o
                0x0000668c                GPIO10_IRQHandler
 .text.GPIO11_IRQHandler
                0x00006694        0x8 ./startup/startup_mcxn236.o
                0x00006694                GPIO11_IRQHandler
 .text.GPIO20_IRQHandler
                0x0000669c        0x8 ./startup/startup_mcxn236.o
                0x0000669c                GPIO20_IRQHandler
 .text.GPIO21_IRQHandler
                0x000066a4        0x8 ./startup/startup_mcxn236.o
                0x000066a4                GPIO21_IRQHandler
 .text.GPIO30_IRQHandler
                0x000066ac        0x8 ./startup/startup_mcxn236.o
                0x000066ac                GPIO30_IRQHandler
 .text.GPIO31_IRQHandler
                0x000066b4        0x8 ./startup/startup_mcxn236.o
                0x000066b4                GPIO31_IRQHandler
 .text.GPIO40_IRQHandler
                0x000066bc        0x8 ./startup/startup_mcxn236.o
                0x000066bc                GPIO40_IRQHandler
 .text.GPIO41_IRQHandler
                0x000066c4        0x8 ./startup/startup_mcxn236.o
                0x000066c4                GPIO41_IRQHandler
 .text.GPIO50_IRQHandler
                0x000066cc        0x8 ./startup/startup_mcxn236.o
                0x000066cc                GPIO50_IRQHandler
 .text.GPIO51_IRQHandler
                0x000066d4        0x8 ./startup/startup_mcxn236.o
                0x000066d4                GPIO51_IRQHandler
 .text.UTICK0_IRQHandler
                0x000066dc        0x8 ./startup/startup_mcxn236.o
                0x000066dc                UTICK0_IRQHandler
 .text.MRT0_IRQHandler
                0x000066e4        0x8 ./startup/startup_mcxn236.o
                0x000066e4                MRT0_IRQHandler
 .text.CTIMER0_IRQHandler
                0x000066ec        0x8 ./startup/startup_mcxn236.o
                0x000066ec                CTIMER0_IRQHandler
 .text.CTIMER1_IRQHandler
                0x000066f4        0x8 ./startup/startup_mcxn236.o
                0x000066f4                CTIMER1_IRQHandler
 .text.Reserved49_IRQHandler
                0x000066fc        0x8 ./startup/startup_mcxn236.o
                0x000066fc                Reserved49_IRQHandler
 .text.CTIMER2_IRQHandler
                0x00006704        0x8 ./startup/startup_mcxn236.o
                0x00006704                CTIMER2_IRQHandler
 .text.LP_FLEXCOMM0_IRQHandler
                0x0000670c        0x8 ./startup/startup_mcxn236.o
                0x0000670c                LP_FLEXCOMM0_IRQHandler
 .text.LP_FLEXCOMM1_IRQHandler
                0x00006714        0x8 ./startup/startup_mcxn236.o
                0x00006714                LP_FLEXCOMM1_IRQHandler
 .text.LP_FLEXCOMM2_IRQHandler
                0x0000671c        0x8 ./startup/startup_mcxn236.o
                0x0000671c                LP_FLEXCOMM2_IRQHandler
 .text.LP_FLEXCOMM3_IRQHandler
                0x00006724        0x8 ./startup/startup_mcxn236.o
                0x00006724                LP_FLEXCOMM3_IRQHandler
 .text.LP_FLEXCOMM4_IRQHandler
                0x0000672c        0x8 ./startup/startup_mcxn236.o
                0x0000672c                LP_FLEXCOMM4_IRQHandler
 .text.LP_FLEXCOMM5_IRQHandler
                0x00006734        0x8 ./startup/startup_mcxn236.o
                0x00006734                LP_FLEXCOMM5_IRQHandler
 .text.LP_FLEXCOMM6_IRQHandler
                0x0000673c        0x8 ./startup/startup_mcxn236.o
                0x0000673c                LP_FLEXCOMM6_IRQHandler
 .text.LP_FLEXCOMM7_IRQHandler
                0x00006744        0x8 ./startup/startup_mcxn236.o
                0x00006744                LP_FLEXCOMM7_IRQHandler
 .text.Reserved59_IRQHandler
                0x0000674c        0x8 ./startup/startup_mcxn236.o
                0x0000674c                Reserved59_IRQHandler
 .text.Reserved60_IRQHandler
                0x00006754        0x8 ./startup/startup_mcxn236.o
                0x00006754                Reserved60_IRQHandler
 .text.ADC0_IRQHandler
                0x0000675c        0x8 ./startup/startup_mcxn236.o
                0x0000675c                ADC0_IRQHandler
 .text.ADC1_IRQHandler
                0x00006764        0x8 ./startup/startup_mcxn236.o
                0x00006764                ADC1_IRQHandler
 .text.PINT0_IRQHandler
                0x0000676c        0x8 ./startup/startup_mcxn236.o
                0x0000676c                PINT0_IRQHandler
 .text.PDM_EVENT_IRQHandler
                0x00006774        0x8 ./startup/startup_mcxn236.o
                0x00006774                PDM_EVENT_IRQHandler
 .text.Reserved65_IRQHandler
                0x0000677c        0x8 ./startup/startup_mcxn236.o
                0x0000677c                Reserved65_IRQHandler
 .text.Reserved66_IRQHandler
                0x00006784        0x8 ./startup/startup_mcxn236.o
                0x00006784                Reserved66_IRQHandler
 .text.USB0_DCD_IRQHandler
                0x0000678c        0x8 ./startup/startup_mcxn236.o
                0x0000678c                USB0_DCD_IRQHandler
 .text.RTC_IRQHandler
                0x00006794        0x8 ./startup/startup_mcxn236.o
                0x00006794                RTC_IRQHandler
 .text.SMARTDMA_IRQHandler
                0x0000679c        0x8 ./startup/startup_mcxn236.o
                0x0000679c                SMARTDMA_IRQHandler
 .text.Reserved70_IRQHandler
                0x000067a4        0x8 ./startup/startup_mcxn236.o
                0x000067a4                Reserved70_IRQHandler
 .text.CTIMER3_IRQHandler
                0x000067ac        0x8 ./startup/startup_mcxn236.o
                0x000067ac                CTIMER3_IRQHandler
 .text.CTIMER4_IRQHandler
                0x000067b4        0x8 ./startup/startup_mcxn236.o
                0x000067b4                CTIMER4_IRQHandler
 .text.OS_EVENT_IRQHandler
                0x000067bc        0x8 ./startup/startup_mcxn236.o
                0x000067bc                OS_EVENT_IRQHandler
 .text.Reserved74_IRQHandler
                0x000067c4        0x8 ./startup/startup_mcxn236.o
                0x000067c4                Reserved74_IRQHandler
 .text.SAI0_IRQHandler
                0x000067cc        0x8 ./startup/startup_mcxn236.o
                0x000067cc                SAI0_IRQHandler
 .text.SAI1_IRQHandler
                0x000067d4        0x8 ./startup/startup_mcxn236.o
                0x000067d4                SAI1_IRQHandler
 .text.Reserved77_IRQHandler
                0x000067dc        0x8 ./startup/startup_mcxn236.o
                0x000067dc                Reserved77_IRQHandler
 .text.CAN0_IRQHandler
                0x000067e4        0x8 ./startup/startup_mcxn236.o
                0x000067e4                CAN0_IRQHandler
 .text.CAN1_IRQHandler
                0x000067ec        0x8 ./startup/startup_mcxn236.o
                0x000067ec                CAN1_IRQHandler
 .text.Reserved80_IRQHandler
                0x000067f4        0x8 ./startup/startup_mcxn236.o
                0x000067f4                Reserved80_IRQHandler
 .text.Reserved81_IRQHandler
                0x000067fc        0x8 ./startup/startup_mcxn236.o
                0x000067fc                Reserved81_IRQHandler
 .text.USB1_HS_PHY_IRQHandler
                0x00006804        0x8 ./startup/startup_mcxn236.o
                0x00006804                USB1_HS_PHY_IRQHandler
 .text.USB1_HS_IRQHandler
                0x0000680c        0x8 ./startup/startup_mcxn236.o
                0x0000680c                USB1_HS_IRQHandler
 .text.SEC_HYPERVISOR_CALL_IRQHandler
                0x00006814        0x8 ./startup/startup_mcxn236.o
                0x00006814                SEC_HYPERVISOR_CALL_IRQHandler
 .text.Reserved85_IRQHandler
                0x0000681c        0x8 ./startup/startup_mcxn236.o
                0x0000681c                Reserved85_IRQHandler
 .text.Reserved86_IRQHandler
                0x00006824        0x8 ./startup/startup_mcxn236.o
                0x00006824                Reserved86_IRQHandler
 .text.Freqme_IRQHandler
                0x0000682c        0x8 ./startup/startup_mcxn236.o
                0x0000682c                Freqme_IRQHandler
 .text.SEC_VIO_IRQHandler
                0x00006834        0x8 ./startup/startup_mcxn236.o
                0x00006834                SEC_VIO_IRQHandler
 .text.ELS_IRQHandler
                0x0000683c        0x8 ./startup/startup_mcxn236.o
                0x0000683c                ELS_IRQHandler
 .text.PKC_IRQHandler
                0x00006844        0x8 ./startup/startup_mcxn236.o
                0x00006844                PKC_IRQHandler
 .text.PUF_IRQHandler
                0x0000684c        0x8 ./startup/startup_mcxn236.o
                0x0000684c                PUF_IRQHandler
 .text.Reserved92_IRQHandler
                0x00006854        0x8 ./startup/startup_mcxn236.o
                0x00006854                Reserved92_IRQHandler
 .text.EDMA_1_CH0_IRQHandler
                0x0000685c        0x8 ./startup/startup_mcxn236.o
                0x0000685c                EDMA_1_CH0_IRQHandler
 .text.EDMA_1_CH1_IRQHandler
                0x00006864        0x8 ./startup/startup_mcxn236.o
                0x00006864                EDMA_1_CH1_IRQHandler
 .text.EDMA_1_CH2_IRQHandler
                0x0000686c        0x8 ./startup/startup_mcxn236.o
                0x0000686c                EDMA_1_CH2_IRQHandler
 .text.EDMA_1_CH3_IRQHandler
                0x00006874        0x8 ./startup/startup_mcxn236.o
                0x00006874                EDMA_1_CH3_IRQHandler
 .text.EDMA_1_CH4_IRQHandler
                0x0000687c        0x8 ./startup/startup_mcxn236.o
                0x0000687c                EDMA_1_CH4_IRQHandler
 .text.EDMA_1_CH5_IRQHandler
                0x00006884        0x8 ./startup/startup_mcxn236.o
                0x00006884                EDMA_1_CH5_IRQHandler
 .text.EDMA_1_CH6_IRQHandler
                0x0000688c        0x8 ./startup/startup_mcxn236.o
                0x0000688c                EDMA_1_CH6_IRQHandler
 .text.EDMA_1_CH7_IRQHandler
                0x00006894        0x8 ./startup/startup_mcxn236.o
                0x00006894                EDMA_1_CH7_IRQHandler
 .text.Reserved101_IRQHandler
                0x0000689c        0x8 ./startup/startup_mcxn236.o
                0x0000689c                Reserved101_IRQHandler
 .text.Reserved102_IRQHandler
                0x000068a4        0x8 ./startup/startup_mcxn236.o
                0x000068a4                Reserved102_IRQHandler
 .text.Reserved103_IRQHandler
                0x000068ac        0x8 ./startup/startup_mcxn236.o
                0x000068ac                Reserved103_IRQHandler
 .text.Reserved104_IRQHandler
                0x000068b4        0x8 ./startup/startup_mcxn236.o
                0x000068b4                Reserved104_IRQHandler
 .text.Reserved105_IRQHandler
                0x000068bc        0x8 ./startup/startup_mcxn236.o
                0x000068bc                Reserved105_IRQHandler
 .text.Reserved106_IRQHandler
                0x000068c4        0x8 ./startup/startup_mcxn236.o
                0x000068c4                Reserved106_IRQHandler
 .text.Reserved107_IRQHandler
                0x000068cc        0x8 ./startup/startup_mcxn236.o
                0x000068cc                Reserved107_IRQHandler
 .text.Reserved108_IRQHandler
                0x000068d4        0x8 ./startup/startup_mcxn236.o
                0x000068d4                Reserved108_IRQHandler
 .text.CDOG0_IRQHandler
                0x000068dc        0x8 ./startup/startup_mcxn236.o
                0x000068dc                CDOG0_IRQHandler
 .text.CDOG1_IRQHandler
                0x000068e4        0x8 ./startup/startup_mcxn236.o
                0x000068e4                CDOG1_IRQHandler
 .text.I3C0_IRQHandler
                0x000068ec        0x8 ./startup/startup_mcxn236.o
                0x000068ec                I3C0_IRQHandler
 .text.I3C1_IRQHandler
                0x000068f4        0x8 ./startup/startup_mcxn236.o
                0x000068f4                I3C1_IRQHandler
 .text.Reserved113_IRQHandler
                0x000068fc        0x8 ./startup/startup_mcxn236.o
                0x000068fc                Reserved113_IRQHandler
 .text.GDET_IRQHandler
                0x00006904        0x8 ./startup/startup_mcxn236.o
                0x00006904                GDET_IRQHandler
 .text.VBAT0_IRQHandler
                0x0000690c        0x8 ./startup/startup_mcxn236.o
                0x0000690c                VBAT0_IRQHandler
 .text.EWM0_IRQHandler
                0x00006914        0x8 ./startup/startup_mcxn236.o
                0x00006914                EWM0_IRQHandler
 .text.Reserved117_IRQHandler
                0x0000691c        0x8 ./startup/startup_mcxn236.o
                0x0000691c                Reserved117_IRQHandler
 .text.Reserved118_IRQHandler
                0x00006924        0x8 ./startup/startup_mcxn236.o
                0x00006924                Reserved118_IRQHandler
 .text.Reserved119_IRQHandler
                0x0000692c        0x8 ./startup/startup_mcxn236.o
                0x0000692c                Reserved119_IRQHandler
 .text.Reserved120_IRQHandler
                0x00006934        0x8 ./startup/startup_mcxn236.o
                0x00006934                Reserved120_IRQHandler
 .text.FLEXIO_IRQHandler
                0x0000693c        0x8 ./startup/startup_mcxn236.o
                0x0000693c                FLEXIO_IRQHandler
 .text.Reserved122_IRQHandler
                0x00006944        0x8 ./startup/startup_mcxn236.o
                0x00006944                Reserved122_IRQHandler
 .text.Reserved123_IRQHandler
                0x0000694c        0x8 ./startup/startup_mcxn236.o
                0x0000694c                Reserved123_IRQHandler
 .text.Reserved124_IRQHandler
                0x00006954        0x8 ./startup/startup_mcxn236.o
                0x00006954                Reserved124_IRQHandler
 .text.HSCMP0_IRQHandler
                0x0000695c        0x8 ./startup/startup_mcxn236.o
                0x0000695c                HSCMP0_IRQHandler
 .text.HSCMP1_IRQHandler
                0x00006964        0x8 ./startup/startup_mcxn236.o
                0x00006964                HSCMP1_IRQHandler
 .text.Reserved127_IRQHandler
                0x0000696c        0x8 ./startup/startup_mcxn236.o
                0x0000696c                Reserved127_IRQHandler
 .text.FLEXPWM0_RELOAD_ERROR_IRQHandler
                0x00006974        0x8 ./startup/startup_mcxn236.o
                0x00006974                FLEXPWM0_RELOAD_ERROR_IRQHandler
 .text.FLEXPWM0_FAULT_IRQHandler
                0x0000697c        0x8 ./startup/startup_mcxn236.o
                0x0000697c                FLEXPWM0_FAULT_IRQHandler
 .text.FLEXPWM0_SUBMODULE0_IRQHandler
                0x00006984        0x8 ./startup/startup_mcxn236.o
                0x00006984                FLEXPWM0_SUBMODULE0_IRQHandler
 .text.FLEXPWM0_SUBMODULE1_IRQHandler
                0x0000698c        0x8 ./startup/startup_mcxn236.o
                0x0000698c                FLEXPWM0_SUBMODULE1_IRQHandler
 .text.FLEXPWM0_SUBMODULE2_IRQHandler
                0x00006994        0x8 ./startup/startup_mcxn236.o
                0x00006994                FLEXPWM0_SUBMODULE2_IRQHandler
 .text.FLEXPWM0_SUBMODULE3_IRQHandler
                0x0000699c        0x8 ./startup/startup_mcxn236.o
                0x0000699c                FLEXPWM0_SUBMODULE3_IRQHandler
 .text.FLEXPWM1_RELOAD_ERROR_IRQHandler
                0x000069a4        0x8 ./startup/startup_mcxn236.o
                0x000069a4                FLEXPWM1_RELOAD_ERROR_IRQHandler
 .text.FLEXPWM1_FAULT_IRQHandler
                0x000069ac        0x8 ./startup/startup_mcxn236.o
                0x000069ac                FLEXPWM1_FAULT_IRQHandler
 .text.FLEXPWM1_SUBMODULE0_IRQHandler
                0x000069b4        0x8 ./startup/startup_mcxn236.o
                0x000069b4                FLEXPWM1_SUBMODULE0_IRQHandler
 .text.FLEXPWM1_SUBMODULE1_IRQHandler
                0x000069bc        0x8 ./startup/startup_mcxn236.o
                0x000069bc                FLEXPWM1_SUBMODULE1_IRQHandler
 .text.FLEXPWM1_SUBMODULE2_IRQHandler
                0x000069c4        0x8 ./startup/startup_mcxn236.o
                0x000069c4                FLEXPWM1_SUBMODULE2_IRQHandler
 .text.FLEXPWM1_SUBMODULE3_IRQHandler
                0x000069cc        0x8 ./startup/startup_mcxn236.o
                0x000069cc                FLEXPWM1_SUBMODULE3_IRQHandler
 .text.QDC0_COMPARE_IRQHandler
                0x000069d4        0x8 ./startup/startup_mcxn236.o
                0x000069d4                QDC0_COMPARE_IRQHandler
 .text.QDC0_HOME_IRQHandler
                0x000069dc        0x8 ./startup/startup_mcxn236.o
                0x000069dc                QDC0_HOME_IRQHandler
 .text.QDC0_WDG_SAB_IRQHandler
                0x000069e4        0x8 ./startup/startup_mcxn236.o
                0x000069e4                QDC0_WDG_SAB_IRQHandler
 .text.QDC0_IDX_IRQHandler
                0x000069ec        0x8 ./startup/startup_mcxn236.o
                0x000069ec                QDC0_IDX_IRQHandler
 .text.QDC1_COMPARE_IRQHandler
                0x000069f4        0x8 ./startup/startup_mcxn236.o
                0x000069f4                QDC1_COMPARE_IRQHandler
 .text.QDC1_HOME_IRQHandler
                0x000069fc        0x8 ./startup/startup_mcxn236.o
                0x000069fc                QDC1_HOME_IRQHandler
 .text.QDC1_WDG_SAB_IRQHandler
                0x00006a04        0x8 ./startup/startup_mcxn236.o
                0x00006a04                QDC1_WDG_SAB_IRQHandler
 .text.QDC1_IDX_IRQHandler
                0x00006a0c        0x8 ./startup/startup_mcxn236.o
                0x00006a0c                QDC1_IDX_IRQHandler
 .text.ITRC0_IRQHandler
                0x00006a14        0x8 ./startup/startup_mcxn236.o
                0x00006a14                ITRC0_IRQHandler
 .text.Reserved149_IRQHandler
                0x00006a1c        0x8 ./startup/startup_mcxn236.o
                0x00006a1c                Reserved149_IRQHandler
 .text.ELS_ERR_IRQHandler
                0x00006a24        0x8 ./startup/startup_mcxn236.o
                0x00006a24                ELS_ERR_IRQHandler
 .text.PKC_ERR_IRQHandler
                0x00006a2c        0x8 ./startup/startup_mcxn236.o
                0x00006a2c                PKC_ERR_IRQHandler
 .text.ERM_SINGLE_BIT_ERROR_IRQHandler
                0x00006a34        0x8 ./startup/startup_mcxn236.o
                0x00006a34                ERM_SINGLE_BIT_ERROR_IRQHandler
 .text.ERM_MULTI_BIT_ERROR_IRQHandler
                0x00006a3c        0x8 ./startup/startup_mcxn236.o
                0x00006a3c                ERM_MULTI_BIT_ERROR_IRQHandler
 .text.FMU0_IRQHandler
                0x00006a44        0x8 ./startup/startup_mcxn236.o
                0x00006a44                FMU0_IRQHandler
 .text.Reserved155_IRQHandler
                0x00006a4c        0x8 ./startup/startup_mcxn236.o
                0x00006a4c                Reserved155_IRQHandler
 .text.Reserved156_IRQHandler
                0x00006a54        0x8 ./startup/startup_mcxn236.o
                0x00006a54                Reserved156_IRQHandler
 .text.Reserved157_IRQHandler
                0x00006a5c        0x8 ./startup/startup_mcxn236.o
                0x00006a5c                Reserved157_IRQHandler
 .text.Reserved158_IRQHandler
                0x00006a64        0x8 ./startup/startup_mcxn236.o
                0x00006a64                Reserved158_IRQHandler
 .text.LPTMR0_IRQHandler
                0x00006a6c        0x8 ./startup/startup_mcxn236.o
                0x00006a6c                LPTMR0_IRQHandler
 .text.LPTMR1_IRQHandler
                0x00006a74        0x8 ./startup/startup_mcxn236.o
                0x00006a74                LPTMR1_IRQHandler
 .text.SCG_IRQHandler
                0x00006a7c        0x8 ./startup/startup_mcxn236.o
                0x00006a7c                SCG_IRQHandler
 .text.SPC_IRQHandler
                0x00006a84        0x8 ./startup/startup_mcxn236.o
                0x00006a84                SPC_IRQHandler
 .text.WUU_IRQHandler
                0x00006a8c        0x8 ./startup/startup_mcxn236.o
                0x00006a8c                WUU_IRQHandler
 .text.PORT_EFT_IRQHandler
                0x00006a94        0x8 ./startup/startup_mcxn236.o
                0x00006a94                PORT_EFT_IRQHandler
 .text.Reserved165_IRQHandler
                0x00006a9c        0x8 ./startup/startup_mcxn236.o
                0x00006a9c                Reserved165_IRQHandler
 .text.Reserved166_IRQHandler
                0x00006aa4        0x8 ./startup/startup_mcxn236.o
                0x00006aa4                Reserved166_IRQHandler
 .text.Reserved167_IRQHandler
                0x00006aac        0x8 ./startup/startup_mcxn236.o
                0x00006aac                Reserved167_IRQHandler
 .text.WWDT0_IRQHandler
                0x00006ab4        0x8 ./startup/startup_mcxn236.o
                0x00006ab4                WWDT0_IRQHandler
 .text.WWDT1_IRQHandler
                0x00006abc        0x8 ./startup/startup_mcxn236.o
                0x00006abc                WWDT1_IRQHandler
 .text.CMC0_IRQHandler
                0x00006ac4        0x8 ./startup/startup_mcxn236.o
                0x00006ac4                CMC0_IRQHandler
 .text.GPIO_PortSet
                0x00006acc       0x1c ./source/dht.o
 .text.GPIO_PortClear
                0x00006ae8       0x1c ./source/dht.o
 .text.DHT_Init
                0x00006b04        0xc ./source/dht.o
                0x00006b04                DHT_Init
 .text.DHT_ReadByte
                0x00006b10       0x3a ./source/dht.o
 .text.GPIO_PinRead
                0x00006b4a       0x24 ./source/ir.o
 .text.IR_Init  0x00006b6e        0xe ./source/ir.o
                0x00006b6e                IR_Init
 .text.LCD_WriteNibble
                0x00006b7c       0x38 ./source/lcd.o
 .text.LCD_SendByte
                0x00006bb4       0x4a ./source/lcd.o
 .text.LCD_SendCommand
                0x00006bfe       0x1e ./source/lcd.o
 .text.LCD_SendData
                0x00006c1c       0x1e ./source/lcd.o
 .text.LCD_WriteChar
                0x00006c3a       0x1a ./source/lcd.o
                0x00006c3a                LCD_WriteChar
 .text.LCD_WriteString
                0x00006c54       0x2a ./source/lcd.o
                0x00006c54                LCD_WriteString
 .text.LCD_SetCursor
                0x00006c7e       0x3e ./source/lcd.o
                0x00006c7e                LCD_SetCursor
 .text.LCD_ClearLine
                0x00006cbc       0x3e ./source/lcd.o
                0x00006cbc                LCD_ClearLine
 .text.LCD_Printf
                0x00006cfa       0x30 ./source/lcd.o
                0x00006cfa                LCD_Printf
 .text.HardFault_Handler
                0x00006d2a       0x36 ./source/semihost_hardfault.o
                0x00006d2a                HardFault_Handler
 .text.GPIO_PinWrite
                0x00006d60       0x36 ./source/tasks.o
 .text.GPIO_PinRead
                0x00006d96       0x24 ./source/tasks.o
 .text.Monitor_Task
                0x00006dba       0x10 ./source/tasks.o
                0x00006dba                Monitor_Task
 .text.Idle_Task
                0x00006dca        0xe ./source/tasks.o
                0x00006dca                Idle_Task
 .text.RTC_Task
                0x00006dd8        0xc ./source/tasks.o
                0x00006dd8                RTC_Task
 .text.LCD_Task
                0x00006de4        0xc ./source/tasks.o
                0x00006de4                LCD_Task
 .text.IR_Task  0x00006df0        0xe ./source/tasks.o
                0x00006df0                IR_Task
 .text.GPIO_PinWrite
                0x00006dfe       0x36 ./source/ultrasonic.o
 .text.GPIO_PinRead
                0x00006e34       0x24 ./source/ultrasonic.o
 .text.CLOCK_GetPll0OutFreq
                0x00006e58       0x88 ./drivers/fsl_clock.o
                0x00006e58                CLOCK_GetPll0OutFreq
 .text.DelayLoop
                0x00006ee0       0x20 ./drivers/fsl_common_arm.o
 .text.CTIMER_GetStatusFlags
                0x00006f00       0x18 ./drivers/fsl_ctimer.o
 .text.CTIMER_ClearStatusFlags
                0x00006f18       0x1c ./drivers/fsl_ctimer.o
 .text.CTIMER0_DriverIRQHandler
                0x00006f34        0xe ./drivers/fsl_ctimer.o
                0x00006f34                CTIMER0_DriverIRQHandler
 .text.CTIMER1_DriverIRQHandler
                0x00006f42        0xe ./drivers/fsl_ctimer.o
                0x00006f42                CTIMER1_DriverIRQHandler
 .text.CTIMER2_DriverIRQHandler
                0x00006f50        0xe ./drivers/fsl_ctimer.o
                0x00006f50                CTIMER2_DriverIRQHandler
 .text.CTIMER3_DriverIRQHandler
                0x00006f5e        0xe ./drivers/fsl_ctimer.o
                0x00006f5e                CTIMER3_DriverIRQHandler
 .text.CTIMER4_DriverIRQHandler
                0x00006f6c        0xe ./drivers/fsl_ctimer.o
                0x00006f6c                CTIMER4_DriverIRQHandler
 .text.GPIO_PinWrite
                0x00006f7a       0x36 ./drivers/fsl_gpio.o
 .text.DisableGlobalIRQ
                0x00006fb0       0x22 ./drivers/fsl_irtc.o
 .text.EnableGlobalIRQ
                0x00006fd2       0x20 ./drivers/fsl_irtc.o
 .text.IRTC_Reset
                0x00006ff2       0x24 ./drivers/fsl_irtc.o
 .text.IRTC_SetWriteProtection
                0x00007016       0x9a ./drivers/fsl_irtc.o
                0x00007016                IRTC_SetWriteProtection
 .text.LP_FLEXCOMM_PeripheralIsPresent
                0x000070b0       0x52 ./drivers/fsl_lpflexcomm.o
 .text.LP_FLEXCOMM0_DriverIRQHandler
                0x00007102        0xe ./drivers/fsl_lpflexcomm.o
                0x00007102                LP_FLEXCOMM0_DriverIRQHandler
 .text.LP_FLEXCOMM1_DriverIRQHandler
                0x00007110        0xe ./drivers/fsl_lpflexcomm.o
                0x00007110                LP_FLEXCOMM1_DriverIRQHandler
 .text.LP_FLEXCOMM2_DriverIRQHandler
                0x0000711e        0xe ./drivers/fsl_lpflexcomm.o
                0x0000711e                LP_FLEXCOMM2_DriverIRQHandler
 .text.LP_FLEXCOMM3_DriverIRQHandler
                0x0000712c        0xe ./drivers/fsl_lpflexcomm.o
                0x0000712c                LP_FLEXCOMM3_DriverIRQHandler
 .text.LP_FLEXCOMM4_DriverIRQHandler
                0x0000713a        0xe ./drivers/fsl_lpflexcomm.o
                0x0000713a                LP_FLEXCOMM4_DriverIRQHandler
 .text.LP_FLEXCOMM5_DriverIRQHandler
                0x00007148        0xe ./drivers/fsl_lpflexcomm.o
                0x00007148                LP_FLEXCOMM5_DriverIRQHandler
 .text.LP_FLEXCOMM6_DriverIRQHandler
                0x00007156        0xe ./drivers/fsl_lpflexcomm.o
                0x00007156                LP_FLEXCOMM6_DriverIRQHandler
 .text.LP_FLEXCOMM7_DriverIRQHandler
                0x00007164        0xe ./drivers/fsl_lpflexcomm.o
                0x00007164                LP_FLEXCOMM7_DriverIRQHandler
 .text.LPI2C_MasterReset
                0x00007172       0x20 ./drivers/fsl_lpi2c.o
 .text.LPI2C_MasterEnable
                0x00007192       0x32 ./drivers/fsl_lpi2c.o
 .text.LPI2C_MasterGetStatusFlags
                0x000071c4       0x18 ./drivers/fsl_lpi2c.o
 .text.LPI2C_MasterClearStatusFlags
                0x000071dc       0x1c ./drivers/fsl_lpi2c.o
 .text.LPI2C_MasterSetWatermarks
                0x000071f8       0x2c ./drivers/fsl_lpi2c.o
 .text.LPI2C_MasterGetFifoCounts
                0x00007224       0x3e ./drivers/fsl_lpi2c.o
 .text.LPI2C_MasterCheckAndClearError
                0x00007262       0x80 ./drivers/fsl_lpi2c.o
                0x00007262                LPI2C_MasterCheckAndClearError
 .text.LPI2C_MasterWaitForTxReady
                0x000072e2       0x52 ./drivers/fsl_lpi2c.o
 .text.LPI2C_CheckForBusyBus
                0x00007334       0x38 ./drivers/fsl_lpi2c.o
                0x00007334                LPI2C_CheckForBusyBus
 .text.LPI2C_MasterStop
                0x0000736c       0x5c ./drivers/fsl_lpi2c.o
                0x0000736c                LPI2C_MasterStop
 .text.LPUART_SoftwareReset
                0x000073c8       0x2c ./drivers/fsl_lpuart.o
 .text.SPC_GetActiveModeBandgapMode
                0x000073f4       0x22 ./drivers/fsl_spc.o
 .text.SPC_GetActiveModeVoltageDetectStatus
                0x00007416       0x22 ./drivers/fsl_spc.o
 .text.SPC_GetLowPowerModeVoltageDetectStatus
                0x00007438       0x22 ./drivers/fsl_spc.o
 .text.SPC_GetActiveModeCoreLDOVDDVoltageLevel
                0x0000745a       0x22 ./drivers/fsl_spc.o
 .text.SPC_GetActiveModeCoreLDODriveStrength
                0x0000747c       0x22 ./drivers/fsl_spc.o
 .text.SPC_SetActiveModeDCDCRegulatorVoltageLevel
                0x0000749e       0x32 ./drivers/fsl_spc.o
 .text.SPC_SetLowPowerModeBandgapmodeConfig
                0x000074d0       0xa8 ./drivers/fsl_spc.o
                0x000074d0                SPC_SetLowPowerModeBandgapmodeConfig
 .text.SPC_SetActiveModeCoreLDORegulatorVoltageLevel
                0x00007578       0x60 ./drivers/fsl_spc.o
                0x00007578                SPC_SetActiveModeCoreLDORegulatorVoltageLevel
 .text.SPC_SetActiveModeCoreLDORegulatorDriveStrength
                0x000075d8       0x5e ./drivers/fsl_spc.o
                0x000075d8                SPC_SetActiveModeCoreLDORegulatorDriveStrength
 .text.SPC_SetActiveModeDCDCRegulatorDriveStrength
                0x00007636       0x48 ./drivers/fsl_spc.o
                0x00007636                SPC_SetActiveModeDCDCRegulatorDriveStrength
 .text.SystemInitHook
                0x0000767e        0xe ./device/system_MCXN236.o
                0x0000767e                SystemInitHook
 .text.HAL_UartGetStatus
                0x0000768c       0x28 ./component/uart/fsl_adapter_lpuart.o
 .text.DisableGlobalIRQ
                0x000076b4       0x22 ./component/serial_manager/fsl_component_serial_manager.o
 .text.EnableGlobalIRQ
                0x000076d6       0x20 ./component/serial_manager/fsl_component_serial_manager.o
 .text.SerialManager_StartWriting
                0x000076f6       0x38 ./component/serial_manager/fsl_component_serial_manager.o
 .text.SerialManager_Write
                0x0000772e       0x44 ./component/serial_manager/fsl_component_serial_manager.o
 .text.SerialManager_Init
                0x00007772       0x60 ./component/serial_manager/fsl_component_serial_manager.o
                0x00007772                SerialManager_Init
 .text.SerialManager_OpenWriteHandle
                0x000077d2       0x50 ./component/serial_manager/fsl_component_serial_manager.o
                0x000077d2                SerialManager_OpenWriteHandle
 .text.SerialManager_OpenReadHandle
                0x00007822       0x60 ./component/serial_manager/fsl_component_serial_manager.o
                0x00007822                SerialManager_OpenReadHandle
 .text.SerialManager_WriteBlocking
                0x00007882       0x20 ./component/serial_manager/fsl_component_serial_manager.o
                0x00007882                SerialManager_WriteBlocking
 .text.Serial_UartInit
                0x000078a2       0x3e ./component/serial_manager/fsl_component_serial_port_uart.o
                0x000078a2                Serial_UartInit
 .text.Serial_UartWrite
                0x000078e0       0x38 ./component/serial_manager/fsl_component_serial_port_uart.o
                0x000078e0                Serial_UartWrite
 .text.BOARD_InitBootClocks
                0x00007918        0xc ./board/clock_config.o
                0x00007918                BOARD_InitBootClocks
 .text.BOARD_InitPeripherals
                0x00007924        0xc ./board/peripherals.o
                0x00007924                BOARD_InitPeripherals
 .text.BOARD_InitBootPeripherals
                0x00007930        0xc ./board/peripherals.o
                0x00007930                BOARD_InitBootPeripherals
 .text.PORT_SetPinMux
                0x0000793c       0x3e ./board/pin_mux.o
 .text.BOARD_InitBootPins
                0x0000797a        0xc ./board/pin_mux.o
                0x0000797a                BOARD_InitBootPins
 .text.__main   0x00007986        0xe C:/nxp/MCUXpressoIDE_25.6.136/ide/plugins/com.nxp.mcuxpresso.tools.win32_25.6.0.202501151204/tools/bin/../lib/gcc/arm-none-eabi/14.2.1/../../../../arm-none-eabi/lib/thumb/v8-m.main+fp/hard\libcr_nohost_nf.a(_cr__main.o)
                0x00007986                __main
 .text.memcpy   0x00007994        0x4 C:/nxp/MCUXpressoIDE_25.6.136/ide/plugins/com.nxp.mcuxpresso.tools.win32_25.6.0.202501151204/tools/bin/../lib/gcc/arm-none-eabi/14.2.1/../../../../arm-none-eabi/lib/thumb/v8-m.main+fp/hard\libcr_c.a(memcpy.o)
                0x00007994                memcpy
 .text.memset   0x00007998        0x4 C:/nxp/MCUXpressoIDE_25.6.136/ide/plugins/com.nxp.mcuxpresso.tools.win32_25.6.0.202501151204/tools/bin/../lib/gcc/arm-none-eabi/14.2.1/../../../../arm-none-eabi/lib/thumb/v8-m.main+fp/hard\libcr_c.a(memset.o)
                0x00007998                memset
 .text.free     0x0000799c       0x30 C:/nxp/MCUXpressoIDE_25.6.136/ide/plugins/com.nxp.mcuxpresso.tools.win32_25.6.0.202501151204/tools/bin/../lib/gcc/arm-none-eabi/14.2.1/../../../../arm-none-eabi/lib/thumb/v8-m.main+fp/hard\libcr_c.a(alloc.o)
                0x0000799c                free
 .text.no_fp_display
                0x000079cc        0x4 C:/nxp/MCUXpressoIDE_25.6.136/ide/plugins/com.nxp.mcuxpresso.tools.win32_25.6.0.202501151204/tools/bin/../lib/gcc/arm-none-eabi/14.2.1/../../../../arm-none-eabi/lib/thumb/v8-m.main+fp/hard\libcr_c.a(printf.o)
 .text.setvbuf  0x000079d0       0x3e C:/nxp/MCUXpressoIDE_25.6.136/ide/plugins/com.nxp.mcuxpresso.tools.win32_25.6.0.202501151204/tools/bin/../lib/gcc/arm-none-eabi/14.2.1/../../../../arm-none-eabi/lib/thumb/v8-m.main+fp/hard\libcr_c.a(setvbuf.o)
                0x000079d0                setvbuf
 .text.abs      0x00007a0e        0x8 C:/nxp/MCUXpressoIDE_25.6.136/ide/plugins/com.nxp.mcuxpresso.tools.win32_25.6.0.202501151204/tools/bin/../lib/gcc/arm-none-eabi/14.2.1/../../../../arm-none-eabi/lib/thumb/v8-m.main+fp/hard\libcr_c.a(stdlib.o)
                0x00007a0e                abs
 .text.strcmp   0x00007a16       0x44 C:/nxp/MCUXpressoIDE_25.6.136/ide/plugins/com.nxp.mcuxpresso.tools.win32_25.6.0.202501151204/tools/bin/../lib/gcc/arm-none-eabi/14.2.1/../../../../arm-none-eabi/lib/thumb/v8-m.main+fp/hard\libcr_c.a(strcmp.o)
                0x00007a16                strcmp
 .text.strcpy   0x00007a5a       0x42 C:/nxp/MCUXpressoIDE_25.6.136/ide/plugins/com.nxp.mcuxpresso.tools.win32_25.6.0.202501151204/tools/bin/../lib/gcc/arm-none-eabi/14.2.1/../../../../arm-none-eabi/lib/thumb/v8-m.main+fp/hard\libcr_c.a(strcpy.o)
                0x00007a5a                strcpy
 .text.strlen   0x00007a9c       0x4e C:/nxp/MCUXpressoIDE_25.6.136/ide/plugins/com.nxp.mcuxpresso.tools.win32_25.6.0.202501151204/tools/bin/../lib/gcc/arm-none-eabi/14.2.1/../../../../arm-none-eabi/lib/thumb/v8-m.main+fp/hard\libcr_c.a(strlen.o)
                0x00007a9c                strlen
 .text.strncpy  0x00007aea       0x58 C:/nxp/MCUXpressoIDE_25.6.136/ide/plugins/com.nxp.mcuxpresso.tools.win32_25.6.0.202501151204/tools/bin/../lib/gcc/arm-none-eabi/14.2.1/../../../../arm-none-eabi/lib/thumb/v8-m.main+fp/hard\libcr_c.a(strncpy.o)
                0x00007aea                strncpy
 .text._deferredlazyseek
                0x00007b42       0x40 C:/nxp/MCUXpressoIDE_25.6.136/ide/plugins/com.nxp.mcuxpresso.tools.win32_25.6.0.202501151204/tools/bin/../lib/gcc/arm-none-eabi/14.2.1/../../../../arm-none-eabi/lib/thumb/v8-m.main+fp/hard\libcr_c.a(_deferredlazyseek.o)
                0x00007b42                _deferredlazyseek
 .text.__flsbuf
                0x00007b82      0x12a C:/nxp/MCUXpressoIDE_25.6.136/ide/plugins/com.nxp.mcuxpresso.tools.win32_25.6.0.202501151204/tools/bin/../lib/gcc/arm-none-eabi/14.2.1/../../../../arm-none-eabi/lib/thumb/v8-m.main+fp/hard\libcr_c.a(_deferredlazyseek.o)
                0x00007b82                __flsbuf
 .text._fdopen  0x00007cac       0x68 C:/nxp/MCUXpressoIDE_25.6.136/ide/plugins/com.nxp.mcuxpresso.tools.win32_25.6.0.202501151204/tools/bin/../lib/gcc/arm-none-eabi/14.2.1/../../../../arm-none-eabi/lib/thumb/v8-m.main+fp/hard\libcr_c.a(_fdopen.o)
                0x00007cac                _fdopen
 .text._fflush  0x00007d14       0x52 C:/nxp/MCUXpressoIDE_25.6.136/ide/plugins/com.nxp.mcuxpresso.tools.win32_25.6.0.202501151204/tools/bin/../lib/gcc/arm-none-eabi/14.2.1/../../../../arm-none-eabi/lib/thumb/v8-m.main+fp/hard\libcr_c.a(_fflush.o)
                0x00007d14                _fflush
 .text.fclose   0x00007d66       0x58 C:/nxp/MCUXpressoIDE_25.6.136/ide/plugins/com.nxp.mcuxpresso.tools.win32_25.6.0.202501151204/tools/bin/../lib/gcc/arm-none-eabi/14.2.1/../../../../arm-none-eabi/lib/thumb/v8-m.main+fp/hard\libcr_c.a(fclose.o)
                0x00007d66                fclose
 .text.remove   0x00007dbe       0x14 C:/nxp/MCUXpressoIDE_25.6.136/ide/plugins/com.nxp.mcuxpresso.tools.win32_25.6.0.202501151204/tools/bin/../lib/gcc/arm-none-eabi/14.2.1/../../../../arm-none-eabi/lib/thumb/v8-m.main+fp/hard\libcr_c.a(remove.o)
                0x00007dbe                remove
 .text._do_fflush
                0x00007dd2       0x40 C:/nxp/MCUXpressoIDE_25.6.136/ide/plugins/com.nxp.mcuxpresso.tools.win32_25.6.0.202501151204/tools/bin/../lib/gcc/arm-none-eabi/14.2.1/../../../../arm-none-eabi/lib/thumb/v8-m.main+fp/hard\libcr_c.a(_do_fflush.o)
                0x00007dd2                _do_fflush
 .text.__aeabi_division_uldivmod
                0x00007e12      0x174 C:/nxp/MCUXpressoIDE_25.6.136/ide/plugins/com.nxp.mcuxpresso.tools.win32_25.6.0.202501151204/tools/bin/../lib/gcc/arm-none-eabi/14.2.1/thumb/v8-m.main+fp/hard\libcr_eabihelpers.a(division_64.o)
                0x00007e12                __aeabi_uldivmod
                0x00007e16                __bhs_ldivmod1
 .text.__aeabi_division_idiv0
                0x00007f86        0x2 C:/nxp/MCUXpressoIDE_25.6.136/ide/plugins/com.nxp.mcuxpresso.tools.win32_25.6.0.202501151204/tools/bin/../lib/gcc/arm-none-eabi/14.2.1/thumb/v8-m.main+fp/hard\libcr_eabihelpers.a(division_idiv0.o)
                0x00007f86                __aeabi_idiv0
 .text.__aeabi_f2ulz
                0x00007f88       0x3e C:/nxp/MCUXpressoIDE_25.6.136/ide/plugins/com.nxp.mcuxpresso.tools.win32_25.6.0.202501151204/tools/bin/../lib/gcc/arm-none-eabi/14.2.1/thumb/v8-m.main+fp/hard\libcr_eabihelpers.a(float.o)
                0x00007f88                __aeabi_f2ulz
 .text.__aeabi_memcpy
                0x00007fc6       0x34 C:/nxp/MCUXpressoIDE_25.6.136/ide/plugins/com.nxp.mcuxpresso.tools.win32_25.6.0.202501151204/tools/bin/../lib/gcc/arm-none-eabi/14.2.1/thumb/v8-m.main+fp/hard\libcr_eabihelpers.a(memcpy.o)
                0x00007fc6                __aeabi_memcpy
                0x00007fd0                __aeabi_memcpy8
                0x00007fd0                __aeabi_memcpy4
 .text.__aeabi_memset_lowlevel
                0x00007ffa       0x32 C:/nxp/MCUXpressoIDE_25.6.136/ide/plugins/com.nxp.mcuxpresso.tools.win32_25.6.0.202501151204/tools/bin/../lib/gcc/arm-none-eabi/14.2.1/thumb/v8-m.main+fp/hard\libcr_eabihelpers.a(memcpy.o)
                0x00007ffa                __aeabi_lowlevel_memset
 .text.__sys_appexit
                0x0000802c        0x2 C:/nxp/MCUXpressoIDE_25.6.136/ide/plugins/com.nxp.mcuxpresso.tools.win32_25.6.0.202501151204/tools/bin/../lib/gcc/arm-none-eabi/14.2.1/../../../../arm-none-eabi/lib/thumb/v8-m.main+fp/hard\libcr_nohost_nf.a(__sys_appexit.o)
                0x0000802c                __sys_appexit
                0x0000802c                __exit
 .text.__sys_close
                0x0000802e        0x6 C:/nxp/MCUXpressoIDE_25.6.136/ide/plugins/com.nxp.mcuxpresso.tools.win32_25.6.0.202501151204/tools/bin/../lib/gcc/arm-none-eabi/14.2.1/../../../../arm-none-eabi/lib/thumb/v8-m.main+fp/hard\libcr_nohost_nf.a(__sys_close.o)
                0x0000802e                __sys_close
 .text.__sys_flen
                0x00008034        0x6 C:/nxp/MCUXpressoIDE_25.6.136/ide/plugins/com.nxp.mcuxpresso.tools.win32_25.6.0.202501151204/tools/bin/../lib/gcc/arm-none-eabi/14.2.1/../../../../arm-none-eabi/lib/thumb/v8-m.main+fp/hard\libcr_nohost_nf.a(__sys_flen.o)
                0x00008034                __sys_flen
 .text.__sys_istty
                0x0000803a        0x6 C:/nxp/MCUXpressoIDE_25.6.136/ide/plugins/com.nxp.mcuxpresso.tools.win32_25.6.0.202501151204/tools/bin/../lib/gcc/arm-none-eabi/14.2.1/../../../../arm-none-eabi/lib/thumb/v8-m.main+fp/hard\libcr_nohost_nf.a(__sys_istty.o)
                0x0000803a                __sys_istty
 .text.__sys_remove
                0x00008040        0x6 C:/nxp/MCUXpressoIDE_25.6.136/ide/plugins/com.nxp.mcuxpresso.tools.win32_25.6.0.202501151204/tools/bin/../lib/gcc/arm-none-eabi/14.2.1/../../../../arm-none-eabi/lib/thumb/v8-m.main+fp/hard\libcr_nohost_nf.a(__sys_remove.o)
                0x00008040                __sys_remove
 .text.__sys_seek
                0x00008046        0x6 C:/nxp/MCUXpressoIDE_25.6.136/ide/plugins/com.nxp.mcuxpresso.tools.win32_25.6.0.202501151204/tools/bin/../lib/gcc/arm-none-eabi/14.2.1/../../../../arm-none-eabi/lib/thumb/v8-m.main+fp/hard\libcr_nohost_nf.a(__sys_seek.o)
                0x00008046                __sys_seek
 .text.__sys_tmpnam
                0x0000804c        0x6 C:/nxp/MCUXpressoIDE_25.6.136/ide/plugins/com.nxp.mcuxpresso.tools.win32_25.6.0.202501151204/tools/bin/../lib/gcc/arm-none-eabi/14.2.1/../../../../arm-none-eabi/lib/thumb/v8-m.main+fp/hard\libcr_nohost_nf.a(__sys_tmpnam.o)
                0x0000804c                __sys_tmpnam
 .text.__sys_write
                0x00008052        0x4 C:/nxp/MCUXpressoIDE_25.6.136/ide/plugins/com.nxp.mcuxpresso.tools.win32_25.6.0.202501151204/tools/bin/../lib/gcc/arm-none-eabi/14.2.1/../../../../arm-none-eabi/lib/thumb/v8-m.main+fp/hard\libcr_nohost_nf.a(__sys_write.o)
                0x00008052                __sys_write
 *(SORT_BY_ALIGNMENT(.rodata) SORT_BY_ALIGNMENT(.rodata.*) SORT_BY_ALIGNMENT(.constdata) SORT_BY_ALIGNMENT(.constdata.*))
 *fill*         0x00008056        0x2 ff
 .rodata.__assertion_failed.str1.4
                0x00008058      0xe8d ./utilities/fsl_assert.o
                                 0x14 (size before relaxing)
 .rodata.StateToString.str1.4
                0x00008ee5       0x2c ./source/dashboard.o
 .rodata.TimerMode.str1.4
                0x00008ee5        0xd ./source/dashboard.o
 .rodata.TimerState.str1.4
                0x00008ee5        0x8 ./source/dashboard.o
 .rodata.Dashboard_Print.str1.4
                0x00008ee5      0x405 ./source/dashboard.o
 .rodata.Dashboard_DrawDHT.str1.4
                0x00008ee5       0x14 ./source/lcd_dashboard.o
 .rodata.Dashboard_DrawHeader.str1.4
                0x00008ee5        0xf ./source/lcd_dashboard.o
 .rodata.Dashboard_DrawSystem.str1.4
                0x00008ee5        0xb ./source/lcd_dashboard.o
 .rodata.Dashboard_DrawScheduler.str1.4
                0x00008ee5        0xb ./source/lcd_dashboard.o
 .rodata.Dashboard_DrawSensor.str1.4
                0x00008ee5       0x30 ./source/lcd_dashboard.o
 .rodata.Dashboard_DrawStatus.str1.4
                0x00008ee5        0x8 ./source/lcd_dashboard.o
 .rodata.main.str1.4
                0x00008ee5       0x91 ./source/main.o
 *fill*         0x00008ee5        0x3 ff
 .rodata        0x00008ee8        0x2 ./source/main.o
 .rodata.RTC_DriverInit.str1.4
                0x00008eea       0x26 ./source/rtc.o
 .rodata.Scheduler_AddTask.str1.4
                0x00008eea        0x5 ./source/scheduler.o
 .rodata.Ultrasonic_Task.str1.4
                0x00008eea       0x14 ./source/tasks.o
 .rodata.DHT_Task.str1.4
                0x00008eea       0x12 ./source/tasks.o
 .rodata.CLOCK_AttachClk.str1.4
                0x00008eea       0x58 ./drivers/fsl_clock.o
 .rodata.SDK_DelayAtLeastUs.str1.4
                0x00008eea       0x2b ./drivers/fsl_common_arm.o
 *fill*         0x00008eea        0x2 ff
 .rodata.s_ctimerBases
                0x00008eec       0x14 ./drivers/fsl_ctimer.o
 .rodata.CLOCK_EnableClock.str1.4
                0x00008f00       0x36 ./drivers/fsl_gpio.o
 .rodata.CLOCK_DisableClock.str1.4
                0x00008f00       0x36 ./drivers/fsl_gpio.o
 .rodata.s_gpioBases
                0x00008f00       0x30 ./drivers/fsl_gpio.o
 .rodata.s_gpioClockName
                0x00008f30        0xc ./drivers/fsl_gpio.o
 .rodata.GPIO_GetInstance.str1.4
                0x00008f3c       0x34 ./drivers/fsl_gpio.o
 .rodata.GPIO_PortClockEnable.str1.4
                0x00008f3c       0x38 ./drivers/fsl_gpio.o
 .rodata.GPIO_PinInit.str1.4
                0x00008f3c       0x20 ./drivers/fsl_gpio.o
 .rodata.CLOCK_EnableClock.str1.4
                0x00008f3c       0x36 ./drivers/fsl_irtc.o
 .rodata.IRTC_CheckDatetimeFormat.str1.4
                0x00008f3c       0x21 ./drivers/fsl_irtc.o
 .rodata        0x00008f3c        0xd ./drivers/fsl_irtc.o
 .rodata.IRTC_Init.str1.4
                0x00008f49       0x20 ./drivers/fsl_irtc.o
 .rodata.IRTC_GetDefaultConfig.str1.4
                0x00008f49       0x20 ./drivers/fsl_irtc.o
 .rodata.IRTC_SetDatetime.str1.4
                0x00008f49       0x22 ./drivers/fsl_irtc.o
 .rodata.IRTC_GetDatetime.str1.4
                0x00008f49       0x22 ./drivers/fsl_irtc.o
 .rodata.CLOCK_EnableClock.str1.4
                0x00008f49       0x36 ./drivers/fsl_lpflexcomm.o
 *fill*         0x00008f49        0x3 ff
 .rodata.s_lpflexcommBaseAddrs
                0x00008f4c       0x20 ./drivers/fsl_lpflexcomm.o
 .rodata.s_lpflexcommBase
                0x00008f6c       0x20 ./drivers/fsl_lpflexcomm.o
 .rodata.s_lpflexcommClocks
                0x00008f8c       0x10 ./drivers/fsl_lpflexcomm.o
 .rodata.s_lpflexcommResets
                0x00008f9c       0x20 ./drivers/fsl_lpflexcomm.o
 .rodata.LP_FLEXCOMM_SetPeriph.str1.4
                0x00008fbc       0x43 ./drivers/fsl_lpflexcomm.o
 .rodata.LP_FLEXCOMM_Init.str1.4
                0x00008fbc       0x49 ./drivers/fsl_lpflexcomm.o
 .rodata.CLOCK_EnableClock.str1.4
                0x00008fbc       0x36 ./drivers/fsl_lpi2c.o
 .rodata.kLpi2cBases
                0x00008fbc       0x20 ./drivers/fsl_lpi2c.o
 .rodata.kLpi2cClocks
                0x00008fdc       0x10 ./drivers/fsl_lpi2c.o
 .rodata.LPI2C_GetInstance.str1.4
                0x00008fec       0x35 ./drivers/fsl_lpi2c.o
 .rodata.LPI2C_GetCyclesForWidth.str1.4
                0x00008fec       0x26 ./drivers/fsl_lpi2c.o
 .rodata.LPI2C_MasterInit.str1.4
                0x00008fec       0x18 ./drivers/fsl_lpi2c.o
 .rodata.LPI2C_MasterReceive.str1.4
                0x00008fec       0x21 ./drivers/fsl_lpi2c.o
 .rodata.LPI2C_MasterSend.str1.4
                0x00008fec       0x21 ./drivers/fsl_lpi2c.o
 .rodata.LPI2C_MasterTransferBlocking.str1.4
                0x00008fec       0x6f ./drivers/fsl_lpi2c.o
 .rodata.s_lpuartBases
                0x00008fec       0x20 ./drivers/fsl_lpuart.o
 .rodata.LPUART_GetInstance.str1.4
                0x0000900c       0x38 ./drivers/fsl_lpuart.o
 .rodata.LPUART_Init.str1.4
                0x0000900c      0x10a ./drivers/fsl_lpuart.o
 .rodata.LPUART_GetDefaultConfig.str1.4
                0x0000900c       0x22 ./drivers/fsl_lpuart.o
 .rodata.LPUART_WriteBlocking.str1.4
                0x0000900c       0x21 ./drivers/fsl_lpuart.o
 .rodata.RESET_ClearPeripheralReset.str1.4
                0x0000900c       0x57 ./drivers/fsl_reset.o
 .rodata.SPC_SetSRAMOperateVoltage.str1.4
                0x0000900c       0x1f ./drivers/fsl_spc.o
 .rodata.SPC_SetActiveModeCoreLDORegulatorConfig.str1.4
                0x0000900c       0x1f ./drivers/fsl_spc.o
 .rodata.SPC_SetActiveModeDCDCRegulatorConfig.str1.4
                0x0000900c       0x20 ./drivers/fsl_spc.o
 .rodata.s_LpuartAdapterBase
                0x0000900c       0x20 ./component/uart/fsl_adapter_lpuart.o
 .rodata.HAL_UartInit.str1.4
                0x0000902c      0x116 ./component/uart/fsl_adapter_lpuart.o
 .rodata.HAL_UartSendBlocking.str1.4
                0x0000902c       0x7b ./component/uart/fsl_adapter_lpuart.o
 .rodata.CLOCK_EnableClock.str1.4
                0x0000902c       0x93 ./board/clock_config.o
 .rodata        0x0000902c       0x22 ./board/clock_config.o
 *fill*         0x0000904e        0x2 ff
 .rodata.LP_FLEXCOMM0_masterConfig
                0x00009050       0x1c ./board/peripherals.o
                0x00009050                LP_FLEXCOMM0_masterConfig
 .rodata.CLOCK_EnableClock.str1.4
                0x0000906c       0x93 ./board/pin_mux.o
 .rodata.PORT_SetPinConfig.str1.4
                0x0000906c       0x7d ./board/pin_mux.o
 .rodata.__num_Ciob_streams
                0x0000906c        0x4 C:/nxp/MCUXpressoIDE_25.6.136/ide/plugins/com.nxp.mcuxpresso.tools.win32_25.6.0.202501151204/tools/bin/../lib/gcc/arm-none-eabi/14.2.1/../../../../arm-none-eabi/lib/thumb/v8-m.main+fp/hard\libcr_nohost_nf.a(__ciob.o)
                0x0000906c                __num_Ciob_streams
 .rodata._Csys_alloc.str1.1
                0x00009070       0x53 C:/nxp/MCUXpressoIDE_25.6.136/ide/plugins/com.nxp.mcuxpresso.tools.win32_25.6.0.202501151204/tools/bin/../lib/gcc/arm-none-eabi/14.2.1/../../../../arm-none-eabi/lib/thumb/v8-m.main+fp/hard\libcr_c.a(alloc.o)
                                 0x18 (size before relaxing)
 .rodata._initio.str1.1
                0x000090c3        0x4 C:/nxp/MCUXpressoIDE_25.6.136/ide/plugins/com.nxp.mcuxpresso.tools.win32_25.6.0.202501151204/tools/bin/../lib/gcc/arm-none-eabi/14.2.1/../../../../arm-none-eabi/lib/thumb/v8-m.main+fp/hard\libcr_c.a(initio.o)
 .rodata.__vfprintf.str1.1
                0x000090c3       0x38 C:/nxp/MCUXpressoIDE_25.6.136/ide/plugins/com.nxp.mcuxpresso.tools.win32_25.6.0.202501151204/tools/bin/../lib/gcc/arm-none-eabi/14.2.1/../../../../arm-none-eabi/lib/thumb/v8-m.main+fp/hard\libcr_c.a(printf.o)
                0x00009100                        . = ALIGN (0x4)
 *fill*         0x000090c3        0x1 ff

.glue_7         0x000090c4        0x0
 .glue_7        0x000090c4        0x0 linker stubs

.glue_7t        0x000090c4        0x0
 .glue_7t       0x000090c4        0x0 linker stubs

.vfp11_veneer   0x000090c4        0x0
 .vfp11_veneer  0x000090c4        0x0 linker stubs

.v4_bx          0x000090c4        0x0
 .v4_bx         0x000090c4        0x0 linker stubs

.iplt           0x000090c4        0x0
 .iplt          0x000090c4        0x0 ./utilities/str/fsl_str.o

.rel.dyn        0x000090c4        0x0
 .rel.iplt      0x000090c4        0x0 ./utilities/str/fsl_str.o

.ARM.extab
 *(SORT_BY_ALIGNMENT(.ARM.extab*) SORT_BY_ALIGNMENT(.gnu.linkonce.armextab.*))

.ARM.exidx      0x000090c4        0x0
                0x000090c4                        __exidx_start = .
 *(SORT_BY_ALIGNMENT(.ARM.exidx*) SORT_BY_ALIGNMENT(.gnu.linkonce.armexidx.*))
                0x000090c4                        __exidx_end = .
                0x000090c4                        _etext = .

.data_RAM2      0x04000000        0x0 load address 0x000090c4
 FILL mask 0xff
                [!provide]                        PROVIDE (__start_data_RAM2 = .)
                [!provide]                        PROVIDE (__start_data_SRAMX = .)
 *(SORT_BY_ALIGNMENT(.ramfunc.$RAM2))
 *(SORT_BY_ALIGNMENT(.ramfunc.$SRAMX))
 *(SORT_BY_ALIGNMENT(.data.$RAM2))
 *(SORT_BY_ALIGNMENT(.data.$SRAMX))
 *(SORT_BY_ALIGNMENT(.data.$RAM2.*))
 *(SORT_BY_ALIGNMENT(.data.$SRAMX.*))
                0x04000000                        . = ALIGN (0x4)
                [!provide]                        PROVIDE (__end_data_RAM2 = .)
                [!provide]                        PROVIDE (__end_data_SRAMX = .)

.uninit_RESERVED
                0x20000000        0x0
                0x20000000                        _start_uninit_RESERVED = .
 *(SORT_BY_ALIGNMENT(.bss.$RESERVED*))
                0x20000000                        . = ALIGN (0x4)
                0x20000000                        _end_uninit_RESERVED = .

.data           0x20000000       0x10 load address 0x000090c4
 FILL mask 0xff
                0x20000000                        _data = .
                [!provide]                        PROVIDE (__start_data_RAM = .)
                [!provide]                        PROVIDE (__start_data_SRAM = .)
 *(SORT_BY_ALIGNMENT(vtable))
 *(SORT_BY_ALIGNMENT(.ramfunc*))
 *(SORT_BY_ALIGNMENT(CodeQuickAccess))
 *(SORT_BY_ALIGNMENT(DataQuickAccess))
 *(SORT_BY_ALIGNMENT(RamFunction))
 *(SORT_BY_ALIGNMENT(.data*))
 .data.s_Ext_Clk_Freq
                0x20000000        0x4 ./drivers/fsl_clock.o
 .data.s_Xtal32_Freq
                0x20000004        0x4 ./drivers/fsl_clock.o
 .data.SystemCoreClock
                0x20000008        0x4 ./device/system_MCXN236.o
                0x20000008                SystemCoreClock
 .data.idleTaskIndex
                0x2000000c        0x1 ./source/scheduler.o
                0x20000010                        . = ALIGN (0x4)